Archive member included to satisfy reference by file (symbol)

c:/nxp/mcuxpressoide_10.1.1_606/ide/tools/bin/../lib/gcc/arm-none-eabi/6.3.1/../../../../arm-none-eabi/lib/thumb/v7e-m/fpv4-sp/hard\libcr_nohost_nf.a(_cr__main.o)
                              ./startup/startup_mk64f12.o (__main)
c:/nxp/mcuxpressoide_10.1.1_606/ide/tools/bin/../lib/gcc/arm-none-eabi/6.3.1/../../../../arm-none-eabi/lib/thumb/v7e-m/fpv4-sp/hard\libcr_nohost_nf.a(_cr_assert.o)
                              ./utilities/fsl_debug_console.o (__assertion_failed)
c:/nxp/mcuxpressoide_10.1.1_606/ide/tools/bin/../lib/gcc/arm-none-eabi/6.3.1/../../../../arm-none-eabi/lib/thumb/v7e-m/fpv4-sp/hard\libcr_nohost_nf.a(__ciob.o)
                              c:/nxp/mcuxpressoide_10.1.1_606/ide/tools/bin/../lib/gcc/arm-none-eabi/6.3.1/../../../../arm-none-eabi/lib/thumb/v7e-m/fpv4-sp/hard\libcr_nohost_nf.a(_cr_assert.o) (__Ciob)
c:/nxp/mcuxpressoide_10.1.1_606/ide/tools/bin/../lib/gcc/arm-none-eabi/6.3.1/../../../../arm-none-eabi/lib/thumb/v7e-m/fpv4-sp/hard\libcr_nohost_nf.a(__sys_appexit.o)
                              c:/nxp/mcuxpressoide_10.1.1_606/ide/tools/bin/../lib/gcc/arm-none-eabi/6.3.1/../../../../arm-none-eabi/lib/thumb/v7e-m/fpv4-sp/hard\libcr_nohost_nf.a(_cr_assert.o) (__sys_appexit)
c:/nxp/mcuxpressoide_10.1.1_606/ide/tools/bin/../lib/gcc/arm-none-eabi/6.3.1/../../../../arm-none-eabi/lib/thumb/v7e-m/fpv4-sp/hard\libcr_c.a(memcpy.o)
                              ./lwip/src/netif/ethernet.o (memcpy)
c:/nxp/mcuxpressoide_10.1.1_606/ide/tools/bin/../lib/gcc/arm-none-eabi/6.3.1/../../../../arm-none-eabi/lib/thumb/v7e-m/fpv4-sp/hard\libcr_c.a(memset.o)
                              ./utilities/fsl_debug_console.o (memset)
c:/nxp/mcuxpressoide_10.1.1_606/ide/tools/bin/../lib/gcc/arm-none-eabi/6.3.1/../../../../arm-none-eabi/lib/thumb/v7e-m/fpv4-sp/hard\libcr_c.a(_deferredlazyseek.o)
                              c:/nxp/mcuxpressoide_10.1.1_606/ide/tools/bin/../lib/gcc/arm-none-eabi/6.3.1/../../../../arm-none-eabi/lib/thumb/v7e-m/fpv4-sp/hard\libcr_nohost_nf.a(_cr_assert.o) (__flsbuf)
c:/nxp/mcuxpressoide_10.1.1_606/ide/tools/bin/../lib/gcc/arm-none-eabi/6.3.1/../../../../arm-none-eabi/lib/thumb/v7e-m/fpv4-sp/hard\libcr_c.a(_fflush.o)
                              c:/nxp/mcuxpressoide_10.1.1_606/ide/tools/bin/../lib/gcc/arm-none-eabi/6.3.1/../../../../arm-none-eabi/lib/thumb/v7e-m/fpv4-sp/hard\libcr_c.a(_deferredlazyseek.o) (_fflush)
c:/nxp/mcuxpressoide_10.1.1_606/ide/tools/bin/../lib/gcc/arm-none-eabi/6.3.1/../../../../arm-none-eabi/lib/thumb/v7e-m/fpv4-sp/hard\libcr_c.a(_writebuf.o)
                              c:/nxp/mcuxpressoide_10.1.1_606/ide/tools/bin/../lib/gcc/arm-none-eabi/6.3.1/../../../../arm-none-eabi/lib/thumb/v7e-m/fpv4-sp/hard\libcr_c.a(_deferredlazyseek.o) (_Cwritebuf)
c:/nxp/mcuxpressoide_10.1.1_606/ide/tools/bin/../lib/gcc/arm-none-eabi/6.3.1/../../../../arm-none-eabi/lib/thumb/v7e-m/fpv4-sp/hard\libcr_c.a(alloc.o)
                              ./freertos/portable/heap_3.o (malloc)
c:/nxp/mcuxpressoide_10.1.1_606/ide/tools/bin/../lib/gcc/arm-none-eabi/6.3.1/../../../../arm-none-eabi/lib/thumb/v7e-m/fpv4-sp/hard\libcr_c.a(fputs.o)
                              c:/nxp/mcuxpressoide_10.1.1_606/ide/tools/bin/../lib/gcc/arm-none-eabi/6.3.1/../../../../arm-none-eabi/lib/thumb/v7e-m/fpv4-sp/hard\libcr_nohost_nf.a(_cr_assert.o) (fputs)
c:/nxp/mcuxpressoide_10.1.1_606/ide/tools/bin/../lib/gcc/arm-none-eabi/6.3.1/../../../../arm-none-eabi/lib/thumb/v7e-m/fpv4-sp/hard\libcr_c.a(fseek.o)
                              c:/nxp/mcuxpressoide_10.1.1_606/ide/tools/bin/../lib/gcc/arm-none-eabi/6.3.1/../../../../arm-none-eabi/lib/thumb/v7e-m/fpv4-sp/hard\libcr_c.a(_deferredlazyseek.o) (fseek)
c:/nxp/mcuxpressoide_10.1.1_606/ide/tools/bin/../lib/gcc/arm-none-eabi/6.3.1/../../../../arm-none-eabi/lib/thumb/v7e-m/fpv4-sp/hard\libcr_c.a(ftell.o)
                              c:/nxp/mcuxpressoide_10.1.1_606/ide/tools/bin/../lib/gcc/arm-none-eabi/6.3.1/../../../../arm-none-eabi/lib/thumb/v7e-m/fpv4-sp/hard\libcr_c.a(fseek.o) (ftell)
c:/nxp/mcuxpressoide_10.1.1_606/ide/tools/bin/../lib/gcc/arm-none-eabi/6.3.1/../../../../arm-none-eabi/lib/thumb/v7e-m/fpv4-sp/hard\libcr_c.a(initio.o)
                              c:/nxp/mcuxpressoide_10.1.1_606/ide/tools/bin/../lib/gcc/arm-none-eabi/6.3.1/../../../../arm-none-eabi/lib/thumb/v7e-m/fpv4-sp/hard\libcr_nohost_nf.a(_cr__main.o) (_initio)
c:/nxp/mcuxpressoide_10.1.1_606/ide/tools/bin/../lib/gcc/arm-none-eabi/6.3.1/../../../../arm-none-eabi/lib/thumb/v7e-m/fpv4-sp/hard\libcr_c.a(memcmp.o)
                              ./lwip/src/netif/ethernet.o (memcmp)
c:/nxp/mcuxpressoide_10.1.1_606/ide/tools/bin/../lib/gcc/arm-none-eabi/6.3.1/../../../../arm-none-eabi/lib/thumb/v7e-m/fpv4-sp/hard\libcr_c.a(printf.o)
                              ./freertos/source/tasks.o (_sprintf)
[...]
Memory Configuration

Name             Origin             Length             Attributes
PROGRAM_FLASH    0x00000000         0x00100000         xr
SRAM_UPPER       0x20000000         0x00030000         xrw
SRAM_LOWER       0x1fff0000         0x00010000         xrw
FLEX_RAM         0x14000000         0x00001000         xrw
*default*        0x00000000         0xffffffff

Linker script and memory map

LOAD ./utilities/fsl_assert.o
LOAD ./utilities/fsl_debug_console.o
LOAD ./utilities/fsl_io.o
LOAD ./utilities/fsl_log.o
LOAD ./utilities/fsl_str.o
LOAD ./startup/startup_mk64f12.o
LOAD ./source/Wireless_Speaker.o
LOAD ./source/genericFunctions.o
LOAD ./source/semihost_hardfault.o
LOAD ./lwip/src/netif/ppp/auth.o
LOAD ./lwip/src/netif/ppp/ccp.o
LOAD ./lwip/src/netif/ppp/chap-md5.o
LOAD ./lwip/src/netif/ppp/chap-new.o
LOAD ./lwip/src/netif/ppp/chap_ms.o
LOAD ./lwip/src/netif/ppp/demand.o
LOAD ./lwip/src/netif/ppp/eap.o
LOAD ./lwip/src/netif/ppp/eui64.o
LOAD ./lwip/src/netif/ppp/fsm.o
LOAD ./lwip/src/netif/ppp/ipcp.o
LOAD ./lwip/src/netif/ppp/ipv6cp.o
LOAD ./lwip/src/netif/ppp/lcp.o
LOAD ./lwip/src/netif/ppp/lwip_ecp.o
LOAD ./lwip/src/netif/ppp/magic.o
LOAD ./lwip/src/netif/ppp/mppe.o
LOAD ./lwip/src/netif/ppp/multilink.o
LOAD ./lwip/src/netif/ppp/ppp.o
LOAD ./lwip/src/netif/ppp/pppapi.o
LOAD ./lwip/src/netif/ppp/pppcrypt.o
LOAD ./lwip/src/netif/ppp/pppoe.o
LOAD ./lwip/src/netif/ppp/pppol2tp.o
LOAD ./lwip/src/netif/ppp/pppos.o
LOAD ./lwip/src/netif/ppp/upap.o
LOAD ./lwip/src/netif/ppp/utils.o
LOAD ./lwip/src/netif/ppp/vj.o
LOAD ./lwip/src/netif/ethernet.o
LOAD ./lwip/src/netif/lowpan6.o
LOAD ./lwip/src/netif/slipif.o
LOAD ./lwip/src/core/ipv6/dhcp6.o
LOAD ./lwip/src/core/ipv6/ethip6.o
LOAD ./lwip/src/core/ipv6/icmp6.o
LOAD ./lwip/src/core/ipv6/inet6.o
LOAD ./lwip/src/core/ipv6/ip6.o
LOAD ./lwip/src/core/ipv6/ip6_addr.o
LOAD ./lwip/src/core/ipv6/ip6_frag.o
LOAD ./lwip/src/core/ipv6/mld6.o
LOAD ./lwip/src/core/ipv6/nd6.o
LOAD ./lwip/src/core/ipv4/autoip.o
LOAD ./lwip/src/core/ipv4/dhcp.o
LOAD ./lwip/src/core/ipv4/etharp.o
LOAD ./lwip/src/core/ipv4/icmp.o
LOAD ./lwip/src/core/ipv4/igmp.o
LOAD ./lwip/src/core/ipv4/ip4.o
LOAD ./lwip/src/core/ipv4/ip4_addr.o
LOAD ./lwip/src/core/ipv4/ip4_frag.o
LOAD ./lwip/src/core/def.o
LOAD ./lwip/src/core/dns.o
LOAD ./lwip/src/core/inet_chksum.o
LOAD ./lwip/src/core/init.o
LOAD ./lwip/src/core/ip.o
LOAD ./lwip/src/core/mem.o
LOAD ./lwip/src/core/memp.o
LOAD ./lwip/src/core/netif.o
LOAD ./lwip/src/core/pbuf.o
LOAD ./lwip/src/core/raw.o
LOAD ./lwip/src/core/stats.o
LOAD ./lwip/src/core/sys.o
LOAD ./lwip/src/core/tcp.o
LOAD ./lwip/src/core/tcp_in.o
LOAD ./lwip/src/core/tcp_out.o
LOAD ./lwip/src/core/timeouts.o
LOAD ./lwip/src/core/udp.o
LOAD ./lwip/src/api/api_lib.o
LOAD ./lwip/src/api/api_msg.o
LOAD ./lwip/src/api/err.o
LOAD ./lwip/src/api/netbuf.o
LOAD ./lwip/src/api/netdb.o
LOAD ./lwip/src/api/netifapi.o
LOAD ./lwip/src/api/sockets.o
LOAD ./lwip/src/api/tcpip.o
LOAD ./lwip/port/ethernetif.o
LOAD ./lwip/port/sys_arch.o
LOAD ./lwip/contrib/apps/udpecho/udpecho.o
LOAD ./lwip/contrib/apps/tcpecho/tcpecho.o
LOAD ./freertos/source/croutine.o
LOAD ./freertos/source/event_groups.o
LOAD ./freertos/source/list.o
LOAD ./freertos/source/queue.o
LOAD ./freertos/source/tasks.o
LOAD ./freertos/source/timers.o
LOAD ./freertos/portable/fsl_tickless_systick.o
LOAD ./freertos/portable/heap_3.o
LOAD ./freertos/portable/port.o
LOAD ./drivers/fsl_clock.o
LOAD ./drivers/fsl_common.o
LOAD ./drivers/fsl_dac.o
LOAD ./drivers/fsl_enet.o
LOAD ./drivers/fsl_flash.o
LOAD ./drivers/fsl_gpio.o
LOAD ./drivers/fsl_pit.o
LOAD ./drivers/fsl_sim.o
LOAD ./drivers/fsl_smc.o
LOAD ./drivers/fsl_uart.o
LOAD ./board/board.o
LOAD ./board/clock_config.o
LOAD ./board/fsl_phy.o
LOAD ./board/peripherals.o
LOAD ./board/pin_mux.o
LOAD ./CMSIS/system_MK64F12.o
START GROUP
LOAD c:/nxp/mcuxpressoide_10.1.1_606/ide/tools/bin/../lib/gcc/arm-none-eabi/6.3.1/../../../../arm-none-eabi/lib/thumb/v7e-m/fpv4-sp/hard\libcr_nohost_nf.a
LOAD c:/nxp/mcuxpressoide_10.1.1_606/ide/tools/bin/../lib/gcc/arm-none-eabi/6.3.1/../../../../arm-none-eabi/lib/thumb/v7e-m/fpv4-sp/hard\libcr_c.a
LOAD c:/nxp/mcuxpressoide_10.1.1_606/ide/tools/bin/../lib/gcc/arm-none-eabi/6.3.1/thumb/v7e-m/fpv4-sp/hard\libcr_eabihelpers.a
END GROUP
                0x00000000                __base_PROGRAM_FLASH = 0x0
                0x00000000                __base_Flash = 0x0
                0x00100000                __top_PROGRAM_FLASH = 0x100000
                0x00100000                __top_Flash = 0x100000
                0x20000000                __base_SRAM_UPPER = 0x20000000
                0x20000000                __base_RAM = 0x20000000
                0x20030000                __top_SRAM_UPPER = 0x20030000
                0x20030000                __top_RAM = 0x20030000
                0x1fff0000                __base_SRAM_LOWER = 0x1fff0000
                0x1fff0000                __base_RAM2 = 0x1fff0000
                0x20000000                __top_SRAM_LOWER = 0x20000000
                0x20000000                __top_RAM2 = 0x20000000
                0x14000000                __base_FLEX_RAM = 0x14000000
                0x14000000                __base_RAM3 = 0x14000000
                0x14001000                __top_FLEX_RAM = 0x14001000
                0x14001000                __top_RAM3 = 0x14001000

.text           0x00000000    0x182b8
 FILL mask 0xff
                0x00000000                __vectors_start__ = ABSOLUTE (.)
 *(.isr_vector)
 .isr_vector    0x00000000      0x198 ./startup/startup_mk64f12.o
                0x00000000                g_pfnVectors
                0x00000000                __Vectors
                0x00000198                . = ALIGN (0x4)
                0x00000198                __section_table_start = .
                0x00000198                __data_section_table = .
                0x00000198        0x4 LONG 0x182b8 LOADADDR (.data)
                0x0000019c        0x4 LONG 0x20000000 ADDR (.data)
                0x000001a0        0x4 LONG 0x24 SIZEOF (.data)
                0x000001a4        0x4 LONG 0x182b8 LOADADDR (.data_RAM2)
                0x000001a8        0x4 LONG 0x1fff0000 ADDR (.data_RAM2)
                0x000001ac        0x4 LONG 0x0 SIZEOF (.data_RAM2)
                0x000001b0        0x4 LONG 0x182b8 LOADADDR (.data_RAM3)
                0x000001b4        0x4 LONG 0x14000000 ADDR (.data_RAM3)
                0x000001b8        0x4 LONG 0x0 SIZEOF (.data_RAM3)
                0x000001bc                __data_section_table_end = .
                0x000001bc                __bss_section_table = .
                0x000001bc        0x4 LONG 0x20000030 ADDR (.bss)
                0x000001c0        0x4 LONG 0xd8e8 SIZEOF (.bss)
                0x000001c4        0x4 LONG 0x1fff0000 ADDR (.bss_RAM2)
                0x000001c8        0x4 LONG 0x0 SIZEOF (.bss_RAM2)
                0x000001cc        0x4 LONG 0x14000000 ADDR (.bss_RAM3)
                0x000001d0        0x4 LONG 0x0 SIZEOF (.bss_RAM3)
                0x000001d4                __bss_section_table_end = .
                0x000001d4                __section_table_end = .
 *(.after_vectors*)
 .after_vectors.init_data
                0x000001d4       0x1e ./startup/startup_mk64f12.o
                0x000001d4                data_init
 .after_vectors.init_bss
                0x000001f2       0x12 ./startup/startup_mk64f12.o
                0x000001f2                bss_init
 .after_vectors.reset
                0x00000204       0x4c ./startup/startup_mk64f12.o
                0x00000204                ResetISR
 .after_vectors
                0x00000250       0x14 ./startup/startup_mk64f12.o
                0x00000250                NMI_Handler
                0x00000254                MemManage_Handler
                0x00000256                BusFault_Handler
                0x00000258                UsageFault_Handler
                0x0000025c                DebugMon_Handler
                0x00000262                LPTMR0_DriverIRQHandler
                0x00000262                DMA_Error_DriverIRQHandler
                0x00000262                SPI1_DriverIRQHandler
                0x00000262                FTM1_DriverIRQHandler
                0x00000262                FTM2_DriverIRQHandler
                0x00000262                PIT2_DriverIRQHandler
                0x00000262                SDHC_DriverIRQHandler
                0x00000262                I2S0_Tx_DriverIRQHandler
                0x00000262                RTC_Seconds_DriverIRQHandler
                0x00000262                DMA6_DriverIRQHandler
                0x00000262                LLWU_DriverIRQHandler
                0x00000262                MCM_DriverIRQHandler
                0x00000262                MCG_DriverIRQHandler
                0x00000262                ENET_1588_Timer_DriverIRQHandler
                0x00000262                I2C2_DriverIRQHandler
                0x00000262                DAC1_DriverIRQHandler
                0x00000262                DMA12_DriverIRQHandler
                0x00000262                CMP1_DriverIRQHandler
                0x00000262                FTM0_DriverIRQHandler
                0x00000262                IntDefaultHandler
                0x00000262                USB0_DriverIRQHandler
                0x00000262                UART5_ERR_DriverIRQHandler
                0x00000262                PORTC_DriverIRQHandler
                0x00000262                DMA11_DriverIRQHandler
                0x00000262                DAC0_DriverIRQHandler
                0x00000262                DMA10_DriverIRQHandler
                0x00000262                CMP2_DriverIRQHandler
                0x00000262                UART2_ERR_DriverIRQHandler
                0x00000262                SPI2_DriverIRQHandler
                0x00000262                LVD_LVW_DriverIRQHandler
                0x00000262                PIT0_DriverIRQHandler
                0x00000262                PORTB_DriverIRQHandler
                0x00000262                DMA5_DriverIRQHandler
                0x00000262                DMA4_DriverIRQHandler
                0x00000262                USBDCD_DriverIRQHandler
                0x00000262                UART3_ERR_DriverIRQHandler
                0x00000262                DMA3_DriverIRQHandler
                0x00000262                DMA8_DriverIRQHandler
                0x00000262                DMA9_DriverIRQHandler
                0x00000262                UART0_ERR_DriverIRQHandler
                0x00000262                CMT_DriverIRQHandler
                0x00000262                Reserved71_DriverIRQHandler
                0x00000262                ADC1_DriverIRQHandler
                0x00000262                PORTA_DriverIRQHandler
                0x00000262                DMA14_DriverIRQHandler
                0x00000262                PIT3_DriverIRQHandler
                0x00000262                PIT1_DriverIRQHandler
                0x00000262                WDOG_EWM_DriverIRQHandler
                0x00000262                PDB0_DriverIRQHandler
                0x00000262                RTC_DriverIRQHandler
                0x00000262                I2S0_Rx_DriverIRQHandler
                0x00000262                Read_Collision_DriverIRQHandler
                0x00000262                SWI_DriverIRQHandler
                0x00000262                UART4_ERR_DriverIRQHandler
                0x00000262                DMA0_DriverIRQHandler
                0x00000262                UART0_LON_DriverIRQHandler
                0x00000262                DMA1_DriverIRQHandler
                0x00000262                I2C1_DriverIRQHandler
                0x00000262                ENET_Receive_DriverIRQHandler
                0x00000262                DMA13_DriverIRQHandler
                0x00000262                ENET_Error_DriverIRQHandler
                0x00000262                DMA15_DriverIRQHandler
                0x00000262                SPI0_DriverIRQHandler
                0x00000262                ADC0_DriverIRQHandler
                0x00000262                CMP0_DriverIRQHandler
                0x00000262                CAN0_DriverIRQHandler
                0x00000262                FTM3_DriverIRQHandler
                0x00000262                RNG_DriverIRQHandler
                0x00000262                UART1_ERR_DriverIRQHandler
                0x00000262                DMA2_DriverIRQHandler
                0x00000262                ENET_Transmit_DriverIRQHandler
                0x00000262                PORTD_DriverIRQHandler
                0x00000262                PORTE_DriverIRQHandler
                0x00000262                FTFE_DriverIRQHandler
                0x00000262                I2C0_DriverIRQHandler
                0x00000262                DMA7_DriverIRQHandler
                0x00000400                . = 0x400
 *fill*         0x00000264      0x19c ff
                0x00000400                PROVIDE (__FLASH_CONFIG_START__, .)
 *(.FlashConfig)
 .FlashConfig   0x00000400       0x10 ./startup/startup_mk64f12.o
                0x00000400                Flash_Config
                0x00000410                PROVIDE (__FLASH_CONFIG_END__, .)
                0x00000001                ASSERT (! ((__FLASH_CONFIG_START__ == __FLASH_CONFIG_END__)), Linker Flash Config Support Enabled, but no .FlashConfig section provided within application)
 *(.text*)
 .text.DbgConsole_Init
                0x00000410       0x38 ./utilities/fsl_debug_console.o
                0x00000410                DbgConsole_Init
 .text.DbgConsole_Printf
                0x00000448       0x64 ./utilities/fsl_debug_console.o
                0x00000448                DbgConsole_Printf
 .text.DbgConsole_RelocateLog
                0x000004ac       0x64 ./utilities/fsl_debug_console.o
 .text.UART_EnableTx
                0x00000510       0x40 ./utilities/fsl_io.o
 .text.UART_EnableRx
                0x00000550       0x40 ./utilities/fsl_io.o
 .text.IO_Init  0x00000590       0x80 ./utilities/fsl_io.o
                0x00000590                IO_Init
 .text.IO_Transfer
                0x00000610       0x5c ./utilities/fsl_io.o
                0x00000610                IO_Transfer
 .text.LOG_Init
                0x0000066c       0x30 ./utilities/fsl_log.o
                0x0000066c                LOG_Init
 .text.LOG_Push
                0x0000069c       0x2c ./utilities/fsl_log.o
                0x0000069c                LOG_Push
 .text.LOG_Pop  0x000006c8       0x42 ./utilities/fsl_log.o
                0x000006c8                LOG_Pop
 .text.ConvertRadixNumToString
                0x0000070a      0x1ca ./utilities/fsl_str.o
 .text.StrFormatPrintf
                0x000008d4      0x7bc ./utilities/fsl_str.o
                0x000008d4                StrFormatPrintf
 .text.DMA0_IRQHandler
                0x00001090        0x8 ./startup/startup_mk64f12.o
                0x00001090                DMA0_IRQHandler
 .text.DMA1_IRQHandler
                0x00001098        0x8 ./startup/startup_mk64f12.o
                0x00001098                DMA1_IRQHandler
 .text.DMA2_IRQHandler
                0x000010a0        0x8 ./startup/startup_mk64f12.o
                0x000010a0                DMA2_IRQHandler
 .text.DMA3_IRQHandler
                0x000010a8        0x8 ./startup/startup_mk64f12.o
                0x000010a8                DMA3_IRQHandler
 .text.DMA4_IRQHandler
                0x000010b0        0x8 ./startup/startup_mk64f12.o
                0x000010b0                DMA4_IRQHandler
 .text.DMA5_IRQHandler
                0x000010b8        0x8 ./startup/startup_mk64f12.o
                0x000010b8                DMA5_IRQHandler
 .text.DMA6_IRQHandler
                0x000010c0        0x8 ./startup/startup_mk64f12.o
                0x000010c0                DMA6_IRQHandler
 .text.DMA7_IRQHandler
                0x000010c8        0x8 ./startup/startup_mk64f12.o
                0x000010c8                DMA7_IRQHandler
 .text.DMA8_IRQHandler
                0x000010d0        0x8 ./startup/startup_mk64f12.o
                0x000010d0                DMA8_IRQHandler
 .text.DMA9_IRQHandler
                0x000010d8        0x8 ./startup/startup_mk64f12.o
                0x000010d8                DMA9_IRQHandler
 .text.DMA10_IRQHandler
                0x000010e0        0x8 ./startup/startup_mk64f12.o
                0x000010e0                DMA10_IRQHandler
 .text.DMA11_IRQHandler
                0x000010e8        0x8 ./startup/startup_mk64f12.o
                0x000010e8                DMA11_IRQHandler
 .text.DMA12_IRQHandler
                0x000010f0        0x8 ./startup/startup_mk64f12.o
                0x000010f0                DMA12_IRQHandler
 .text.DMA13_IRQHandler
                0x000010f8        0x8 ./startup/startup_mk64f12.o
                0x000010f8                DMA13_IRQHandler
 .text.DMA14_IRQHandler
                0x00001100        0x8 ./startup/startup_mk64f12.o
                0x00001100                DMA14_IRQHandler
 .text.DMA15_IRQHandler
                0x00001108        0x8 ./startup/startup_mk64f12.o
                0x00001108                DMA15_IRQHandler
 .text.DMA_Error_IRQHandler
                0x00001110        0x8 ./startup/startup_mk64f12.o
                0x00001110                DMA_Error_IRQHandler
 .text.MCM_IRQHandler
                0x00001118        0x8 ./startup/startup_mk64f12.o
                0x00001118                MCM_IRQHandler
 .text.FTFE_IRQHandler
                0x00001120        0x8 ./startup/startup_mk64f12.o
                0x00001120                FTFE_IRQHandler
 .text.Read_Collision_IRQHandler
                0x00001128        0x8 ./startup/startup_mk64f12.o
                0x00001128                Read_Collision_IRQHandler
 .text.LVD_LVW_IRQHandler
                0x00001130        0x8 ./startup/startup_mk64f12.o
                0x00001130                LVD_LVW_IRQHandler
 .text.LLWU_IRQHandler
                0x00001138        0x8 ./startup/startup_mk64f12.o
                0x00001138                LLWU_IRQHandler
 .text.WDOG_EWM_IRQHandler
                0x00001140        0x8 ./startup/startup_mk64f12.o
                0x00001140                WDOG_EWM_IRQHandler
 .text.RNG_IRQHandler
                0x00001148        0x8 ./startup/startup_mk64f12.o
                0x00001148                RNG_IRQHandler
 .text.I2C0_IRQHandler
                0x00001150        0x8 ./startup/startup_mk64f12.o
                0x00001150                I2C0_IRQHandler
 .text.I2C1_IRQHandler
                0x00001158        0x8 ./startup/startup_mk64f12.o
                0x00001158                I2C1_IRQHandler
 .text.SPI0_IRQHandler
                0x00001160        0x8 ./startup/startup_mk64f12.o
                0x00001160                SPI0_IRQHandler
 .text.SPI1_IRQHandler
                0x00001168        0x8 ./startup/startup_mk64f12.o
                0x00001168                SPI1_IRQHandler
 .text.I2S0_Tx_IRQHandler
                0x00001170        0x8 ./startup/startup_mk64f12.o
                0x00001170                I2S0_Tx_IRQHandler
 .text.I2S0_Rx_IRQHandler
                0x00001178        0x8 ./startup/startup_mk64f12.o
                0x00001178                I2S0_Rx_IRQHandler
 .text.UART0_LON_IRQHandler
                0x00001180        0x8 ./startup/startup_mk64f12.o
                0x00001180                UART0_LON_IRQHandler
 .text.UART0_RX_TX_IRQHandler
                0x00001188        0x8 ./startup/startup_mk64f12.o
                0x00001188                UART0_RX_TX_IRQHandler
 .text.UART0_ERR_IRQHandler
                0x00001190        0x8 ./startup/startup_mk64f12.o
                0x00001190                UART0_ERR_IRQHandler
 .text.UART1_RX_TX_IRQHandler
                0x00001198        0x8 ./startup/startup_mk64f12.o
                0x00001198                UART1_RX_TX_IRQHandler
 .text.UART1_ERR_IRQHandler
                0x000011a0        0x8 ./startup/startup_mk64f12.o
                0x000011a0                UART1_ERR_IRQHandler
 .text.UART2_RX_TX_IRQHandler
                0x000011a8        0x8 ./startup/startup_mk64f12.o
                0x000011a8                UART2_RX_TX_IRQHandler
 .text.UART2_ERR_IRQHandler
                0x000011b0        0x8 ./startup/startup_mk64f12.o
                0x000011b0                UART2_ERR_IRQHandler
 .text.UART3_RX_TX_IRQHandler
                0x000011b8        0x8 ./startup/startup_mk64f12.o
                0x000011b8                UART3_RX_TX_IRQHandler
 .text.UART3_ERR_IRQHandler
                0x000011c0        0x8 ./startup/startup_mk64f12.o
                0x000011c0                UART3_ERR_IRQHandler
 .text.ADC0_IRQHandler
                0x000011c8        0x8 ./startup/startup_mk64f12.o
                0x000011c8                ADC0_IRQHandler
 .text.CMP0_IRQHandler
                0x000011d0        0x8 ./startup/startup_mk64f12.o
                0x000011d0                CMP0_IRQHandler
 .text.CMP1_IRQHandler
                0x000011d8        0x8 ./startup/startup_mk64f12.o
                0x000011d8                CMP1_IRQHandler
 .text.FTM0_IRQHandler
                0x000011e0        0x8 ./startup/startup_mk64f12.o
                0x000011e0                FTM0_IRQHandler
 .text.FTM1_IRQHandler
                0x000011e8        0x8 ./startup/startup_mk64f12.o
                0x000011e8                FTM1_IRQHandler
 .text.FTM2_IRQHandler
                0x000011f0        0x8 ./startup/startup_mk64f12.o
                0x000011f0                FTM2_IRQHandler
 .text.CMT_IRQHandler
                0x000011f8        0x8 ./startup/startup_mk64f12.o
                0x000011f8                CMT_IRQHandler
 .text.RTC_IRQHandler
                0x00001200        0x8 ./startup/startup_mk64f12.o
                0x00001200                RTC_IRQHandler
 .text.RTC_Seconds_IRQHandler
                0x00001208        0x8 ./startup/startup_mk64f12.o
                0x00001208                RTC_Seconds_IRQHandler
 .text.PIT1_IRQHandler
                0x00001210        0x8 ./startup/startup_mk64f12.o
                0x00001210                PIT1_IRQHandler
 .text.PIT2_IRQHandler
                0x00001218        0x8 ./startup/startup_mk64f12.o
                0x00001218                PIT2_IRQHandler
 .text.PIT3_IRQHandler
                0x00001220        0x8 ./startup/startup_mk64f12.o
                0x00001220                PIT3_IRQHandler
 .text.PDB0_IRQHandler
                0x00001228        0x8 ./startup/startup_mk64f12.o
                0x00001228                PDB0_IRQHandler
 .text.USB0_IRQHandler
                0x00001230        0x8 ./startup/startup_mk64f12.o
                0x00001230                USB0_IRQHandler
 .text.USBDCD_IRQHandler
                0x00001238        0x8 ./startup/startup_mk64f12.o
                0x00001238                USBDCD_IRQHandler
 .text.Reserved71_IRQHandler
                0x00001240        0x8 ./startup/startup_mk64f12.o
                0x00001240                Reserved71_IRQHandler
 .text.DAC0_IRQHandler
                0x00001248        0x8 ./startup/startup_mk64f12.o
                0x00001248                DAC0_IRQHandler
 .text.MCG_IRQHandler
                0x00001250        0x8 ./startup/startup_mk64f12.o
                0x00001250                MCG_IRQHandler
 .text.LPTMR0_IRQHandler
                0x00001258        0x8 ./startup/startup_mk64f12.o
                0x00001258                LPTMR0_IRQHandler
 .text.PORTA_IRQHandler
                0x00001260        0x8 ./startup/startup_mk64f12.o
                0x00001260                PORTA_IRQHandler
 .text.PORTB_IRQHandler
                0x00001268        0x8 ./startup/startup_mk64f12.o
                0x00001268                PORTB_IRQHandler
 .text.PORTC_IRQHandler
                0x00001270        0x8 ./startup/startup_mk64f12.o
                0x00001270                PORTC_IRQHandler
 .text.PORTD_IRQHandler
                0x00001278        0x8 ./startup/startup_mk64f12.o
                0x00001278                PORTD_IRQHandler
 .text.PORTE_IRQHandler
                0x00001280        0x8 ./startup/startup_mk64f12.o
                0x00001280                PORTE_IRQHandler
 .text.SWI_IRQHandler
                0x00001288        0x8 ./startup/startup_mk64f12.o
                0x00001288                SWI_IRQHandler
 .text.SPI2_IRQHandler
                0x00001290        0x8 ./startup/startup_mk64f12.o
                0x00001290                SPI2_IRQHandler
 .text.UART4_RX_TX_IRQHandler
                0x00001298        0x8 ./startup/startup_mk64f12.o
                0x00001298                UART4_RX_TX_IRQHandler
 .text.UART4_ERR_IRQHandler
                0x000012a0        0x8 ./startup/startup_mk64f12.o
                0x000012a0                UART4_ERR_IRQHandler
 .text.UART5_RX_TX_IRQHandler
                0x000012a8        0x8 ./startup/startup_mk64f12.o
                0x000012a8                UART5_RX_TX_IRQHandler
 .text.UART5_ERR_IRQHandler
                0x000012b0        0x8 ./startup/startup_mk64f12.o
                0x000012b0                UART5_ERR_IRQHandler
 .text.CMP2_IRQHandler
                0x000012b8        0x8 ./startup/startup_mk64f12.o
                0x000012b8                CMP2_IRQHandler
 .text.FTM3_IRQHandler
                0x000012c0        0x8 ./startup/startup_mk64f12.o
                0x000012c0                FTM3_IRQHandler
 .text.DAC1_IRQHandler
                0x000012c8        0x8 ./startup/startup_mk64f12.o
                0x000012c8                DAC1_IRQHandler
 .text.ADC1_IRQHandler
                0x000012d0        0x8 ./startup/startup_mk64f12.o
                0x000012d0                ADC1_IRQHandler
 .text.I2C2_IRQHandler
                0x000012d8        0x8 ./startup/startup_mk64f12.o
                0x000012d8                I2C2_IRQHandler
 .text.CAN0_ORed_Message_buffer_IRQHandler
                0x000012e0        0x8 ./startup/startup_mk64f12.o
                0x000012e0                CAN0_ORed_Message_buffer_IRQHandler
 .text.CAN0_Bus_Off_IRQHandler
                0x000012e8        0x8 ./startup/startup_mk64f12.o
                0x000012e8                CAN0_Bus_Off_IRQHandler
 .text.CAN0_Error_IRQHandler
                0x000012f0        0x8 ./startup/startup_mk64f12.o
                0x000012f0                CAN0_Error_IRQHandler
 .text.CAN0_Tx_Warning_IRQHandler
                0x000012f8        0x8 ./startup/startup_mk64f12.o
                0x000012f8                CAN0_Tx_Warning_IRQHandler
 .text.CAN0_Rx_Warning_IRQHandler
                0x00001300        0x8 ./startup/startup_mk64f12.o
                0x00001300                CAN0_Rx_Warning_IRQHandler
 .text.CAN0_Wake_Up_IRQHandler
                0x00001308        0x8 ./startup/startup_mk64f12.o
                0x00001308                CAN0_Wake_Up_IRQHandler
 .text.SDHC_IRQHandler
                0x00001310        0x8 ./startup/startup_mk64f12.o
                0x00001310                SDHC_IRQHandler
 .text.stack_init
                0x00001318       0x80 ./source/Wireless_Speaker.o
 .text.main     0x00001398       0x3c ./source/Wireless_Speaker.o
                0x00001398                main
 .text.DAC_Enable
                0x000013d4       0x48 ./source/genericFunctions.o
 .text.PIT_GetDefaultConfig
                0x0000141c       0x28 ./source/genericFunctions.o
 .text.PIT_EnableInterrupts
                0x00001444       0x3a ./source/genericFunctions.o
 .text.PIT_GetEnabledInterrupts
                0x0000147e       0x2a ./source/genericFunctions.o
 .text.PIT_SetTimerPeriod
                0x000014a8       0x28 ./source/genericFunctions.o
 .text.PIT_StartTimer
                0x000014d0       0x38 ./source/genericFunctions.o
 .text.dacInit  0x00001508       0x34 ./source/genericFunctions.o
                0x00001508                dacInit
 .text.dacSetValue
                0x0000153c       0x34 ./source/genericFunctions.o
                0x0000153c                dacSetValue
 .text.partBlock
                0x00001570       0xa6 ./source/genericFunctions.o
                0x00001570                partBlock
 *fill*         0x00001616        0x2 ff
 .text.pitInit  0x00001618       0x38 ./source/genericFunctions.o
                0x00001618                pitInit
 .text.pitSetPeriod
                0x00001650       0x3c ./source/genericFunctions.o
                0x00001650                pitSetPeriod
 .text.pitStartTimer
                0x0000168c       0x14 ./source/genericFunctions.o
                0x0000168c                pitStartTimer
 .text.setIsrFlag
                0x000016a0       0x20 ./source/genericFunctions.o
                0x000016a0                setIsrFlag
 .text.getIsrFlag
                0x000016c0       0x18 ./source/genericFunctions.o
                0x000016c0                getIsrFlag
 .text.HardFault_Handler
                0x000016d8       0x2a ./source/semihost_hardfault.o
                0x000016d8                HardFault_Handler
 *fill*         0x00001702        0x2 ff
 .text.ethernet_input
                0x00001704      0x12c ./lwip/src/netif/ethernet.o
                0x00001704                ethernet_input
 .text.ethernet_output
                0x00001830       0x80 ./lwip/src/netif/ethernet.o
                0x00001830                ethernet_output
 .text.dhcp_check
                0x000018b0       0x68 ./lwip/src/core/ipv4/dhcp.o
 .text.dhcp_select
                0x00001918      0x14c ./lwip/src/core/ipv4/dhcp.o
 .text.dhcp_coarse_tmr
                0x00001a64       0xa8 ./lwip/src/core/ipv4/dhcp.o
                0x00001a64                dhcp_coarse_tmr
 .text.dhcp_fine_tmr
                0x00001b0c       0x64 ./lwip/src/core/ipv4/dhcp.o
                0x00001b0c                dhcp_fine_tmr
 .text.dhcp_timeout
                0x00001b70       0x92 ./lwip/src/core/ipv4/dhcp.o
 .text.dhcp_t1_timeout
                0x00001c02       0x5c ./lwip/src/core/ipv4/dhcp.o
 .text.dhcp_t2_timeout
                0x00001c5e       0x64 ./lwip/src/core/ipv4/dhcp.o
 *fill*         0x00001cc2        0x2 ff
 .text.dhcp_arp_reply
                0x00001cc4       0x48 ./lwip/src/core/ipv4/dhcp.o
                0x00001cc4                dhcp_arp_reply
 .text.dhcp_decline
                0x00001d0c       0xd4 ./lwip/src/core/ipv4/dhcp.o
 .text.dhcp_discover
                0x00001de0      0x118 ./lwip/src/core/ipv4/dhcp.o
 .text.dhcp_bind
                0x00001ef8      0x19c ./lwip/src/core/ipv4/dhcp.o
 .text.dhcp_renew
                0x00002094      0x10c ./lwip/src/core/ipv4/dhcp.o
                0x00002094                dhcp_renew
 .text.dhcp_rebind
                0x000021a0      0x10c ./lwip/src/core/ipv4/dhcp.o
 .text.dhcp_reboot
                0x000022ac      0x128 ./lwip/src/core/ipv4/dhcp.o
 .text.dhcp_release
                0x000023d4      0x110 ./lwip/src/core/ipv4/dhcp.o
                0x000023d4                dhcp_release
 .text.dhcp_set_state
                0x000024e4       0x34 ./lwip/src/core/ipv4/dhcp.o
 .text.dhcp_option
                0x00002518       0x64 ./lwip/src/core/ipv4/dhcp.o
 .text.dhcp_option_byte
                0x0000257c       0x40 ./lwip/src/core/ipv4/dhcp.o
 .text.dhcp_option_short
                0x000025bc       0x68 ./lwip/src/core/ipv4/dhcp.o
 .text.dhcp_option_long
                0x00002624       0xa4 ./lwip/src/core/ipv4/dhcp.o
 .text.dhcp_create_msg
                0x000026c8      0x288 ./lwip/src/core/ipv4/dhcp.o
 .text.dhcp_delete_msg
                0x00002950       0x64 ./lwip/src/core/ipv4/dhcp.o
 .text.dhcp_option_trailer
                0x000029b4       0x94 ./lwip/src/core/ipv4/dhcp.o
 .text.dhcp_supplied_address
                0x00002a48       0x44 ./lwip/src/core/ipv4/dhcp.o
                0x00002a48                dhcp_supplied_address
 .text.etharp_free_entry
                0x00002a8c       0xc0 ./lwip/src/core/ipv4/etharp.o
 .text.etharp_tmr
                0x00002b4c      0x150 ./lwip/src/core/ipv4/etharp.o
                0x00002b4c                etharp_tmr
 .text.etharp_find_entry
                0x00002c9c      0x264 ./lwip/src/core/ipv4/etharp.o
 .text.etharp_update_arp_entry
                0x00002f00      0x13c ./lwip/src/core/ipv4/etharp.o
 .text.etharp_input
                0x0000303c      0x120 ./lwip/src/core/ipv4/etharp.o
                0x0000303c                etharp_input
 .text.etharp_output_to_arp_index
                0x0000315c      0x124 ./lwip/src/core/ipv4/etharp.o
 .text.etharp_output
                0x00003280      0x1bc ./lwip/src/core/ipv4/etharp.o
                0x00003280                etharp_output
 .text.etharp_query
                0x0000343c      0x274 ./lwip/src/core/ipv4/etharp.o
                0x0000343c                etharp_query
 .text.etharp_raw
                0x000036b0      0x100 ./lwip/src/core/ipv4/etharp.o
 .text.etharp_request_dst
                0x000037b0       0x44 ./lwip/src/core/ipv4/etharp.o
 .text.etharp_request
                0x000037f4       0x24 ./lwip/src/core/ipv4/etharp.o
                0x000037f4                etharp_request
 .text.icmp_input
                0x00003818      0x24c ./lwip/src/core/ipv4/icmp.o
                0x00003818                icmp_input
 .text.icmp_dest_unreach
                0x00003a64       0x20 ./lwip/src/core/ipv4/icmp.o
                0x00003a64                icmp_dest_unreach
 .text.icmp_time_exceeded
                0x00003a84       0x20 ./lwip/src/core/ipv4/icmp.o
                0x00003a84                icmp_time_exceeded
 .text.icmp_send_response
                0x00003aa4       0xd4 ./lwip/src/core/ipv4/icmp.o
 .text.ip4_route
                0x00003b78       0xd0 ./lwip/src/core/ipv4/ip4.o
                0x00003b78                ip4_route
 .text.ip4_input
                0x00003c48      0x2d4 ./lwip/src/core/ipv4/ip4.o
                0x00003c48                ip4_input
 .text.ip4_output_if
                0x00003f1c       0x54 ./lwip/src/core/ipv4/ip4.o
                0x00003f1c                ip4_output_if
 .text.ip4_output_if_src
                0x00003f70      0x1f0 ./lwip/src/core/ipv4/ip4.o
                0x00003f70                ip4_output_if_src
 .text.ip4_addr_isbroadcast_u32
                0x00004160       0x82 ./lwip/src/core/ipv4/ip4_addr.o
                0x00004160                ip4_addr_isbroadcast_u32
 *fill*         0x000041e2        0x2 ff
 .text.ip_reass_tmr
                0x000041e4       0x58 ./lwip/src/core/ipv4/ip4_frag.o
                0x000041e4                ip_reass_tmr
 .text.ip_reass_free_complete_datagram
                0x0000423c      0x120 ./lwip/src/core/ipv4/ip4_frag.o
 .text.ip_reass_remove_oldest_datagram
                0x0000435c       0xc4 ./lwip/src/core/ipv4/ip4_frag.o
 .text.ip_reass_enqueue_new_datagram
                0x00004420       0x74 ./lwip/src/core/ipv4/ip4_frag.o
 .text.ip_reass_dequeue_datagram
                0x00004494       0x4c ./lwip/src/core/ipv4/ip4_frag.o
 .text.ip_reass_chain_frag_into_datagram_and_validate
                0x000044e0      0x278 ./lwip/src/core/ipv4/ip4_frag.o
 .text.ip4_reass
                0x00004758      0x26c ./lwip/src/core/ipv4/ip4_frag.o
                0x00004758                ip4_reass
 .text.ip_frag_alloc_pbuf_custom_ref
                0x000049c4       0x10 ./lwip/src/core/ipv4/ip4_frag.o
 .text.ip_frag_free_pbuf_custom_ref
                0x000049d4       0x28 ./lwip/src/core/ipv4/ip4_frag.o
 .text.ipfrag_free_pbuf_custom
                0x000049fc       0x50 ./lwip/src/core/ipv4/ip4_frag.o
 .text.ip4_frag
                0x00004a4c      0x22c ./lwip/src/core/ipv4/ip4_frag.o
                0x00004a4c                ip4_frag
 .text.lwip_htons
                0x00004c78       0x1c ./lwip/src/core/def.o
                0x00004c78                lwip_htons
 .text.lwip_htonl
                0x00004c94       0x32 ./lwip/src/core/def.o
                0x00004c94                lwip_htonl
 .text.lwip_standard_chksum
                0x00004cc6       0xba ./lwip/src/core/inet_chksum.o
                0x00004cc6                lwip_standard_chksum
 .text.inet_cksum_pseudo_base
                0x00004d80       0xd8 ./lwip/src/core/inet_chksum.o
 .text.inet_chksum_pseudo
                0x00004e58       0x70 ./lwip/src/core/inet_chksum.o
                0x00004e58                inet_chksum_pseudo
 .text.ip_chksum_pseudo
                0x00004ec8       0x2c ./lwip/src/core/inet_chksum.o
                0x00004ec8                ip_chksum_pseudo
 .text.inet_chksum
                0x00004ef4       0x24 ./lwip/src/core/inet_chksum.o
                0x00004ef4                inet_chksum
 .text.inet_chksum_pbuf
                0x00004f18       0x94 ./lwip/src/core/inet_chksum.o
                0x00004f18                inet_chksum_pbuf
 .text.lwip_init
                0x00004fac       0x2e ./lwip/src/core/init.o
                0x00004fac                lwip_init
 *fill*         0x00004fda        0x2 ff
 .text.plug_holes
                0x00004fdc      0x108 ./lwip/src/core/mem.o
 .text.mem_init
                0x000050e4       0x90 ./lwip/src/core/mem.o
                0x000050e4                mem_init
 .text.mem_free
                0x00005174       0xbc ./lwip/src/core/mem.o
                0x00005174                mem_free
 .text.mem_trim
                0x00005230      0x1bc ./lwip/src/core/mem.o
                0x00005230                mem_trim
 .text.mem_malloc
                0x000053ec      0x1c0 ./lwip/src/core/mem.o
                0x000053ec                mem_malloc
 .text.memp_init_pool
                0x000055ac       0x5e ./lwip/src/core/memp.o
                0x000055ac                memp_init_pool
 *fill*         0x0000560a        0x2 ff
 .text.memp_init
                0x0000560c       0x34 ./lwip/src/core/memp.o
                0x0000560c                memp_init
 .text.do_memp_malloc_pool
                0x00005640       0x54 ./lwip/src/core/memp.o
 .text.memp_malloc
                0x00005694       0x3c ./lwip/src/core/memp.o
                0x00005694                memp_malloc
 .text.do_memp_free_pool
                0x000056d0       0x48 ./lwip/src/core/memp.o
 .text.memp_free
                0x00005718       0x44 ./lwip/src/core/memp.o
                0x00005718                memp_free
 .text.netif_init
                0x0000575c        0xe ./lwip/src/core/netif.o
                0x0000575c                netif_init
 *fill*         0x0000576a        0x2 ff
 .text.netif_add
                0x0000576c       0xa8 ./lwip/src/core/netif.o
                0x0000576c                netif_add
 .text.netif_set_addr
                0x00005814       0x56 ./lwip/src/core/netif.o
                0x00005814                netif_set_addr
 *fill*         0x0000586a        0x2 ff
 .text.netif_set_ipaddr
                0x0000586c       0x70 ./lwip/src/core/netif.o
                0x0000586c                netif_set_ipaddr
 .text.netif_set_gw
                0x000058dc       0x28 ./lwip/src/core/netif.o
                0x000058dc                netif_set_gw
 .text.netif_set_netmask
                0x00005904       0x28 ./lwip/src/core/netif.o
                0x00005904                netif_set_netmask
 .text.netif_set_default
                0x0000592c       0x20 ./lwip/src/core/netif.o
                0x0000592c                netif_set_default
 .text.netif_set_up
                0x0000594c       0x46 ./lwip/src/core/netif.o
                0x0000594c                netif_set_up
 .text.netif_issue_reports
                0x00005992       0x42 ./lwip/src/core/netif.o
 .text.pbuf_alloc
                0x000059d4      0x2d4 ./lwip/src/core/pbuf.o
                0x000059d4                pbuf_alloc
 .text.pbuf_alloced_custom
                0x00005ca8       0xc4 ./lwip/src/core/pbuf.o
                0x00005ca8                pbuf_alloced_custom
 .text.pbuf_realloc
                0x00005d6c      0x12c ./lwip/src/core/pbuf.o
                0x00005d6c                pbuf_realloc
 .text.pbuf_header_impl
                0x00005e98      0x124 ./lwip/src/core/pbuf.o
 .text.pbuf_header
                0x00005fbc       0x24 ./lwip/src/core/pbuf.o
                0x00005fbc                pbuf_header
 .text.pbuf_header_force
                0x00005fe0       0x24 ./lwip/src/core/pbuf.o
                0x00005fe0                pbuf_header_force
 .text.pbuf_free
                0x00006004      0x10c ./lwip/src/core/pbuf.o
                0x00006004                pbuf_free
 .text.pbuf_clen
                0x00006110       0x2e ./lwip/src/core/pbuf.o
                0x00006110                pbuf_clen
 *fill*         0x0000613e        0x2 ff
 .text.pbuf_ref
                0x00006140       0x40 ./lwip/src/core/pbuf.o
                0x00006140                pbuf_ref
 .text.pbuf_cat
                0x00006180       0x8c ./lwip/src/core/pbuf.o
                0x00006180                pbuf_cat
 .text.pbuf_chain
                0x0000620c       0x20 ./lwip/src/core/pbuf.o
                0x0000620c                pbuf_chain
 .text.pbuf_copy
                0x0000622c      0x160 ./lwip/src/core/pbuf.o
                0x0000622c                pbuf_copy
 .text.pbuf_copy_partial
                0x0000638c       0xdc ./lwip/src/core/pbuf.o
                0x0000638c                pbuf_copy_partial
 .text.tcp_init
                0x00006468        0xe ./lwip/src/core/tcp.o
                0x00006468                tcp_init
 *fill*         0x00006476        0x2 ff
 .text.tcp_tmr  0x00006478       0x2c ./lwip/src/core/tcp.o
                0x00006478                tcp_tmr
 .text.tcp_remove_listener
                0x000064a4       0x38 ./lwip/src/core/tcp.o
 .text.tcp_listen_closed
                0x000064dc       0x5c ./lwip/src/core/tcp.o
 .text.tcp_backlog_delayed
                0x00006538       0x64 ./lwip/src/core/tcp.o
                0x00006538                tcp_backlog_delayed
 .text.tcp_backlog_accepted
                0x0000659c       0x64 ./lwip/src/core/tcp.o
                0x0000659c                tcp_backlog_accepted
 .text.tcp_close_shutdown
                0x00006600      0x1c0 ./lwip/src/core/tcp.o
 .text.tcp_close_shutdown_fin
                0x000067c0       0xc0 ./lwip/src/core/tcp.o
 .text.tcp_close
                0x00006880       0x30 ./lwip/src/core/tcp.o
                0x00006880                tcp_close
 .text.tcp_shutdown
                0x000068b0       0x8e ./lwip/src/core/tcp.o
                0x000068b0                tcp_shutdown
 *fill*         0x0000693e        0x2 ff
 .text.tcp_abandon
                0x00006940      0x148 ./lwip/src/core/tcp.o
                0x00006940                tcp_abandon
 .text.tcp_abort
                0x00006a88       0x18 ./lwip/src/core/tcp.o
                0x00006a88                tcp_abort
 .text.tcp_bind
                0x00006aa0      0x114 ./lwip/src/core/tcp.o
                0x00006aa0                tcp_bind
 .text.tcp_accept_null
                0x00006bb4       0x20 ./lwip/src/core/tcp.o
 .text.tcp_listen_with_backlog_and_err
                0x00006bd4      0x148 ./lwip/src/core/tcp.o
                0x00006bd4                tcp_listen_with_backlog_and_err
 .text.tcp_update_rcv_ann_wnd
                0x00006d1c       0x90 ./lwip/src/core/tcp.o
                0x00006d1c                tcp_update_rcv_ann_wnd
 .text.tcp_recved
                0x00006dac       0xa0 ./lwip/src/core/tcp.o
                0x00006dac                tcp_recved
 .text.tcp_new_port
                0x00006e4c       0x88 ./lwip/src/core/tcp.o
 .text.tcp_slowtmr
                0x00006ed4      0x4ec ./lwip/src/core/tcp.o
                0x00006ed4                tcp_slowtmr
 .text.tcp_fasttmr
                0x000073c0       0xc8 ./lwip/src/core/tcp.o
                0x000073c0                tcp_fasttmr
 .text.tcp_process_refused_data
                0x00007488       0xcc ./lwip/src/core/tcp.o
                0x00007488                tcp_process_refused_data
 .text.tcp_segs_free
                0x00007554       0x28 ./lwip/src/core/tcp.o
                0x00007554                tcp_segs_free
 .text.tcp_seg_free
                0x0000757c       0x30 ./lwip/src/core/tcp.o
                0x0000757c                tcp_seg_free
 .text.tcp_recv_null
                0x000075ac       0x44 ./lwip/src/core/tcp.o
                0x000075ac                tcp_recv_null
 .text.tcp_kill_prio
                0x000075f0       0x84 ./lwip/src/core/tcp.o
 .text.tcp_kill_state
                0x00007674       0x84 ./lwip/src/core/tcp.o
 .text.tcp_kill_timewait
                0x000076f8       0x60 ./lwip/src/core/tcp.o
 .text.tcp_alloc
                0x00007758      0x100 ./lwip/src/core/tcp.o
                0x00007758                tcp_alloc
 .text.tcp_new_ip_type
                0x00007858       0x1c ./lwip/src/core/tcp.o
                0x00007858                tcp_new_ip_type
 .text.tcp_arg  0x00007874       0x22 ./lwip/src/core/tcp.o
                0x00007874                tcp_arg
 *fill*         0x00007896        0x2 ff
 .text.tcp_recv
                0x00007898       0x30 ./lwip/src/core/tcp.o
                0x00007898                tcp_recv
 .text.tcp_sent
                0x000078c8       0x30 ./lwip/src/core/tcp.o
                0x000078c8                tcp_sent
 .text.tcp_err  0x000078f8       0x34 ./lwip/src/core/tcp.o
                0x000078f8                tcp_err
 .text.tcp_accept
                0x0000792c       0x2e ./lwip/src/core/tcp.o
                0x0000792c                tcp_accept
 *fill*         0x0000795a        0x2 ff
 .text.tcp_poll
                0x0000795c       0x38 ./lwip/src/core/tcp.o
                0x0000795c                tcp_poll
 .text.tcp_pcb_purge
                0x00007994       0x78 ./lwip/src/core/tcp.o
                0x00007994                tcp_pcb_purge
 .text.tcp_pcb_remove
                0x00007a0c       0xc4 ./lwip/src/core/tcp.o
                0x00007a0c                tcp_pcb_remove
 .text.tcp_next_iss
                0x00007ad0       0x30 ./lwip/src/core/tcp.o
                0x00007ad0                tcp_next_iss
 .text.tcp_eff_send_mss_impl
                0x00007b00       0x48 ./lwip/src/core/tcp.o
                0x00007b00                tcp_eff_send_mss_impl
 .text.tcp_netif_ip_addr_changed_pcblist
                0x00007b48       0x42 ./lwip/src/core/tcp.o
 *fill*         0x00007b8a        0x2 ff
 .text.tcp_netif_ip_addr_changed
                0x00007b8c       0x80 ./lwip/src/core/tcp.o
                0x00007b8c                tcp_netif_ip_addr_changed
 .text.tcp_input
                0x00007c0c      0x774 ./lwip/src/core/tcp_in.o
                0x00007c0c                tcp_input
 .text.tcp_listen_input
                0x00008380      0x1f0 ./lwip/src/core/tcp_in.o
 .text.tcp_timewait_input
                0x00008570       0xd0 ./lwip/src/core/tcp_in.o
 .text.tcp_process
                0x00008640      0x74c ./lwip/src/core/tcp_in.o
 .text.tcp_receive
                0x00008d8c      0x960 ./lwip/src/core/tcp_in.o
 .text.tcp_getoptbyte
                0x000096ec       0x78 ./lwip/src/core/tcp_in.o
 .text.tcp_parseopt
                0x00009764       0xc8 ./lwip/src/core/tcp_in.o
 .text.tcp_trigger_input_pcb_close
                0x0000982c       0x20 ./lwip/src/core/tcp_in.o
                0x0000982c                tcp_trigger_input_pcb_close
 .text.tcp_output_alloc_header
                0x0000984c       0xe8 ./lwip/src/core/tcp_out.o
 .text.tcp_send_fin
                0x00009934       0x7c ./lwip/src/core/tcp_out.o
                0x00009934                tcp_send_fin
 .text.tcp_create_segment
                0x000099b0      0x10c ./lwip/src/core/tcp_out.o
 .text.tcp_pbuf_prealloc
                0x00009abc       0xb4 ./lwip/src/core/tcp_out.o
 .text.tcp_write_checks
                0x00009b70       0xd4 ./lwip/src/core/tcp_out.o
 .text.tcp_write
                0x00009c44      0x698 ./lwip/src/core/tcp_out.o
                0x00009c44                tcp_write
 .text.tcp_enqueue_flags
                0x0000a2dc      0x1cc ./lwip/src/core/tcp_out.o
                0x0000a2dc                tcp_enqueue_flags
 .text.tcp_send_empty_ack
                0x0000a4a8       0xdc ./lwip/src/core/tcp_out.o
                0x0000a4a8                tcp_send_empty_ack
 .text.tcp_output
                0x0000a584      0x3bc ./lwip/src/core/tcp_out.o
                0x0000a584                tcp_output
 .text.tcp_output_segment
                0x0000a940      0x160 ./lwip/src/core/tcp_out.o
 .text.tcp_rst  0x0000aaa0       0xf8 ./lwip/src/core/tcp_out.o
                0x0000aaa0                tcp_rst
 .text.tcp_rexmit_rto
                0x0000ab98       0x7e ./lwip/src/core/tcp_out.o
                0x0000ab98                tcp_rexmit_rto
 .text.tcp_rexmit
                0x0000ac16       0xa0 ./lwip/src/core/tcp_out.o
                0x0000ac16                tcp_rexmit
 .text.tcp_rexmit_fast
                0x0000acb6       0xae ./lwip/src/core/tcp_out.o
                0x0000acb6                tcp_rexmit_fast
 .text.tcp_keepalive
                0x0000ad64       0x9e ./lwip/src/core/tcp_out.o
                0x0000ad64                tcp_keepalive
 .text.tcp_zero_window_probe
                0x0000ae02      0x156 ./lwip/src/core/tcp_out.o
                0x0000ae02                tcp_zero_window_probe
 .text.tcpip_tcp_timer
                0x0000af58       0x48 ./lwip/src/core/timeouts.o
 .text.tcp_timer_needed
                0x0000afa0       0x40 ./lwip/src/core/timeouts.o
                0x0000afa0                tcp_timer_needed
 .text.cyclic_timer
                0x0000afe0       0x2c ./lwip/src/core/timeouts.o
 .text.sys_timeouts_init
                0x0000b00c       0x50 ./lwip/src/core/timeouts.o
                0x0000b00c                sys_timeouts_init
 .text.sys_timeout
                0x0000b05c      0x138 ./lwip/src/core/timeouts.o
                0x0000b05c                sys_timeout
 .text.sys_check_timeouts
                0x0000b194       0xa4 ./lwip/src/core/timeouts.o
 .text.sys_timeouts_sleeptime
                0x0000b238       0x4c ./lwip/src/core/timeouts.o
 .text.sys_timeouts_mbox_fetch
                0x0000b284       0x4c ./lwip/src/core/timeouts.o
                0x0000b284                sys_timeouts_mbox_fetch
 .text.udp_init
                0x0000b2d0        0xe ./lwip/src/core/udp.o
                0x0000b2d0                udp_init
 *fill*         0x0000b2de        0x2 ff
 .text.udp_new_port
                0x0000b2e0       0x70 ./lwip/src/core/udp.o
 .text.udp_input_local_match
                0x0000b350       0x78 ./lwip/src/core/udp.o
 .text.udp_input
                0x0000b3c8      0x1ec ./lwip/src/core/udp.o
                0x0000b3c8                udp_input
 .text.udp_sendto_if
                0x0000b5b4       0x7a ./lwip/src/core/udp.o
                0x0000b5b4                udp_sendto_if
 *fill*         0x0000b62e        0x2 ff
 .text.udp_sendto_if_src
                0x0000b630      0x158 ./lwip/src/core/udp.o
                0x0000b630                udp_sendto_if_src
 .text.udp_bind
                0x0000b788       0xe0 ./lwip/src/core/udp.o
                0x0000b788                udp_bind
 .text.udp_recv
                0x0000b868       0x24 ./lwip/src/core/udp.o
                0x0000b868                udp_recv
 .text.udp_new  0x0000b88c       0x2e ./lwip/src/core/udp.o
                0x0000b88c                udp_new
 .text.udp_new_ip_type
                0x0000b8ba       0x1a ./lwip/src/core/udp.o
                0x0000b8ba                udp_new_ip_type
 .text.udp_netif_ip_addr_changed
                0x0000b8d4       0x60 ./lwip/src/core/udp.o
                0x0000b8d4                udp_netif_ip_addr_changed
 .text.netconn_apimsg
                0x0000b934       0x40 ./lwip/src/api/api_lib.o
 .text.netconn_new_with_proto_and_callback
                0x0000b974       0xbc ./lwip/src/api/api_lib.o
                0x0000b974                netconn_new_with_proto_and_callback
 .text.netconn_bind
                0x0000ba30       0x60 ./lwip/src/api/api_lib.o
                0x0000ba30                netconn_bind
 .text.netconn_listen_with_backlog
                0x0000ba90       0x4c ./lwip/src/api/api_lib.o
                0x0000ba90                netconn_listen_with_backlog
 .text.netconn_accept
                0x0000badc      0x100 ./lwip/src/api/api_lib.o
                0x0000badc                netconn_accept
 .text.netconn_recv_data
                0x0000bbdc      0x178 ./lwip/src/api/api_lib.o
 .text.netconn_recv
                0x0000bd54       0xd0 ./lwip/src/api/api_lib.o
                0x0000bd54                netconn_recv
 .text.netconn_write_partly
                0x0000be24       0xd8 ./lwip/src/api/api_lib.o
                0x0000be24                netconn_write_partly
 .text.netconn_close_shutdown
                0x0000befc       0x50 ./lwip/src/api/api_lib.o
 .text.recv_udp
                0x0000bf4c       0xd0 ./lwip/src/api/api_msg.o
 .text.recv_tcp
                0x0000c01c       0xec ./lwip/src/api/api_msg.o
 .text.poll_tcp
                0x0000c108       0xc0 ./lwip/src/api/api_msg.o
 .text.sent_tcp
                0x0000c1c8       0xa0 ./lwip/src/api/api_msg.o
 .text.err_tcp  0x0000c268      0x1a8 ./lwip/src/api/api_msg.o
 .text.setup_tcp
                0x0000c410       0x50 ./lwip/src/api/api_msg.o
 .text.accept_function
                0x0000c460      0x140 ./lwip/src/api/api_msg.o
 .text.pcb_new  0x0000c5a0       0xc4 ./lwip/src/api/api_msg.o
 .text.lwip_netconn_do_newconn
                0x0000c664       0x58 ./lwip/src/api/api_msg.o
                0x0000c664                lwip_netconn_do_newconn
 .text.netconn_alloc
                0x0000c6bc       0xd4 ./lwip/src/api/api_msg.o
                0x0000c6bc                netconn_alloc
 .text.netconn_free
                0x0000c790       0x60 ./lwip/src/api/api_msg.o
                0x0000c790                netconn_free
 .text.netconn_drain
                0x0000c7f0       0xe8 ./lwip/src/api/api_msg.o
 .text.lwip_netconn_do_close_internal
                0x0000c8d8      0x2b0 ./lwip/src/api/api_msg.o
 .text.lwip_netconn_do_bind
                0x0000cb88       0xbe ./lwip/src/api/api_msg.o
                0x0000cb88                lwip_netconn_do_bind
 *fill*         0x0000cc46        0x2 ff
 .text.lwip_netconn_do_listen
                0x0000cc48      0x1a4 ./lwip/src/api/api_msg.o
                0x0000cc48                lwip_netconn_do_listen
 .text.lwip_netconn_do_recv
                0x0000cdec       0x98 ./lwip/src/api/api_msg.o
                0x0000cdec                lwip_netconn_do_recv
 .text.lwip_netconn_do_accepted
                0x0000ce84       0x6c ./lwip/src/api/api_msg.o
                0x0000ce84                lwip_netconn_do_accepted
 .text.lwip_netconn_do_writemore
                0x0000cef0      0x314 ./lwip/src/api/api_msg.o
 .text.lwip_netconn_do_write
                0x0000d204      0x138 ./lwip/src/api/api_msg.o
                0x0000d204                lwip_netconn_do_write
 .text.lwip_netconn_do_close
                0x0000d33c      0x130 ./lwip/src/api/api_msg.o
                0x0000d33c                lwip_netconn_do_close
 .text.netbuf_new
                0x0000d46c       0x28 ./lwip/src/api/netbuf.o
                0x0000d46c                netbuf_new
 .text.netbuf_delete
                0x0000d494       0x3e ./lwip/src/api/netbuf.o
                0x0000d494                netbuf_delete
 *fill*         0x0000d4d2        0x2 ff
 .text.netbuf_ref
                0x0000d4d4       0x84 ./lwip/src/api/netbuf.o
                0x0000d4d4                netbuf_ref
 .text.netbuf_data
                0x0000d558       0x7c ./lwip/src/api/netbuf.o
                0x0000d558                netbuf_data
 .text.netbuf_next
                0x0000d5d4       0x50 ./lwip/src/api/netbuf.o
                0x0000d5d4                netbuf_next
 .text.tcpip_thread
                0x0000d624       0xb8 ./lwip/src/api/tcpip.o
 .text.tcpip_inpkt
                0x0000d6dc       0x74 ./lwip/src/api/tcpip.o
                0x0000d6dc                tcpip_inpkt
 .text.tcpip_input
                0x0000d750       0x44 ./lwip/src/api/tcpip.o
                0x0000d750                tcpip_input
 .text.tcpip_send_msg_wait_sem
                0x0000d794       0x2c ./lwip/src/api/tcpip.o
                0x0000d794                tcpip_send_msg_wait_sem
 .text.tcpip_init
                0x0000d7c0       0x7c ./lwip/src/api/tcpip.o
                0x0000d7c0                tcpip_init
 .text.__NVIC_SetPriority
                0x0000d83c       0x54 ./lwip/port/ethernetif.o
 .text.ENET_ActiveRead
                0x0000d890       0x1c ./lwip/port/ethernetif.o
 .text.ethernet_callback
                0x0000d8ac       0x94 ./lwip/port/ethernetif.o
 .text.enet_init
                0x0000d940      0x1a0 ./lwip/port/ethernetif.o
 .text.low_level_init
                0x0000dae0       0x5a ./lwip/port/ethernetif.o
 *fill*         0x0000db3a        0x2 ff
 .text.enet_get_tx_buffer
                0x0000db3c       0x1c ./lwip/port/ethernetif.o
 .text.enet_send_frame
                0x0000db58       0x52 ./lwip/port/ethernetif.o
 *fill*         0x0000dbaa        0x2 ff
 .text.low_level_output
                0x0000dbac       0xac ./lwip/port/ethernetif.o
 .text.enet_get_rx_frame_size
                0x0000dc58       0x20 ./lwip/port/ethernetif.o
 .text.enet_read_frame
                0x0000dc78       0x24 ./lwip/port/ethernetif.o
 .text.low_level_input
                0x0000dc9c      0x130 ./lwip/port/ethernetif.o
 .text.ethernetif_input
                0x0000ddcc       0x4c ./lwip/port/ethernetif.o
                0x0000ddcc                ethernetif_input
 .text.get_enet_base
                0x0000de18       0x68 ./lwip/port/ethernetif.o
 .text.ethernetif_init
                0x0000de80       0x90 ./lwip/port/ethernetif.o
 .text.ethernetif0_init
                0x0000df10       0x4c ./lwip/port/ethernetif.o
                0x0000df10                ethernetif0_init
 .text.sys_assert
                0x0000df5c       0x20 ./lwip/port/sys_arch.o
                0x0000df5c                sys_assert
 .text.sys_mbox_new
                0x0000df7c       0x38 ./lwip/port/sys_arch.o
                0x0000df7c                sys_mbox_new
 .text.sys_mbox_free
                0x0000dfb4       0x40 ./lwip/port/sys_arch.o
                0x0000dfb4                sys_mbox_free
 .text.sys_mbox_trypost
                0x0000dff4       0x94 ./lwip/port/sys_arch.o
                0x0000dff4                sys_mbox_trypost
 .text.sys_arch_mbox_fetch
                0x0000e088       0x98 ./lwip/port/sys_arch.o
                0x0000e088                sys_arch_mbox_fetch
 .text.sys_arch_mbox_tryfetch
                0x0000e120       0x40 ./lwip/port/sys_arch.o
                0x0000e120                sys_arch_mbox_tryfetch
 .text.sys_sem_new
                0x0000e160       0x62 ./lwip/port/sys_arch.o
                0x0000e160                sys_sem_new
 .text.sys_arch_sem_wait
                0x0000e1c2       0x84 ./lwip/port/sys_arch.o
                0x0000e1c2                sys_arch_sem_wait
 .text.sys_mutex_new
                0x0000e246       0x30 ./lwip/port/sys_arch.o
                0x0000e246                sys_mutex_new
 .text.sys_mutex_lock
                0x0000e276       0x28 ./lwip/port/sys_arch.o
                0x0000e276                sys_mutex_lock
 .text.sys_mutex_unlock
                0x0000e29e       0x1e ./lwip/port/sys_arch.o
                0x0000e29e                sys_mutex_unlock
 .text.sys_sem_signal
                0x0000e2bc       0x1e ./lwip/port/sys_arch.o
                0x0000e2bc                sys_sem_signal
 .text.sys_sem_free
                0x0000e2da       0x1a ./lwip/port/sys_arch.o
                0x0000e2da                sys_sem_free
 .text.sys_init
                0x0000e2f4        0xe ./lwip/port/sys_arch.o
                0x0000e2f4                sys_init
 .text.sys_now  0x0000e302        0xe ./lwip/port/sys_arch.o
                0x0000e302                sys_now
 .text.sys_thread_new
                0x0000e310       0x44 ./lwip/port/sys_arch.o
                0x0000e310                sys_thread_new
 .text.sys_arch_protect
                0x0000e354       0x42 ./lwip/port/sys_arch.o
                0x0000e354                sys_arch_protect
 .text.sys_arch_unprotect
                0x0000e396       0x2c ./lwip/port/sys_arch.o
                0x0000e396                sys_arch_unprotect
 *fill*         0x0000e3c2        0x2 ff
 .text.__NVIC_EnableIRQ
                0x0000e3c4       0x3c ./lwip/contrib/apps/udpecho/udpecho.o
 .text.__NVIC_SetPriority
                0x0000e400       0x54 ./lwip/contrib/apps/udpecho/udpecho.o
 .text.PIT_ClearStatusFlags
                0x0000e454       0x2a ./lwip/contrib/apps/udpecho/udpecho.o
 *fill*         0x0000e47e        0x2 ff
 .text.PIT0_IRQHandler
                0x0000e480       0x1c ./lwip/contrib/apps/udpecho/udpecho.o
                0x0000e480                PIT0_IRQHandler
 .text.buffers_Audio
                0x0000e49c      0x194 ./lwip/contrib/apps/udpecho/udpecho.o
 .text.server_thread
                0x0000e630       0xbc ./lwip/contrib/apps/udpecho/udpecho.o
 .text.udpecho_init
                0x0000e6ec      0x118 ./lwip/contrib/apps/udpecho/udpecho.o
                0x0000e6ec                udpecho_init
 .text.tcp_server
                0x0000e804      0x1c4 ./lwip/contrib/apps/tcpecho/tcpecho.o
 .text.tcpecho_init
                0x0000e9c8       0x2c ./lwip/contrib/apps/tcpecho/tcpecho.o
                0x0000e9c8                tcpecho_init
 .text.xEventGroupCreate
                0x0000e9f4       0x2e ./freertos/source/event_groups.o
                0x0000e9f4                xEventGroupCreate
 *fill*         0x0000ea22        0x2 ff
 .text.xEventGroupWaitBits
                0x0000ea24      0x190 ./freertos/source/event_groups.o
                0x0000ea24                xEventGroupWaitBits
 .text.xEventGroupSetBits
                0x0000ebb4      0x112 ./freertos/source/event_groups.o
                0x0000ebb4                xEventGroupSetBits
 .text.vEventGroupSetBitsCallback
                0x0000ecc6       0x1a ./freertos/source/event_groups.o
                0x0000ecc6                vEventGroupSetBitsCallback
 .text.prvTestWaitCondition
                0x0000ece0       0x44 ./freertos/source/event_groups.o
 .text.xEventGroupSetBitsFromISR
                0x0000ed24       0x28 ./freertos/source/event_groups.o
                0x0000ed24                xEventGroupSetBitsFromISR
 .text.vListInitialise
                0x0000ed4c       0x40 ./freertos/source/list.o
                0x0000ed4c                vListInitialise
 .text.vListInitialiseItem
                0x0000ed8c       0x1a ./freertos/source/list.o
                0x0000ed8c                vListInitialiseItem
 .text.vListInsertEnd
                0x0000eda6       0x48 ./freertos/source/list.o
                0x0000eda6                vListInsertEnd
 .text.vListInsert
                0x0000edee       0x72 ./freertos/source/list.o
                0x0000edee                vListInsert
 .text.uxListRemove
                0x0000ee60       0x54 ./freertos/source/list.o
                0x0000ee60                uxListRemove
 .text.xQueueGenericReset
                0x0000eeb4       0xd0 ./freertos/source/queue.o
                0x0000eeb4                xQueueGenericReset
 .text.xQueueGenericCreate
                0x0000ef84       0x72 ./freertos/source/queue.o
                0x0000ef84                xQueueGenericCreate
 .text.prvInitialiseNewQueue
                0x0000eff6       0x46 ./freertos/source/queue.o
 .text.prvInitialiseMutex
                0x0000f03c       0x34 ./freertos/source/queue.o
 .text.xQueueCreateMutex
                0x0000f070       0x30 ./freertos/source/queue.o
                0x0000f070                xQueueCreateMutex
 .text.xQueueGenericSend
                0x0000f0a0      0x1f4 ./freertos/source/queue.o
                0x0000f0a0                xQueueGenericSend
 .text.xQueueGenericSendFromISR
                0x0000f294      0x128 ./freertos/source/queue.o
                0x0000f294                xQueueGenericSendFromISR
 .text.xQueueGenericReceive
                0x0000f3bc      0x224 ./freertos/source/queue.o
                0x0000f3bc                xQueueGenericReceive
 .text.uxQueueMessagesWaiting
                0x0000f5e0       0x3a ./freertos/source/queue.o
                0x0000f5e0                uxQueueMessagesWaiting
 .text.vQueueDelete
                0x0000f61a       0x3a ./freertos/source/queue.o
                0x0000f61a                vQueueDelete
 .text.prvCopyDataToQueue
                0x0000f654       0xd4 ./freertos/source/queue.o
 .text.prvCopyDataFromQueue
                0x0000f728       0x4c ./freertos/source/queue.o
 .text.prvUnlockQueue
                0x0000f774       0xa4 ./freertos/source/queue.o
 .text.prvIsQueueEmpty
                0x0000f818       0x2c ./freertos/source/queue.o
 .text.prvIsQueueFull
                0x0000f844       0x30 ./freertos/source/queue.o
 .text.xQueueIsQueueFullFromISR
                0x0000f874       0x46 ./freertos/source/queue.o
                0x0000f874                xQueueIsQueueFullFromISR
 *fill*         0x0000f8ba        0x2 ff
 .text.vQueueAddToRegistry
                0x0000f8bc       0x50 ./freertos/source/queue.o
                0x0000f8bc                vQueueAddToRegistry
 .text.vQueueUnregisterQueue
                0x0000f90c       0x54 ./freertos/source/queue.o
                0x0000f90c                vQueueUnregisterQueue
 .text.vQueueWaitForMessageRestricted
                0x0000f960       0x68 ./freertos/source/queue.o
                0x0000f960                vQueueWaitForMessageRestricted
 .text.xTaskCreate
                0x0000f9c8       0x82 ./freertos/source/tasks.o
                0x0000f9c8                xTaskCreate
 .text.prvInitialiseNewTask
                0x0000fa4a      0x12a ./freertos/source/tasks.o
 .text.prvAddNewTaskToReadyList
                0x0000fb74       0xdc ./freertos/source/tasks.o
 .text.vTaskDelay
                0x0000fc50       0x68 ./freertos/source/tasks.o
                0x0000fc50                vTaskDelay
 .text.vTaskStartScheduler
                0x0000fcb8       0x98 ./freertos/source/tasks.o
                0x0000fcb8                vTaskStartScheduler
 .text.vTaskSuspendAll
                0x0000fd50       0x1c ./freertos/source/tasks.o
                0x0000fd50                vTaskSuspendAll
 .text.xTaskResumeAll
                0x0000fd6c      0x138 ./freertos/source/tasks.o
                0x0000fd6c                xTaskResumeAll
 .text.xTaskGetTickCount
                0x0000fea4       0x20 ./freertos/source/tasks.o
                0x0000fea4                xTaskGetTickCount
 .text.xTaskIncrementTick
                0x0000fec4      0x158 ./freertos/source/tasks.o
                0x0000fec4                xTaskIncrementTick
 .text.vTaskSwitchContext
                0x0001001c       0xb4 ./freertos/source/tasks.o
                0x0001001c                vTaskSwitchContext
 .text.vTaskPlaceOnEventList
                0x000100d0       0x48 ./freertos/source/tasks.o
                0x000100d0                vTaskPlaceOnEventList
 .text.vTaskPlaceOnUnorderedEventList
                0x00010118       0x74 ./freertos/source/tasks.o
                0x00010118                vTaskPlaceOnUnorderedEventList
 .text.vTaskPlaceOnEventListRestricted
                0x0001018c       0x54 ./freertos/source/tasks.o
                0x0001018c                vTaskPlaceOnEventListRestricted
 .text.xTaskRemoveFromEventList
                0x000101e0       0xc4 ./freertos/source/tasks.o
                0x000101e0                xTaskRemoveFromEventList
 .text.xTaskRemoveFromUnorderedEventList
                0x000102a4       0xcc ./freertos/source/tasks.o
                0x000102a4                xTaskRemoveFromUnorderedEventList
 .text.vTaskSetTimeOutState
                0x00010370       0x48 ./freertos/source/tasks.o
                0x00010370                vTaskSetTimeOutState
 .text.xTaskCheckForTimeOut
                0x000103b8       0xbc ./freertos/source/tasks.o
                0x000103b8                xTaskCheckForTimeOut
 .text.vTaskMissedYield
                0x00010474       0x18 ./freertos/source/tasks.o
                0x00010474                vTaskMissedYield
 .text.prvIdleTask
                0x0001048c       0x30 ./freertos/source/tasks.o
 .text.prvInitialiseTaskLists
                0x000104bc       0x80 ./freertos/source/tasks.o
 .text.prvCheckTasksWaitingTermination
                0x0001053c       0x78 ./freertos/source/tasks.o
 .text.prvDeleteTCB
                0x000105b4       0x20 ./freertos/source/tasks.o
 .text.prvResetNextTaskUnblockTime
                0x000105d4       0x4c ./freertos/source/tasks.o
 .text.xTaskGetSchedulerState
                0x00010620       0x3c ./freertos/source/tasks.o
                0x00010620                xTaskGetSchedulerState
 .text.vTaskPriorityInherit
                0x0001065c       0xec ./freertos/source/tasks.o
                0x0001065c                vTaskPriorityInherit
 .text.xTaskPriorityDisinherit
                0x00010748      0x108 ./freertos/source/tasks.o
                0x00010748                xTaskPriorityDisinherit
 .text.uxTaskResetEventItemValue
                0x00010850       0x30 ./freertos/source/tasks.o
                0x00010850                uxTaskResetEventItemValue
 .text.pvTaskIncrementMutexHeldCount
                0x00010880       0x28 ./freertos/source/tasks.o
                0x00010880                pvTaskIncrementMutexHeldCount
 .text.prvAddCurrentTaskToDelayedList
                0x000108a8       0xcc ./freertos/source/tasks.o
 .text.xTimerCreateTimerTask
                0x00010974       0x60 ./freertos/source/timers.o
                0x00010974                xTimerCreateTimerTask
 .text.xTimerGenericCommand
                0x000109d4       0x98 ./freertos/source/timers.o
                0x000109d4                xTimerGenericCommand
 .text.prvProcessExpiredTimer
                0x00010a6c       0x80 ./freertos/source/timers.o
 .text.prvTimerTask
                0x00010aec       0x24 ./freertos/source/timers.o
 .text.prvProcessTimerOrBlockTask
                0x00010b10       0x9c ./freertos/source/timers.o
 .text.prvGetNextExpireTime
                0x00010bac       0x48 ./freertos/source/timers.o
 .text.prvSampleTimeNow
                0x00010bf4       0x40 ./freertos/source/timers.o
 .text.prvInsertTimerInActiveList
                0x00010c34       0x84 ./freertos/source/timers.o
 .text.prvProcessReceivedCommands
                0x00010cb8      0x154 ./freertos/source/timers.o
 .text.prvSwitchTimerLists
                0x00010e0c       0xc0 ./freertos/source/timers.o
 .text.prvCheckForValidListAndQueue
                0x00010ecc       0x6c ./freertos/source/timers.o
 .text.xTimerPendFunctionCallFromISR
                0x00010f38       0x40 ./freertos/source/timers.o
                0x00010f38                xTimerPendFunctionCallFromISR
 .text.vPortSetupTimerInterrupt
                0x00010f78       0x40 ./freertos/portable/fsl_tickless_systick.o
                0x00010f78                vPortSetupTimerInterrupt
 .text.pvPortMalloc
                0x00010fb8       0x22 ./freertos/portable/heap_3.o
                0x00010fb8                pvPortMalloc
 .text.vPortFree
                0x00010fda       0x24 ./freertos/portable/heap_3.o
                0x00010fda                vPortFree
 *fill*         0x00010ffe        0x2 ff
 .text.pxPortInitialiseStack
                0x00011000       0x68 ./freertos/portable/port.o
                0x00011000                pxPortInitialiseStack
 .text.prvTaskExitError
                0x00011068       0x3c ./freertos/portable/port.o
 *fill*         0x000110a4        0xc ff
 .text.SVC_Handler
                0x000110b0       0x28 ./freertos/portable/port.o
                0x000110b0                SVC_Handler
 .text.prvPortStartFirstTask
                0x000110d8       0x20 ./freertos/portable/port.o
 .text.xPortStartScheduler
                0x000110f8      0x118 ./freertos/portable/port.o
                0x000110f8                xPortStartScheduler
 .text.vPortEnterCritical
                0x00011210       0x5c ./freertos/portable/port.o
                0x00011210                vPortEnterCritical
 .text.vPortExitCritical
                0x0001126c       0x50 ./freertos/portable/port.o
                0x0001126c                vPortExitCritical
 *fill*         0x000112bc        0x4 ff
 .text.PendSV_Handler
                0x000112c0       0x68 ./freertos/portable/port.o
                0x000112c0                PendSV_Handler
 .text.SysTick_Handler
                0x00011328       0x40 ./freertos/portable/port.o
                0x00011328                SysTick_Handler
 .text.vPortEnableVFP
                0x00011368       0x14 ./freertos/portable/port.o
 .text.vPortValidateInterruptPriority
                0x0001137c       0x7c ./freertos/portable/port.o
                0x0001137c                vPortValidateInterruptPriority
 .text.CLOCK_SetEr32kClock
                0x000113f8       0x30 ./drivers/fsl_clock.o
 .text.CLOCK_SetPllFllSelClock
                0x00011428       0x3c ./drivers/fsl_clock.o
 .text.OSC_SetExtRefClkConfig
                0x00011464       0x34 ./drivers/fsl_clock.o
 .text.OSC_SetCapLoad
                0x00011498       0x34 ./drivers/fsl_clock.o
 .text.CLOCK_GetMcgExtClkFreq
                0x000114cc       0x78 ./drivers/fsl_clock.o
 .text.CLOCK_GetFllExtRefClkFreq
                0x00011544       0xcc ./drivers/fsl_clock.o
 .text.CLOCK_GetInternalRefClkSelectFreq
                0x00011610       0x44 ./drivers/fsl_clock.o
 .text.CLOCK_GetFllRefClkFreq
                0x00011654       0x2c ./drivers/fsl_clock.o
 .text.CLOCK_GetPll0RefFreq
                0x00011680        0xe ./drivers/fsl_clock.o
 *fill*         0x0001168e        0x2 ff
 .text.CLOCK_GetOscRangeFromFreq
                0x00011690       0x3c ./drivers/fsl_clock.o
 .text.CLOCK_GetOsc0ErClkFreq
                0x000116cc       0x38 ./drivers/fsl_clock.o
                0x000116cc                CLOCK_GetOsc0ErClkFreq
 .text.CLOCK_GetEr32kClkFreq
                0x00011704       0x70 ./drivers/fsl_clock.o
                0x00011704                CLOCK_GetEr32kClkFreq
 .text.CLOCK_GetPllFllSelClkFreq
                0x00011774       0x54 ./drivers/fsl_clock.o
                0x00011774                CLOCK_GetPllFllSelClkFreq
 .text.CLOCK_GetCoreSysClkFreq
                0x000117c8       0x28 ./drivers/fsl_clock.o
                0x000117c8                CLOCK_GetCoreSysClkFreq
 .text.CLOCK_GetFreq
                0x000117f0      0x148 ./drivers/fsl_clock.o
                0x000117f0                CLOCK_GetFreq
 .text.CLOCK_SetSimConfig
                0x00011938       0x38 ./drivers/fsl_clock.o
                0x00011938                CLOCK_SetSimConfig
 .text.CLOCK_GetOutClkFreq
                0x00011970       0x64 ./drivers/fsl_clock.o
                0x00011970                CLOCK_GetOutClkFreq
 .text.CLOCK_GetFllFreq
                0x000119d4       0x7c ./drivers/fsl_clock.o
                0x000119d4                CLOCK_GetFllFreq
 .text.CLOCK_GetInternalRefClkFreq
                0x00011a50       0x24 ./drivers/fsl_clock.o
                0x00011a50                CLOCK_GetInternalRefClkFreq
 .text.CLOCK_GetFixedFreqClkFreq
                0x00011a74       0x2e ./drivers/fsl_clock.o
                0x00011a74                CLOCK_GetFixedFreqClkFreq
 *fill*         0x00011aa2        0x2 ff
 .text.CLOCK_GetPll0Freq
                0x00011aa4       0x68 ./drivers/fsl_clock.o
                0x00011aa4                CLOCK_GetPll0Freq
 .text.CLOCK_SetExternalRefClkConfig
                0x00011b0c       0x6c ./drivers/fsl_clock.o
                0x00011b0c                CLOCK_SetExternalRefClkConfig
 .text.CLOCK_SetInternalRefClkConfig
                0x00011b78      0x104 ./drivers/fsl_clock.o
                0x00011b78                CLOCK_SetInternalRefClkConfig
 .text.CLOCK_EnablePll0
                0x00011c7c       0x84 ./drivers/fsl_clock.o
                0x00011c7c                CLOCK_EnablePll0
 .text.CLOCK_InitOsc0
                0x00011d00       0x8c ./drivers/fsl_clock.o
                0x00011d00                CLOCK_InitOsc0
 .text.CLOCK_SetPbeMode
                0x00011d8c       0xa8 ./drivers/fsl_clock.o
                0x00011d8c                CLOCK_SetPbeMode
 .text.CLOCK_BootToPeeMode
                0x00011e34       0x64 ./drivers/fsl_clock.o
                0x00011e34                CLOCK_BootToPeeMode
 .text.CLOCK_EnableClock
                0x00011e98       0x36 ./drivers/fsl_dac.o
 *fill*         0x00011ece        0x2 ff
 .text.DAC_GetInstance
                0x00011ed0       0x4c ./drivers/fsl_dac.o
 .text.DAC_Init
                0x00011f1c       0x70 ./drivers/fsl_dac.o
                0x00011f1c                DAC_Init
 .text.DAC_GetDefaultConfig
                0x00011f8c       0x2c ./drivers/fsl_dac.o
                0x00011f8c                DAC_GetDefaultConfig
 .text.DAC_SetBufferValue
                0x00011fb8       0x50 ./drivers/fsl_dac.o
                0x00011fb8                DAC_SetBufferValue
 .text.DAC_SetBufferReadPointer
                0x00012008       0x48 ./drivers/fsl_dac.o
                0x00012008                DAC_SetBufferReadPointer
 .text.__NVIC_EnableIRQ
                0x00012050       0x3c ./drivers/fsl_enet.o
 .text.CLOCK_EnableClock
                0x0001208c       0x36 ./drivers/fsl_enet.o
 .text.EnableIRQ
                0x000120c2       0x2c ./drivers/fsl_enet.o
 .text.ENET_Reset
                0x000120ee       0x20 ./drivers/fsl_enet.o
 .text.ENET_GetSMI
                0x0001210e       0x26 ./drivers/fsl_enet.o
 .text.ENET_EnableSleepMode
                0x00012134       0x38 ./drivers/fsl_enet.o
 .text.ENET_EnableInterrupts
                0x0001216c       0x22 ./drivers/fsl_enet.o
 *fill*         0x0001218e        0x2 ff
 .text.ENET_GetInstance
                0x00012190       0x44 ./drivers/fsl_enet.o
                0x00012190                ENET_GetInstance
 .text.ENET_GetDefaultConfig
                0x000121d4       0x4c ./drivers/fsl_enet.o
                0x000121d4                ENET_GetDefaultConfig
 .text.ENET_Init
                0x00012220      0x104 ./drivers/fsl_enet.o
                0x00012220                ENET_Init
 .text.ENET_SetCallback
                0x00012324       0x30 ./drivers/fsl_enet.o
                0x00012324                ENET_SetCallback
 .text.ENET_SetHandler
                0x00012354      0x128 ./drivers/fsl_enet.o
 .text.ENET_SetMacController
                0x0001247c      0x290 ./drivers/fsl_enet.o
 .text.ENET_SetTxBufferDescriptors
                0x0001270c       0xd8 ./drivers/fsl_enet.o
 .text.ENET_SetRxBufferDescriptors
                0x000127e4       0xec ./drivers/fsl_enet.o
 .text.ENET_ActiveSend
                0x000128d0       0x3c ./drivers/fsl_enet.o
 .text.ENET_SetMacAddr
                0x0001290c       0x5e ./drivers/fsl_enet.o
                0x0001290c                ENET_SetMacAddr
 *fill*         0x0001296a        0x2 ff
 .text.ENET_SetSMI
                0x0001296c       0x8c ./drivers/fsl_enet.o
                0x0001296c                ENET_SetSMI
 .text.ENET_StartSMIWrite
                0x000129f8       0x50 ./drivers/fsl_enet.o
                0x000129f8                ENET_StartSMIWrite
 .text.ENET_StartSMIRead
                0x00012a48       0x4a ./drivers/fsl_enet.o
                0x00012a48                ENET_StartSMIRead
 *fill*         0x00012a92        0x2 ff
 .text.ENET_GetRxFrameSize
                0x00012a94       0xe4 ./drivers/fsl_enet.o
                0x00012a94                ENET_GetRxFrameSize
 .text.ENET_ReadFrame
                0x00012b78      0x13c ./drivers/fsl_enet.o
                0x00012b78                ENET_ReadFrame
 .text.ENET_UpdateReadBuffers
                0x00012cb4       0xd4 ./drivers/fsl_enet.o
 .text.ENET_SendFrame
                0x00012d88      0x1b0 ./drivers/fsl_enet.o
                0x00012d88                ENET_SendFrame
 .text.ENET_TransmitIRQHandler
                0x00012f38       0x54 ./drivers/fsl_enet.o
                0x00012f38                ENET_TransmitIRQHandler
 .text.ENET_ReceiveIRQHandler
                0x00012f8c       0x54 ./drivers/fsl_enet.o
                0x00012f8c                ENET_ReceiveIRQHandler
 .text.ENET_ErrorIRQHandler
                0x00012fe0       0x8c ./drivers/fsl_enet.o
                0x00012fe0                ENET_ErrorIRQHandler
 .text.ENET_Transmit_IRQHandler
                0x0001306c       0x28 ./drivers/fsl_enet.o
                0x0001306c                ENET_Transmit_IRQHandler
 .text.ENET_Receive_IRQHandler
                0x00013094       0x28 ./drivers/fsl_enet.o
                0x00013094                ENET_Receive_IRQHandler
 .text.ENET_Error_IRQHandler
                0x000130bc       0x28 ./drivers/fsl_enet.o
                0x000130bc                ENET_Error_IRQHandler
 .text.ENET_1588_Timer_IRQHandler
                0x000130e4       0x28 ./drivers/fsl_enet.o
                0x000130e4                ENET_1588_Timer_IRQHandler
 .text.CLOCK_EnableClock
                0x0001310c       0x36 ./drivers/fsl_pit.o
 *fill*         0x00013142        0x2 ff
 .text.PIT_GetInstance
                0x00013144       0x44 ./drivers/fsl_pit.o
 .text.PIT_Init
                0x00013188       0x64 ./drivers/fsl_pit.o
                0x00013188                PIT_Init
 .text.CLOCK_EnableClock
                0x000131ec       0x36 ./drivers/fsl_uart.o
 *fill*         0x00013222        0x2 ff
 .text.UART_GetInstance
                0x00013224       0x54 ./drivers/fsl_uart.o
                0x00013224                UART_GetInstance
 .text.UART_Init
                0x00013278      0x2d8 ./drivers/fsl_uart.o
                0x00013278                UART_Init
 .text.UART_GetDefaultConfig
                0x00013550       0x60 ./drivers/fsl_uart.o
                0x00013550                UART_GetDefaultConfig
 .text.UART_GetStatusFlags
                0x000135b0       0x46 ./drivers/fsl_uart.o
                0x000135b0                UART_GetStatusFlags
 .text.UART_WriteBlocking
                0x000135f6       0x3e ./drivers/fsl_uart.o
                0x000135f6                UART_WriteBlocking
 .text.UART_ReadBlocking
                0x00013634       0x90 ./drivers/fsl_uart.o
                0x00013634                UART_ReadBlocking
 .text.UART0_DriverIRQHandler
                0x000136c4       0x28 ./drivers/fsl_uart.o
                0x000136c4                UART0_DriverIRQHandler
 .text.UART0_RX_TX_DriverIRQHandler
                0x000136ec       0x10 ./drivers/fsl_uart.o
                0x000136ec                UART0_RX_TX_DriverIRQHandler
 .text.UART1_DriverIRQHandler
                0x000136fc       0x28 ./drivers/fsl_uart.o
                0x000136fc                UART1_DriverIRQHandler
 .text.UART1_RX_TX_DriverIRQHandler
                0x00013724       0x10 ./drivers/fsl_uart.o
                0x00013724                UART1_RX_TX_DriverIRQHandler
 .text.UART2_DriverIRQHandler
                0x00013734       0x28 ./drivers/fsl_uart.o
                0x00013734                UART2_DriverIRQHandler
 .text.UART2_RX_TX_DriverIRQHandler
                0x0001375c       0x10 ./drivers/fsl_uart.o
                0x0001375c                UART2_RX_TX_DriverIRQHandler
 .text.UART3_DriverIRQHandler
                0x0001376c       0x28 ./drivers/fsl_uart.o
                0x0001376c                UART3_DriverIRQHandler
 .text.UART3_RX_TX_DriverIRQHandler
                0x00013794       0x10 ./drivers/fsl_uart.o
                0x00013794                UART3_RX_TX_DriverIRQHandler
 .text.UART4_DriverIRQHandler
                0x000137a4       0x28 ./drivers/fsl_uart.o
                0x000137a4                UART4_DriverIRQHandler
 .text.UART4_RX_TX_DriverIRQHandler
                0x000137cc       0x10 ./drivers/fsl_uart.o
                0x000137cc                UART4_RX_TX_DriverIRQHandler
 .text.UART5_DriverIRQHandler
                0x000137dc       0x28 ./drivers/fsl_uart.o
                0x000137dc                UART5_DriverIRQHandler
 .text.UART5_RX_TX_DriverIRQHandler
                0x00013804       0x10 ./drivers/fsl_uart.o
                0x00013804                UART5_RX_TX_DriverIRQHandler
 .text.BOARD_InitDebugConsole
                0x00013814       0x28 ./board/board.o
                0x00013814                BOARD_InitDebugConsole
 .text.CLOCK_SetSimSafeDivs
                0x0001383c       0x20 ./board/clock_config.o
 .text.CLOCK_SetXtal0Freq
                0x0001385c       0x20 ./board/clock_config.o
 .text.CLOCK_CONFIG_SetFllExtRefDiv
                0x0001387c       0x3c ./board/clock_config.o
 .text.BOARD_BootClockRUN
                0x000138b8       0x60 ./board/clock_config.o
                0x000138b8                BOARD_BootClockRUN
 .text.CLOCK_EnableClock
                0x00013918       0x36 ./board/fsl_phy.o
 .text.ENET_ReadSMIData
                0x0001394e       0x1a ./board/fsl_phy.o
 .text.ENET_GetInterruptStatus
                0x00013968       0x18 ./board/fsl_phy.o
 .text.ENET_ClearInterruptStatus
                0x00013980       0x1c ./board/fsl_phy.o
 .text.PHY_Init
                0x0001399c      0x12c ./board/fsl_phy.o
                0x0001399c                PHY_Init
 .text.PHY_Write
                0x00013ac8       0x70 ./board/fsl_phy.o
                0x00013ac8                PHY_Write
 .text.PHY_Read
                0x00013b38       0x88 ./board/fsl_phy.o
                0x00013b38                PHY_Read
 .text.PHY_GetLinkStatus
                0x00013bc0       0x58 ./board/fsl_phy.o
                0x00013bc0                PHY_GetLinkStatus
 .text.PHY_GetLinkSpeedDuplex
                0x00013c18       0x88 ./board/fsl_phy.o
                0x00013c18                PHY_GetLinkSpeedDuplex
 .text.BOARD_InitBootPeripherals
                0x00013ca0        0xe ./board/peripherals.o
                0x00013ca0                BOARD_InitBootPeripherals
 .text.CLOCK_EnableClock
                0x00013cae       0x36 ./board/pin_mux.o
 .text.PORT_SetPinConfig
                0x00013ce4       0x38 ./board/pin_mux.o
 .text.PORT_SetPinMux
                0x00013d1c       0x3a ./board/pin_mux.o
 *fill*         0x00013d56        0x2 ff
 .text.BOARD_InitPins
                0x00013d58      0x100 ./board/pin_mux.o
                0x00013d58                BOARD_InitPins
 .text.SystemInit
                0x00013e58       0x40 ./CMSIS/system_MK64F12.o
                0x00013e58                SystemInit
 .text.__main   0x00013e98        0xe c:/nxp/mcuxpressoide_10.1.1_606/ide/tools/bin/../lib/gcc/arm-none-eabi/6.3.1/../../../../arm-none-eabi/lib/thumb/v7e-m/fpv4-sp/hard\libcr_nohost_nf.a(_cr__main.o)
                0x00013e98                __main
 *fill*         0x00013ea6        0x2 ff
 .text.__assertion_failed
                0x00013ea8       0x4c c:/nxp/mcuxpressoide_10.1.1_606/ide/tools/bin/../lib/gcc/arm-none-eabi/6.3.1/../../../../arm-none-eabi/lib/thumb/v7e-m/fpv4-sp/hard\libcr_nohost_nf.a(_cr_assert.o)
                0x00013ea8                __assertion_failed
 .text.__sys_appexit
                0x00013ef4        0x2 c:/nxp/mcuxpressoide_10.1.1_606/ide/tools/bin/../lib/gcc/arm-none-eabi/6.3.1/../../../../arm-none-eabi/lib/thumb/v7e-m/fpv4-sp/hard\libcr_nohost_nf.a(__sys_appexit.o)
                0x00013ef4                __sys_appexit
                0x00013ef4                __exit
 .text.memcpy   0x00013ef6        0x4 c:/nxp/mcuxpressoide_10.1.1_606/ide/tools/bin/../lib/gcc/arm-none-eabi/6.3.1/../../../../arm-none-eabi/lib/thumb/v7e-m/fpv4-sp/hard\libcr_c.a(memcpy.o)
                0x00013ef6                memcpy
 .text.memset   0x00013efa        0x4 c:/nxp/mcuxpressoide_10.1.1_606/ide/tools/bin/../lib/gcc/arm-none-eabi/6.3.1/../../../../arm-none-eabi/lib/thumb/v7e-m/fpv4-sp/hard\libcr_c.a(memset.o)
                0x00013efa                memset
 .text._deferredlazyseek
                0x00013efe       0x40 c:/nxp/mcuxpressoide_10.1.1_606/ide/tools/bin/../lib/gcc/arm-none-eabi/6.3.1/../../../../arm-none-eabi/lib/thumb/v7e-m/fpv4-sp/hard\libcr_c.a(_deferredlazyseek.o)
                0x00013efe                _deferredlazyseek
 .text.__flsbuf
                0x00013f3e      0x148 c:/nxp/mcuxpressoide_10.1.1_606/ide/tools/bin/../lib/gcc/arm-none-eabi/6.3.1/../../../../arm-none-eabi/lib/thumb/v7e-m/fpv4-sp/hard\libcr_c.a(_deferredlazyseek.o)
                0x00013f3e                __flsbuf
 .text._fflush  0x00014086       0x54 c:/nxp/mcuxpressoide_10.1.1_606/ide/tools/bin/../lib/gcc/arm-none-eabi/6.3.1/../../../../arm-none-eabi/lib/thumb/v7e-m/fpv4-sp/hard\libcr_c.a(_fflush.o)
                0x00014086                _fflush
 *fill*         0x000140da        0x2 ff
 .text._Cwritebuf
                0x000140dc       0x6c c:/nxp/mcuxpressoide_10.1.1_606/ide/tools/bin/../lib/gcc/arm-none-eabi/6.3.1/../../../../arm-none-eabi/lib/thumb/v7e-m/fpv4-sp/hard\libcr_c.a(_writebuf.o)
                0x000140dc                _Cwritebuf
 .text.malloc   0x00014148       0xc4 c:/nxp/mcuxpressoide_10.1.1_606/ide/tools/bin/../lib/gcc/arm-none-eabi/6.3.1/../../../../arm-none-eabi/lib/thumb/v7e-m/fpv4-sp/hard\libcr_c.a(alloc.o)
                0x00014148                malloc
 .text.free     0x0001420c       0x30 c:/nxp/mcuxpressoide_10.1.1_606/ide/tools/bin/../lib/gcc/arm-none-eabi/6.3.1/../../../../arm-none-eabi/lib/thumb/v7e-m/fpv4-sp/hard\libcr_c.a(alloc.o)
                0x0001420c                free
 .text._Csys_alloc
                0x0001423c       0x20 c:/nxp/mcuxpressoide_10.1.1_606/ide/tools/bin/../lib/gcc/arm-none-eabi/6.3.1/../../../../arm-none-eabi/lib/thumb/v7e-m/fpv4-sp/hard\libcr_c.a(alloc.o)
                0x0001423c                _Csys_alloc
 .text.fputs    0x0001425c       0x2c c:/nxp/mcuxpressoide_10.1.1_606/ide/tools/bin/../lib/gcc/arm-none-eabi/6.3.1/../../../../arm-none-eabi/lib/thumb/v7e-m/fpv4-sp/hard\libcr_c.a(fputs.o)
                0x0001425c                fputs
 .text.fseek    0x00014288      0x100 c:/nxp/mcuxpressoide_10.1.1_606/ide/tools/bin/../lib/gcc/arm-none-eabi/6.3.1/../../../../arm-none-eabi/lib/thumb/v7e-m/fpv4-sp/hard\libcr_c.a(fseek.o)
                0x00014288                fseek
 .text.ftell    0x00014388       0x48 c:/nxp/mcuxpressoide_10.1.1_606/ide/tools/bin/../lib/gcc/arm-none-eabi/6.3.1/../../../../arm-none-eabi/lib/thumb/v7e-m/fpv4-sp/hard\libcr_c.a(ftell.o)
                0x00014388                ftell
 .text._initio  0x000143d0       0x78 c:/nxp/mcuxpressoide_10.1.1_606/ide/tools/bin/../lib/gcc/arm-none-eabi/6.3.1/../../../../arm-none-eabi/lib/thumb/v7e-m/fpv4-sp/hard\libcr_c.a(initio.o)
                0x000143d0                _initio
 .text.memcmp   0x00014448       0x44 c:/nxp/mcuxpressoide_10.1.1_606/ide/tools/bin/../lib/gcc/arm-none-eabi/6.3.1/../../../../arm-none-eabi/lib/thumb/v7e-m/fpv4-sp/hard\libcr_c.a(memcmp.o)
                0x00014448                memcmp
 .text.setvbuf  0x0001448c       0x40 c:/nxp/mcuxpressoide_10.1.1_606/ide/tools/bin/../lib/gcc/arm-none-eabi/6.3.1/../../../../arm-none-eabi/lib/thumb/v7e-m/fpv4-sp/hard\libcr_c.a(setvbuf.o)
                0x0001448c                setvbuf
 .text.strlen   0x000144cc       0x4a c:/nxp/mcuxpressoide_10.1.1_606/ide/tools/bin/../lib/gcc/arm-none-eabi/6.3.1/../../../../arm-none-eabi/lib/thumb/v7e-m/fpv4-sp/hard\libcr_c.a(strlen.o)
                0x000144cc                strlen
 *fill*         0x00014516        0x2 ff
 .text._sbrk    0x00014518       0x3c c:/nxp/mcuxpressoide_10.1.1_606/ide/tools/bin/../lib/gcc/arm-none-eabi/6.3.1/../../../../arm-none-eabi/lib/thumb/v7e-m/fpv4-sp/hard\libcr_c.a(_cr_sbrk.o)
                0x00014518                _sbrk
 .text._fdopen  0x00014554       0x68 c:/nxp/mcuxpressoide_10.1.1_606/ide/tools/bin/../lib/gcc/arm-none-eabi/6.3.1/../../../../arm-none-eabi/lib/thumb/v7e-m/fpv4-sp/hard\libcr_c.a(_fdopen.o)
                0x00014554                _fdopen
 .text.fclose   0x000145bc       0x58 c:/nxp/mcuxpressoide_10.1.1_606/ide/tools/bin/../lib/gcc/arm-none-eabi/6.3.1/../../../../arm-none-eabi/lib/thumb/v7e-m/fpv4-sp/hard\libcr_c.a(fclose.o)
                0x000145bc                fclose
 .text.fflush   0x00014614       0x44 c:/nxp/mcuxpressoide_10.1.1_606/ide/tools/bin/../lib/gcc/arm-none-eabi/6.3.1/../../../../arm-none-eabi/lib/thumb/v7e-m/fpv4-sp/hard\libcr_c.a(fflush.o)
                0x00014614                fflush
 .text.remove   0x00014658       0x14 c:/nxp/mcuxpressoide_10.1.1_606/ide/tools/bin/../lib/gcc/arm-none-eabi/6.3.1/../../../../arm-none-eabi/lib/thumb/v7e-m/fpv4-sp/hard\libcr_c.a(remove.o)
                0x00014658                remove
 .text.__check_heap_overflow
                0x0001466c       0x18 c:/nxp/mcuxpressoide_10.1.1_606/ide/tools/bin/../lib/gcc/arm-none-eabi/6.3.1/../../../../arm-none-eabi/lib/thumb/v7e-m/fpv4-sp/hard\libcr_c.a(_cr_check_heap.o)
                0x0001466c                __check_heap_overflow
 .text._do_fflush
                0x00014684       0x40 c:/nxp/mcuxpressoide_10.1.1_606/ide/tools/bin/../lib/gcc/arm-none-eabi/6.3.1/../../../../arm-none-eabi/lib/thumb/v7e-m/fpv4-sp/hard\libcr_c.a(_do_fflush.o)
                0x00014684                _do_fflush
 .text.__aeabi_division_ldivmod
                0x000146c4       0x26 c:/nxp/mcuxpressoide_10.1.1_606/ide/tools/bin/../lib/gcc/arm-none-eabi/6.3.1/thumb/v7e-m/fpv4-sp/hard\libcr_eabihelpers.a(division_64.o)
                0x000146c4                __aeabi_ldivmod
 .text.__aeabi_division_uldivmod
                0x000146ea      0x174 c:/nxp/mcuxpressoide_10.1.1_606/ide/tools/bin/../lib/gcc/arm-none-eabi/6.3.1/thumb/v7e-m/fpv4-sp/hard\libcr_eabihelpers.a(division_64.o)
                0x000146ea                __aeabi_uldivmod
                0x000146ee                __bhs_ldivmod1
 .text.__aeabi_division_idiv0
                0x0001485e        0x2 c:/nxp/mcuxpressoide_10.1.1_606/ide/tools/bin/../lib/gcc/arm-none-eabi/6.3.1/thumb/v7e-m/fpv4-sp/hard\libcr_eabihelpers.a(division_idiv0.o)