Archive member included to satisfy reference by file (symbol)

c:/nxp/mcuxpressoide_10.1.1_606/ide/tools/bin/../lib/gcc/arm-none-eabi/6.3.1/../../../../arm-none-eabi/lib/thumb/v7e-m/fpv4-sp/hard\libcr_nohost_nf.a(_cr__main.o)
                              ./startup/startup_mk64f12.o (__main)
c:/nxp/mcuxpressoide_10.1.1_606/ide/tools/bin/../lib/gcc/arm-none-eabi/6.3.1/../../../../arm-none-eabi/lib/thumb/v7e-m/fpv4-sp/hard\libcr_nohost_nf.a(_cr_assert.o)
                              ./utilities/fsl_debug_console.o (__assertion_failed)
c:/nxp/mcuxpressoide_10.1.1_606/ide/tools/bin/../lib/gcc/arm-none-eabi/6.3.1/../../../../arm-none-eabi/lib/thumb/v7e-m/fpv4-sp/hard\libcr_nohost_nf.a(__ciob.o)
                              c:/nxp/mcuxpressoide_10.1.1_606/ide/tools/bin/../lib/gcc/arm-none-eabi/6.3.1/../../../../arm-none-eabi/lib/thumb/v7e-m/fpv4-sp/hard\libcr_nohost_nf.a(_cr_assert.o) (__Ciob)
c:/nxp/mcuxpressoide_10.1.1_606/ide/tools/bin/../lib/gcc/arm-none-eabi/6.3.1/../../../../arm-none-eabi/lib/thumb/v7e-m/fpv4-sp/hard\libcr_nohost_nf.a(__sys_appexit.o)
                              c:/nxp/mcuxpressoide_10.1.1_606/ide/tools/bin/../lib/gcc/arm-none-eabi/6.3.1/../../../../arm-none-eabi/lib/thumb/v7e-m/fpv4-sp/hard\libcr_nohost_nf.a(_cr_assert.o) (__sys_appexit)
c:/nxp/mcuxpressoide_10.1.1_606/ide/tools/bin/../lib/gcc/arm-none-eabi/6.3.1/../../../../arm-none-eabi/lib/thumb/v7e-m/fpv4-sp/hard\libcr_c.a(memcpy.o)
                              ./lwip/src/netif/ethernet.o (memcpy)
c:/nxp/mcuxpressoide_10.1.1_606/ide/tools/bin/../lib/gcc/arm-none-eabi/6.3.1/../../../../arm-none-eabi/lib/thumb/v7e-m/fpv4-sp/hard\libcr_c.a(memset.o)
                              ./utilities/fsl_debug_console.o (memset)
c:/nxp/mcuxpressoide_10.1.1_606/ide/tools/bin/../lib/gcc/arm-none-eabi/6.3.1/../../../../arm-none-eabi/lib/thumb/v7e-m/fpv4-sp/hard\libcr_c.a(_deferredlazyseek.o)
                              c:/nxp/mcuxpressoide_10.1.1_606/ide/tools/bin/../lib/gcc/arm-none-eabi/6.3.1/../../../../arm-none-eabi/lib/thumb/v7e-m/fpv4-sp/hard\libcr_nohost_nf.a(_cr_assert.o) (__flsbuf)
c:/nxp/mcuxpressoide_10.1.1_606/ide/tools/bin/../lib/gcc/arm-none-eabi/6.3.1/../../../../arm-none-eabi/lib/thumb/v7e-m/fpv4-sp/hard\libcr_c.a(_fflush.o)
                              c:/nxp/mcuxpressoide_10.1.1_606/ide/tools/bin/../lib/gcc/arm-none-eabi/6.3.1/../../../../arm-none-eabi/lib/thumb/v7e-m/fpv4-sp/hard\libcr_c.a(_deferredlazyseek.o) (_fflush)
c:/nxp/mcuxpressoide_10.1.1_606/ide/tools/bin/../lib/gcc/arm-none-eabi/6.3.1/../../../../arm-none-eabi/lib/thumb/v7e-m/fpv4-sp/hard\libcr_c.a(_writebuf.o)
                              c:/nxp/mcuxpressoide_10.1.1_606/ide/tools/bin/../lib/gcc/arm-none-eabi/6.3.1/../../../../arm-none-eabi/lib/thumb/v7e-m/fpv4-sp/hard\libcr_c.a(_deferredlazyseek.o) (_Cwritebuf)
c:/nxp/mcuxpressoide_10.1.1_606/ide/tools/bin/../lib/gcc/arm-none-eabi/6.3.1/../../../../arm-none-eabi/lib/thumb/v7e-m/fpv4-sp/hard\libcr_c.a(alloc.o)
                              ./freertos/portable/heap_3.o (malloc)
c:/nxp/mcuxpressoide_10.1.1_606/ide/tools/bin/../lib/gcc/arm-none-eabi/6.3.1/../../../../arm-none-eabi/lib/thumb/v7e-m/fpv4-sp/hard\libcr_c.a(fputs.o)
                              c:/nxp/mcuxpressoide_10.1.1_606/ide/tools/bin/../lib/gcc/arm-none-eabi/6.3.1/../../../../arm-none-eabi/lib/thumb/v7e-m/fpv4-sp/hard\libcr_nohost_nf.a(_cr_assert.o) (fputs)
c:/nxp/mcuxpressoide_10.1.1_606/ide/tools/bin/../lib/gcc/arm-none-eabi/6.3.1/../../../../arm-none-eabi/lib/thumb/v7e-m/fpv4-sp/hard\libcr_c.a(fseek.o)
                              c:/nxp/mcuxpressoide_10.1.1_606/ide/tools/bin/../lib/gcc/arm-none-eabi/6.3.1/../../../../arm-none-eabi/lib/thumb/v7e-m/fpv4-sp/hard\libcr_c.a(_deferredlazyseek.o) (fseek)
c:/nxp/mcuxpressoide_10.1.1_606/ide/tools/bin/../lib/gcc/arm-none-eabi/6.3.1/../../../../arm-none-eabi/lib/thumb/v7e-m/fpv4-sp/hard\libcr_c.a(ftell.o)
                              c:/nxp/mcuxpressoide_10.1.1_606/ide/tools/bin/../lib/gcc/arm-none-eabi/6.3.1/../../../../arm-none-eabi/lib/thumb/v7e-m/fpv4-sp/hard\libcr_c.a(fseek.o) (ftell)
c:/nxp/mcuxpressoide_10.1.1_606/ide/tools/bin/../lib/gcc/arm-none-eabi/6.3.1/../../../../arm-none-eabi/lib/thumb/v7e-m/fpv4-sp/hard\libcr_c.a(initio.o)
                              c:/nxp/mcuxpressoide_10.1.1_606/ide/tools/bin/../lib/gcc/arm-none-eabi/6.3.1/../../../../arm-none-eabi/lib/thumb/v7e-m/fpv4-sp/hard\libcr_nohost_nf.a(_cr__main.o) (_initio)
c:/nxp/mcuxpressoide_10.1.1_606/ide/tools/bin/../lib/gcc/arm-none-eabi/6.3.1/../../../../arm-none-eabi/lib/thumb/v7e-m/fpv4-sp/hard\libcr_c.a(memcmp.o)
                              ./lwip/src/netif/ethernet.o (memcmp)
c:/nxp/mcuxpressoide_10.1.1_606/ide/tools/bin/../lib/gcc/arm-none-eabi/6.3.1/../../../../arm-none-eabi/lib/thumb/v7e-m/fpv4-sp/hard\libcr_c.a(printf.o)
                              ./freertos/source/tasks.o (_sprintf)
[...]
Memory Configuration

Name             Origin             Length             Attributes
PROGRAM_FLASH    0x00000000         0x00100000         xr
SRAM_UPPER       0x20000000         0x00030000         xrw
SRAM_LOWER       0x1fff0000         0x00010000         xrw
FLEX_RAM         0x14000000         0x00001000         xrw
*default*        0x00000000         0xffffffff

Linker script and memory map

LOAD ./utilities/fsl_assert.o
LOAD ./utilities/fsl_debug_console.o
LOAD ./utilities/fsl_io.o
LOAD ./utilities/fsl_log.o
LOAD ./utilities/fsl_str.o
LOAD ./startup/startup_mk64f12.o
LOAD ./source/lwip_tcpecho_freertos.o
LOAD ./source/semihost_hardfault.o
LOAD ./lwip/src/netif/ppp/auth.o
LOAD ./lwip/src/netif/ppp/ccp.o
LOAD ./lwip/src/netif/ppp/chap-md5.o
LOAD ./lwip/src/netif/ppp/chap-new.o
LOAD ./lwip/src/netif/ppp/chap_ms.o
LOAD ./lwip/src/netif/ppp/demand.o
LOAD ./lwip/src/netif/ppp/eap.o
LOAD ./lwip/src/netif/ppp/eui64.o
LOAD ./lwip/src/netif/ppp/fsm.o
LOAD ./lwip/src/netif/ppp/ipcp.o
LOAD ./lwip/src/netif/ppp/ipv6cp.o
LOAD ./lwip/src/netif/ppp/lcp.o
LOAD ./lwip/src/netif/ppp/lwip_ecp.o
LOAD ./lwip/src/netif/ppp/magic.o
LOAD ./lwip/src/netif/ppp/mppe.o
LOAD ./lwip/src/netif/ppp/multilink.o
LOAD ./lwip/src/netif/ppp/ppp.o
LOAD ./lwip/src/netif/ppp/pppapi.o
LOAD ./lwip/src/netif/ppp/pppcrypt.o
LOAD ./lwip/src/netif/ppp/pppoe.o
LOAD ./lwip/src/netif/ppp/pppol2tp.o
LOAD ./lwip/src/netif/ppp/pppos.o
LOAD ./lwip/src/netif/ppp/upap.o
LOAD ./lwip/src/netif/ppp/utils.o
LOAD ./lwip/src/netif/ppp/vj.o
LOAD ./lwip/src/netif/ethernet.o
LOAD ./lwip/src/netif/lowpan6.o
LOAD ./lwip/src/netif/slipif.o
LOAD ./lwip/src/core/ipv6/dhcp6.o
LOAD ./lwip/src/core/ipv6/ethip6.o
LOAD ./lwip/src/core/ipv6/icmp6.o
LOAD ./lwip/src/core/ipv6/inet6.o
LOAD ./lwip/src/core/ipv6/ip6.o
LOAD ./lwip/src/core/ipv6/ip6_addr.o
LOAD ./lwip/src/core/ipv6/ip6_frag.o
LOAD ./lwip/src/core/ipv6/mld6.o
LOAD ./lwip/src/core/ipv6/nd6.o
LOAD ./lwip/src/core/ipv4/autoip.o
LOAD ./lwip/src/core/ipv4/dhcp.o
LOAD ./lwip/src/core/ipv4/etharp.o
LOAD ./lwip/src/core/ipv4/icmp.o
LOAD ./lwip/src/core/ipv4/igmp.o
LOAD ./lwip/src/core/ipv4/ip4.o
LOAD ./lwip/src/core/ipv4/ip4_addr.o
LOAD ./lwip/src/core/ipv4/ip4_frag.o
LOAD ./lwip/src/core/def.o
LOAD ./lwip/src/core/dns.o
LOAD ./lwip/src/core/inet_chksum.o
LOAD ./lwip/src/core/init.o
LOAD ./lwip/src/core/ip.o
LOAD ./lwip/src/core/mem.o
LOAD ./lwip/src/core/memp.o
LOAD ./lwip/src/core/netif.o
LOAD ./lwip/src/core/pbuf.o
LOAD ./lwip/src/core/raw.o
LOAD ./lwip/src/core/stats.o
LOAD ./lwip/src/core/sys.o
LOAD ./lwip/src/core/tcp.o
LOAD ./lwip/src/core/tcp_in.o
LOAD ./lwip/src/core/tcp_out.o
LOAD ./lwip/src/core/timeouts.o
LOAD ./lwip/src/core/udp.o
LOAD ./lwip/src/api/api_lib.o
LOAD ./lwip/src/api/api_msg.o
LOAD ./lwip/src/api/err.o
LOAD ./lwip/src/api/netbuf.o
LOAD ./lwip/src/api/netdb.o
LOAD ./lwip/src/api/netifapi.o
LOAD ./lwip/src/api/sockets.o
LOAD ./lwip/src/api/tcpip.o
LOAD ./lwip/port/ethernetif.o
LOAD ./lwip/port/sys_arch.o
LOAD ./lwip/contrib/apps/udpecho/udpecho.o
LOAD ./lwip/contrib/apps/tcpecho/tcpecho.o
LOAD ./freertos/source/croutine.o
LOAD ./freertos/source/event_groups.o
LOAD ./freertos/source/list.o
LOAD ./freertos/source/queue.o
LOAD ./freertos/source/tasks.o
LOAD ./freertos/source/timers.o
LOAD ./freertos/portable/fsl_tickless_systick.o
LOAD ./freertos/portable/heap_3.o
LOAD ./freertos/portable/port.o
LOAD ./drivers/fsl_clock.o
LOAD ./drivers/fsl_common.o
LOAD ./drivers/fsl_enet.o
LOAD ./drivers/fsl_flash.o
LOAD ./drivers/fsl_gpio.o
LOAD ./drivers/fsl_sim.o
LOAD ./drivers/fsl_smc.o
LOAD ./drivers/fsl_uart.o
LOAD ./board/board.o
LOAD ./board/clock_config.o
LOAD ./board/fsl_phy.o
LOAD ./board/pin_mux.o
LOAD ./CMSIS/system_MK64F12.o
START GROUP
LOAD c:/nxp/mcuxpressoide_10.1.1_606/ide/tools/bin/../lib/gcc/arm-none-eabi/6.3.1/../../../../arm-none-eabi/lib/thumb/v7e-m/fpv4-sp/hard\libcr_nohost_nf.a
LOAD c:/nxp/mcuxpressoide_10.1.1_606/ide/tools/bin/../lib/gcc/arm-none-eabi/6.3.1/../../../../arm-none-eabi/lib/thumb/v7e-m/fpv4-sp/hard\libcr_c.a
LOAD c:/nxp/mcuxpressoide_10.1.1_606/ide/tools/bin/../lib/gcc/arm-none-eabi/6.3.1/thumb/v7e-m/fpv4-sp/hard\libcr_eabihelpers.a
END GROUP
                0x00000000                __base_PROGRAM_FLASH = 0x0
                0x00000000                __base_Flash = 0x0
                0x00100000                __top_PROGRAM_FLASH = 0x100000
                0x00100000                __top_Flash = 0x100000
                0x20000000                __base_SRAM_UPPER = 0x20000000
                0x20000000                __base_RAM = 0x20000000
                0x20030000                __top_SRAM_UPPER = 0x20030000
                0x20030000                __top_RAM = 0x20030000
                0x1fff0000                __base_SRAM_LOWER = 0x1fff0000
                0x1fff0000                __base_RAM2 = 0x1fff0000
                0x20000000                __top_SRAM_LOWER = 0x20000000
                0x20000000                __top_RAM2 = 0x20000000
                0x14000000                __base_FLEX_RAM = 0x14000000
                0x14000000                __base_RAM3 = 0x14000000
                0x14001000                __top_FLEX_RAM = 0x14001000
                0x14001000                __top_RAM3 = 0x14001000

.text           0x00000000    0x179f4
 FILL mask 0xff
                0x00000000                __vectors_start__ = ABSOLUTE (.)
 *(.isr_vector)
 .isr_vector    0x00000000      0x198 ./startup/startup_mk64f12.o
                0x00000000                g_pfnVectors
                0x00000000                __Vectors
                0x00000198                . = ALIGN (0x4)
                0x00000198                __section_table_start = .
                0x00000198                __data_section_table = .
                0x00000198        0x4 LONG 0x179f4 LOADADDR (.data)
                0x0000019c        0x4 LONG 0x20000000 ADDR (.data)
                0x000001a0        0x4 LONG 0x24 SIZEOF (.data)
                0x000001a4        0x4 LONG 0x179f4 LOADADDR (.data_RAM2)
                0x000001a8        0x4 LONG 0x1fff0000 ADDR (.data_RAM2)
                0x000001ac        0x4 LONG 0x0 SIZEOF (.data_RAM2)
                0x000001b0        0x4 LONG 0x179f4 LOADADDR (.data_RAM3)
                0x000001b4        0x4 LONG 0x14000000 ADDR (.data_RAM3)
                0x000001b8        0x4 LONG 0x0 SIZEOF (.data_RAM3)
                0x000001bc                __data_section_table_end = .
                0x000001bc                __bss_section_table = .
                0x000001bc        0x4 LONG 0x20000030 ADDR (.bss)
                0x000001c0        0x4 LONG 0xd844 SIZEOF (.bss)
                0x000001c4        0x4 LONG 0x1fff0000 ADDR (.bss_RAM2)
                0x000001c8        0x4 LONG 0x0 SIZEOF (.bss_RAM2)
                0x000001cc        0x4 LONG 0x14000000 ADDR (.bss_RAM3)
                0x000001d0        0x4 LONG 0x0 SIZEOF (.bss_RAM3)
                0x000001d4                __bss_section_table_end = .
                0x000001d4                __section_table_end = .
 *(.after_vectors*)
 .after_vectors.init_data
                0x000001d4       0x1e ./startup/startup_mk64f12.o
                0x000001d4                data_init
 .after_vectors.init_bss
                0x000001f2       0x12 ./startup/startup_mk64f12.o
                0x000001f2                bss_init
 .after_vectors.reset
                0x00000204       0x4c ./startup/startup_mk64f12.o
                0x00000204                ResetISR
 .after_vectors
                0x00000250       0x14 ./startup/startup_mk64f12.o
                0x00000250                NMI_Handler
                0x00000254                MemManage_Handler
                0x00000256                BusFault_Handler
                0x00000258                UsageFault_Handler
                0x0000025c                DebugMon_Handler
                0x00000262                LPTMR0_DriverIRQHandler
                0x00000262                DMA_Error_DriverIRQHandler
                0x00000262                SPI1_DriverIRQHandler
                0x00000262                FTM1_DriverIRQHandler
                0x00000262                FTM2_DriverIRQHandler
                0x00000262                PIT2_DriverIRQHandler
                0x00000262                SDHC_DriverIRQHandler
                0x00000262                I2S0_Tx_DriverIRQHandler
                0x00000262                RTC_Seconds_DriverIRQHandler
                0x00000262                DMA6_DriverIRQHandler
                0x00000262                LLWU_DriverIRQHandler
                0x00000262                MCM_DriverIRQHandler
                0x00000262                MCG_DriverIRQHandler
                0x00000262                ENET_1588_Timer_DriverIRQHandler
                0x00000262                I2C2_DriverIRQHandler
                0x00000262                DAC1_DriverIRQHandler
                0x00000262                DMA12_DriverIRQHandler
                0x00000262                CMP1_DriverIRQHandler
                0x00000262                FTM0_DriverIRQHandler
                0x00000262                IntDefaultHandler
                0x00000262                USB0_DriverIRQHandler
                0x00000262                UART5_ERR_DriverIRQHandler
                0x00000262                PORTC_DriverIRQHandler
                0x00000262                DMA11_DriverIRQHandler
                0x00000262                DAC0_DriverIRQHandler
                0x00000262                DMA10_DriverIRQHandler
                0x00000262                CMP2_DriverIRQHandler
                0x00000262                UART2_ERR_DriverIRQHandler
                0x00000262                SPI2_DriverIRQHandler
                0x00000262                LVD_LVW_DriverIRQHandler
                0x00000262                PIT0_DriverIRQHandler
                0x00000262                PORTB_DriverIRQHandler
                0x00000262                DMA5_DriverIRQHandler
                0x00000262                DMA4_DriverIRQHandler
                0x00000262                USBDCD_DriverIRQHandler
                0x00000262                UART3_ERR_DriverIRQHandler
                0x00000262                DMA3_DriverIRQHandler
                0x00000262                DMA8_DriverIRQHandler
                0x00000262                DMA9_DriverIRQHandler
                0x00000262                UART0_ERR_DriverIRQHandler
                0x00000262                CMT_DriverIRQHandler
                0x00000262                Reserved71_DriverIRQHandler
                0x00000262                ADC1_DriverIRQHandler
                0x00000262                PORTA_DriverIRQHandler
                0x00000262                DMA14_DriverIRQHandler
                0x00000262                PIT3_DriverIRQHandler
                0x00000262                PIT1_DriverIRQHandler
                0x00000262                WDOG_EWM_DriverIRQHandler
                0x00000262                PDB0_DriverIRQHandler
                0x00000262                RTC_DriverIRQHandler
                0x00000262                I2S0_Rx_DriverIRQHandler
                0x00000262                Read_Collision_DriverIRQHandler
                0x00000262                SWI_DriverIRQHandler
                0x00000262                UART4_ERR_DriverIRQHandler
                0x00000262                DMA0_DriverIRQHandler
                0x00000262                UART0_LON_DriverIRQHandler
                0x00000262                DMA1_DriverIRQHandler
                0x00000262                I2C1_DriverIRQHandler
                0x00000262                ENET_Receive_DriverIRQHandler
                0x00000262                DMA13_DriverIRQHandler
                0x00000262                ENET_Error_DriverIRQHandler
                0x00000262                DMA15_DriverIRQHandler
                0x00000262                SPI0_DriverIRQHandler
                0x00000262                ADC0_DriverIRQHandler
                0x00000262                CMP0_DriverIRQHandler
                0x00000262                CAN0_DriverIRQHandler
                0x00000262                FTM3_DriverIRQHandler
                0x00000262                RNG_DriverIRQHandler
                0x00000262                UART1_ERR_DriverIRQHandler
                0x00000262                DMA2_DriverIRQHandler
                0x00000262                ENET_Transmit_DriverIRQHandler
                0x00000262                PORTD_DriverIRQHandler
                0x00000262                PORTE_DriverIRQHandler
                0x00000262                FTFE_DriverIRQHandler
                0x00000262                I2C0_DriverIRQHandler
                0x00000262                DMA7_DriverIRQHandler
                0x00000400                . = 0x400
 *fill*         0x00000264      0x19c ff
                0x00000400                PROVIDE (__FLASH_CONFIG_START__, .)
 *(.FlashConfig)
 .FlashConfig   0x00000400       0x10 ./startup/startup_mk64f12.o
                0x00000400                Flash_Config
                0x00000410                PROVIDE (__FLASH_CONFIG_END__, .)
                0x00000001                ASSERT (! ((__FLASH_CONFIG_START__ == __FLASH_CONFIG_END__)), Linker Flash Config Support Enabled, but no .FlashConfig section provided within application)
 *(.text*)
 .text.DbgConsole_Init
                0x00000410       0x38 ./utilities/fsl_debug_console.o
                0x00000410                DbgConsole_Init
 .text.DbgConsole_Printf
                0x00000448       0x64 ./utilities/fsl_debug_console.o
                0x00000448                DbgConsole_Printf
 .text.DbgConsole_RelocateLog
                0x000004ac       0x64 ./utilities/fsl_debug_console.o
 .text.UART_EnableTx
                0x00000510       0x40 ./utilities/fsl_io.o
 .text.UART_EnableRx
                0x00000550       0x40 ./utilities/fsl_io.o
 .text.IO_Init  0x00000590       0x80 ./utilities/fsl_io.o
                0x00000590                IO_Init
 .text.IO_Transfer
                0x00000610       0x5c ./utilities/fsl_io.o
                0x00000610                IO_Transfer
 .text.LOG_Init
                0x0000066c       0x30 ./utilities/fsl_log.o
                0x0000066c                LOG_Init
 .text.LOG_Push
                0x0000069c       0x2c ./utilities/fsl_log.o
                0x0000069c                LOG_Push
 .text.LOG_Pop  0x000006c8       0x42 ./utilities/fsl_log.o
                0x000006c8                LOG_Pop
 .text.ConvertRadixNumToString
                0x0000070a      0x1ca ./utilities/fsl_str.o
 .text.StrFormatPrintf
                0x000008d4      0x7bc ./utilities/fsl_str.o
                0x000008d4                StrFormatPrintf
 .text.DMA0_IRQHandler
                0x00001090        0x8 ./startup/startup_mk64f12.o
                0x00001090                DMA0_IRQHandler
 .text.DMA1_IRQHandler
                0x00001098        0x8 ./startup/startup_mk64f12.o
                0x00001098                DMA1_IRQHandler
 .text.DMA2_IRQHandler
                0x000010a0        0x8 ./startup/startup_mk64f12.o
                0x000010a0                DMA2_IRQHandler
 .text.DMA3_IRQHandler
                0x000010a8        0x8 ./startup/startup_mk64f12.o
                0x000010a8                DMA3_IRQHandler
 .text.DMA4_IRQHandler
                0x000010b0        0x8 ./startup/startup_mk64f12.o
                0x000010b0                DMA4_IRQHandler
 .text.DMA5_IRQHandler
                0x000010b8        0x8 ./startup/startup_mk64f12.o
                0x000010b8                DMA5_IRQHandler
 .text.DMA6_IRQHandler
                0x000010c0        0x8 ./startup/startup_mk64f12.o
                0x000010c0                DMA6_IRQHandler
 .text.DMA7_IRQHandler
                0x000010c8        0x8 ./startup/startup_mk64f12.o
                0x000010c8                DMA7_IRQHandler
 .text.DMA8_IRQHandler
                0x000010d0        0x8 ./startup/startup_mk64f12.o
                0x000010d0                DMA8_IRQHandler
 .text.DMA9_IRQHandler
                0x000010d8        0x8 ./startup/startup_mk64f12.o
                0x000010d8                DMA9_IRQHandler
 .text.DMA10_IRQHandler
                0x000010e0        0x8 ./startup/startup_mk64f12.o
                0x000010e0                DMA10_IRQHandler
 .text.DMA11_IRQHandler
                0x000010e8        0x8 ./startup/startup_mk64f12.o
                0x000010e8                DMA11_IRQHandler
 .text.DMA12_IRQHandler
                0x000010f0        0x8 ./startup/startup_mk64f12.o
                0x000010f0                DMA12_IRQHandler
 .text.DMA13_IRQHandler
                0x000010f8        0x8 ./startup/startup_mk64f12.o
                0x000010f8                DMA13_IRQHandler
 .text.DMA14_IRQHandler
                0x00001100        0x8 ./startup/startup_mk64f12.o
                0x00001100                DMA14_IRQHandler
 .text.DMA15_IRQHandler
                0x00001108        0x8 ./startup/startup_mk64f12.o
                0x00001108                DMA15_IRQHandler
 .text.DMA_Error_IRQHandler
                0x00001110        0x8 ./startup/startup_mk64f12.o
                0x00001110                DMA_Error_IRQHandler
 .text.MCM_IRQHandler
                0x00001118        0x8 ./startup/startup_mk64f12.o
                0x00001118                MCM_IRQHandler
 .text.FTFE_IRQHandler
                0x00001120        0x8 ./startup/startup_mk64f12.o
                0x00001120                FTFE_IRQHandler
 .text.Read_Collision_IRQHandler
                0x00001128        0x8 ./startup/startup_mk64f12.o
                0x00001128                Read_Collision_IRQHandler
 .text.LVD_LVW_IRQHandler
                0x00001130        0x8 ./startup/startup_mk64f12.o
                0x00001130                LVD_LVW_IRQHandler
 .text.LLWU_IRQHandler
                0x00001138        0x8 ./startup/startup_mk64f12.o
                0x00001138                LLWU_IRQHandler
 .text.WDOG_EWM_IRQHandler
                0x00001140        0x8 ./startup/startup_mk64f12.o
                0x00001140                WDOG_EWM_IRQHandler
 .text.RNG_IRQHandler
                0x00001148        0x8 ./startup/startup_mk64f12.o
                0x00001148                RNG_IRQHandler
 .text.I2C0_IRQHandler
                0x00001150        0x8 ./startup/startup_mk64f12.o
                0x00001150                I2C0_IRQHandler
 .text.I2C1_IRQHandler
                0x00001158        0x8 ./startup/startup_mk64f12.o
                0x00001158                I2C1_IRQHandler
 .text.SPI0_IRQHandler
                0x00001160        0x8 ./startup/startup_mk64f12.o
                0x00001160                SPI0_IRQHandler
 .text.SPI1_IRQHandler
                0x00001168        0x8 ./startup/startup_mk64f12.o
                0x00001168                SPI1_IRQHandler
 .text.I2S0_Tx_IRQHandler
                0x00001170        0x8 ./startup/startup_mk64f12.o
                0x00001170                I2S0_Tx_IRQHandler
 .text.I2S0_Rx_IRQHandler
                0x00001178        0x8 ./startup/startup_mk64f12.o
                0x00001178                I2S0_Rx_IRQHandler
 .text.UART0_LON_IRQHandler
                0x00001180        0x8 ./startup/startup_mk64f12.o
                0x00001180                UART0_LON_IRQHandler
 .text.UART0_RX_TX_IRQHandler
                0x00001188        0x8 ./startup/startup_mk64f12.o
                0x00001188                UART0_RX_TX_IRQHandler
 .text.UART0_ERR_IRQHandler
                0x00001190        0x8 ./startup/startup_mk64f12.o
                0x00001190                UART0_ERR_IRQHandler
 .text.UART1_RX_TX_IRQHandler
                0x00001198        0x8 ./startup/startup_mk64f12.o
                0x00001198                UART1_RX_TX_IRQHandler
 .text.UART1_ERR_IRQHandler
                0x000011a0        0x8 ./startup/startup_mk64f12.o
                0x000011a0                UART1_ERR_IRQHandler
 .text.UART2_RX_TX_IRQHandler
                0x000011a8        0x8 ./startup/startup_mk64f12.o
                0x000011a8                UART2_RX_TX_IRQHandler
 .text.UART2_ERR_IRQHandler
                0x000011b0        0x8 ./startup/startup_mk64f12.o
                0x000011b0                UART2_ERR_IRQHandler
 .text.UART3_RX_TX_IRQHandler
                0x000011b8        0x8 ./startup/startup_mk64f12.o
                0x000011b8                UART3_RX_TX_IRQHandler
 .text.UART3_ERR_IRQHandler
                0x000011c0        0x8 ./startup/startup_mk64f12.o
                0x000011c0                UART3_ERR_IRQHandler
 .text.ADC0_IRQHandler
                0x000011c8        0x8 ./startup/startup_mk64f12.o
                0x000011c8                ADC0_IRQHandler
 .text.CMP0_IRQHandler
                0x000011d0        0x8 ./startup/startup_mk64f12.o
                0x000011d0                CMP0_IRQHandler
 .text.CMP1_IRQHandler
                0x000011d8        0x8 ./startup/startup_mk64f12.o
                0x000011d8                CMP1_IRQHandler
 .text.FTM0_IRQHandler
                0x000011e0        0x8 ./startup/startup_mk64f12.o
                0x000011e0                FTM0_IRQHandler
 .text.FTM1_IRQHandler
                0x000011e8        0x8 ./startup/startup_mk64f12.o
                0x000011e8                FTM1_IRQHandler
 .text.FTM2_IRQHandler
                0x000011f0        0x8 ./startup/startup_mk64f12.o
                0x000011f0                FTM2_IRQHandler
 .text.CMT_IRQHandler
                0x000011f8        0x8 ./startup/startup_mk64f12.o
                0x000011f8                CMT_IRQHandler
 .text.RTC_IRQHandler
                0x00001200        0x8 ./startup/startup_mk64f12.o
                0x00001200                RTC_IRQHandler
 .text.RTC_Seconds_IRQHandler
                0x00001208        0x8 ./startup/startup_mk64f12.o
                0x00001208                RTC_Seconds_IRQHandler
 .text.PIT0_IRQHandler
                0x00001210        0x8 ./startup/startup_mk64f12.o
                0x00001210                PIT0_IRQHandler
 .text.PIT1_IRQHandler
                0x00001218        0x8 ./startup/startup_mk64f12.o
                0x00001218                PIT1_IRQHandler
 .text.PIT2_IRQHandler
                0x00001220        0x8 ./startup/startup_mk64f12.o
                0x00001220                PIT2_IRQHandler
 .text.PIT3_IRQHandler
                0x00001228        0x8 ./startup/startup_mk64f12.o
                0x00001228                PIT3_IRQHandler
 .text.PDB0_IRQHandler
                0x00001230        0x8 ./startup/startup_mk64f12.o
                0x00001230                PDB0_IRQHandler
 .text.USB0_IRQHandler
                0x00001238        0x8 ./startup/startup_mk64f12.o
                0x00001238                USB0_IRQHandler
 .text.USBDCD_IRQHandler
                0x00001240        0x8 ./startup/startup_mk64f12.o
                0x00001240                USBDCD_IRQHandler
 .text.Reserved71_IRQHandler
                0x00001248        0x8 ./startup/startup_mk64f12.o
                0x00001248                Reserved71_IRQHandler
 .text.DAC0_IRQHandler
                0x00001250        0x8 ./startup/startup_mk64f12.o
                0x00001250                DAC0_IRQHandler
 .text.MCG_IRQHandler
                0x00001258        0x8 ./startup/startup_mk64f12.o
                0x00001258                MCG_IRQHandler
 .text.LPTMR0_IRQHandler
                0x00001260        0x8 ./startup/startup_mk64f12.o
                0x00001260                LPTMR0_IRQHandler
 .text.PORTA_IRQHandler
                0x00001268        0x8 ./startup/startup_mk64f12.o
                0x00001268                PORTA_IRQHandler
 .text.PORTB_IRQHandler
                0x00001270        0x8 ./startup/startup_mk64f12.o
                0x00001270                PORTB_IRQHandler
 .text.PORTC_IRQHandler
                0x00001278        0x8 ./startup/startup_mk64f12.o
                0x00001278                PORTC_IRQHandler
 .text.PORTD_IRQHandler
                0x00001280        0x8 ./startup/startup_mk64f12.o
                0x00001280                PORTD_IRQHandler
 .text.PORTE_IRQHandler
                0x00001288        0x8 ./startup/startup_mk64f12.o
                0x00001288                PORTE_IRQHandler
 .text.SWI_IRQHandler
                0x00001290        0x8 ./startup/startup_mk64f12.o
                0x00001290                SWI_IRQHandler
 .text.SPI2_IRQHandler
                0x00001298        0x8 ./startup/startup_mk64f12.o
                0x00001298                SPI2_IRQHandler
 .text.UART4_RX_TX_IRQHandler
                0x000012a0        0x8 ./startup/startup_mk64f12.o
                0x000012a0                UART4_RX_TX_IRQHandler
 .text.UART4_ERR_IRQHandler
                0x000012a8        0x8 ./startup/startup_mk64f12.o
                0x000012a8                UART4_ERR_IRQHandler
 .text.UART5_RX_TX_IRQHandler
                0x000012b0        0x8 ./startup/startup_mk64f12.o
                0x000012b0                UART5_RX_TX_IRQHandler
 .text.UART5_ERR_IRQHandler
                0x000012b8        0x8 ./startup/startup_mk64f12.o
                0x000012b8                UART5_ERR_IRQHandler
 .text.CMP2_IRQHandler
                0x000012c0        0x8 ./startup/startup_mk64f12.o
                0x000012c0                CMP2_IRQHandler
 .text.FTM3_IRQHandler
                0x000012c8        0x8 ./startup/startup_mk64f12.o
                0x000012c8                FTM3_IRQHandler
 .text.DAC1_IRQHandler
                0x000012d0        0x8 ./startup/startup_mk64f12.o
                0x000012d0                DAC1_IRQHandler
 .text.ADC1_IRQHandler
                0x000012d8        0x8 ./startup/startup_mk64f12.o
                0x000012d8                ADC1_IRQHandler
 .text.I2C2_IRQHandler
                0x000012e0        0x8 ./startup/startup_mk64f12.o
                0x000012e0                I2C2_IRQHandler
 .text.CAN0_ORed_Message_buffer_IRQHandler
                0x000012e8        0x8 ./startup/startup_mk64f12.o
                0x000012e8                CAN0_ORed_Message_buffer_IRQHandler
 .text.CAN0_Bus_Off_IRQHandler
                0x000012f0        0x8 ./startup/startup_mk64f12.o
                0x000012f0                CAN0_Bus_Off_IRQHandler
 .text.CAN0_Error_IRQHandler
                0x000012f8        0x8 ./startup/startup_mk64f12.o
                0x000012f8                CAN0_Error_IRQHandler
 .text.CAN0_Tx_Warning_IRQHandler
                0x00001300        0x8 ./startup/startup_mk64f12.o
                0x00001300                CAN0_Tx_Warning_IRQHandler
 .text.CAN0_Rx_Warning_IRQHandler
                0x00001308        0x8 ./startup/startup_mk64f12.o
                0x00001308                CAN0_Rx_Warning_IRQHandler
 .text.CAN0_Wake_Up_IRQHandler
                0x00001310        0x8 ./startup/startup_mk64f12.o
                0x00001310                CAN0_Wake_Up_IRQHandler
 .text.SDHC_IRQHandler
                0x00001318        0x8 ./startup/startup_mk64f12.o
                0x00001318                SDHC_IRQHandler
 .text.stack_init
                0x00001320      0x13c ./source/lwip_tcpecho_freertos.o
 .text.main     0x0000145c       0x60 ./source/lwip_tcpecho_freertos.o
                0x0000145c                main
 .text.HardFault_Handler
                0x000014bc       0x2a ./source/semihost_hardfault.o
                0x000014bc                HardFault_Handler
 *fill*         0x000014e6        0x2 ff
 .text.ethernet_input
                0x000014e8      0x12c ./lwip/src/netif/ethernet.o
                0x000014e8                ethernet_input
 .text.ethernet_output
                0x00001614       0x80 ./lwip/src/netif/ethernet.o
                0x00001614                ethernet_output
 .text.dhcp_check
                0x00001694       0x68 ./lwip/src/core/ipv4/dhcp.o
 .text.dhcp_select
                0x000016fc      0x14c ./lwip/src/core/ipv4/dhcp.o
 .text.dhcp_coarse_tmr
                0x00001848       0xa8 ./lwip/src/core/ipv4/dhcp.o
                0x00001848                dhcp_coarse_tmr
 .text.dhcp_fine_tmr
                0x000018f0       0x64 ./lwip/src/core/ipv4/dhcp.o
                0x000018f0                dhcp_fine_tmr
 .text.dhcp_timeout
                0x00001954       0x92 ./lwip/src/core/ipv4/dhcp.o
 .text.dhcp_t1_timeout
                0x000019e6       0x5c ./lwip/src/core/ipv4/dhcp.o
 .text.dhcp_t2_timeout
                0x00001a42       0x64 ./lwip/src/core/ipv4/dhcp.o
 *fill*         0x00001aa6        0x2 ff
 .text.dhcp_arp_reply
                0x00001aa8       0x48 ./lwip/src/core/ipv4/dhcp.o
                0x00001aa8                dhcp_arp_reply
 .text.dhcp_decline
                0x00001af0       0xd4 ./lwip/src/core/ipv4/dhcp.o
 .text.dhcp_discover
                0x00001bc4      0x118 ./lwip/src/core/ipv4/dhcp.o
 .text.dhcp_bind
                0x00001cdc      0x19c ./lwip/src/core/ipv4/dhcp.o
 .text.dhcp_renew
                0x00001e78      0x10c ./lwip/src/core/ipv4/dhcp.o
                0x00001e78                dhcp_renew
 .text.dhcp_rebind
                0x00001f84      0x10c ./lwip/src/core/ipv4/dhcp.o
 .text.dhcp_reboot
                0x00002090      0x128 ./lwip/src/core/ipv4/dhcp.o
 .text.dhcp_release
                0x000021b8      0x110 ./lwip/src/core/ipv4/dhcp.o
                0x000021b8                dhcp_release
 .text.dhcp_set_state
                0x000022c8       0x34 ./lwip/src/core/ipv4/dhcp.o
 .text.dhcp_option
                0x000022fc       0x64 ./lwip/src/core/ipv4/dhcp.o
 .text.dhcp_option_byte
                0x00002360       0x40 ./lwip/src/core/ipv4/dhcp.o
 .text.dhcp_option_short
                0x000023a0       0x68 ./lwip/src/core/ipv4/dhcp.o
 .text.dhcp_option_long
                0x00002408       0xa4 ./lwip/src/core/ipv4/dhcp.o
 .text.dhcp_create_msg
                0x000024ac      0x288 ./lwip/src/core/ipv4/dhcp.o
 .text.dhcp_delete_msg
                0x00002734       0x64 ./lwip/src/core/ipv4/dhcp.o
 .text.dhcp_option_trailer
                0x00002798       0x94 ./lwip/src/core/ipv4/dhcp.o
 .text.dhcp_supplied_address
                0x0000282c       0x44 ./lwip/src/core/ipv4/dhcp.o
                0x0000282c                dhcp_supplied_address
 .text.etharp_free_entry
                0x00002870       0xc0 ./lwip/src/core/ipv4/etharp.o
 .text.etharp_tmr
                0x00002930      0x150 ./lwip/src/core/ipv4/etharp.o
                0x00002930                etharp_tmr
 .text.etharp_find_entry
                0x00002a80      0x264 ./lwip/src/core/ipv4/etharp.o
 .text.etharp_update_arp_entry
                0x00002ce4      0x13c ./lwip/src/core/ipv4/etharp.o
 .text.etharp_input
                0x00002e20      0x120 ./lwip/src/core/ipv4/etharp.o
                0x00002e20                etharp_input
 .text.etharp_output_to_arp_index
                0x00002f40      0x124 ./lwip/src/core/ipv4/etharp.o
 .text.etharp_output
                0x00003064      0x1bc ./lwip/src/core/ipv4/etharp.o
                0x00003064                etharp_output
 .text.etharp_query
                0x00003220      0x274 ./lwip/src/core/ipv4/etharp.o
                0x00003220                etharp_query
 .text.etharp_raw
                0x00003494      0x100 ./lwip/src/core/ipv4/etharp.o
 .text.etharp_request_dst
                0x00003594       0x44 ./lwip/src/core/ipv4/etharp.o
 .text.etharp_request
                0x000035d8       0x24 ./lwip/src/core/ipv4/etharp.o
                0x000035d8                etharp_request
 .text.icmp_input
                0x000035fc      0x24c ./lwip/src/core/ipv4/icmp.o
                0x000035fc                icmp_input
 .text.icmp_dest_unreach
                0x00003848       0x20 ./lwip/src/core/ipv4/icmp.o
                0x00003848                icmp_dest_unreach
 .text.icmp_time_exceeded
                0x00003868       0x20 ./lwip/src/core/ipv4/icmp.o
                0x00003868                icmp_time_exceeded
 .text.icmp_send_response
                0x00003888       0xd4 ./lwip/src/core/ipv4/icmp.o
 .text.ip4_route
                0x0000395c       0xd0 ./lwip/src/core/ipv4/ip4.o
                0x0000395c                ip4_route
 .text.ip4_input
                0x00003a2c      0x2d4 ./lwip/src/core/ipv4/ip4.o
                0x00003a2c                ip4_input
 .text.ip4_output_if
                0x00003d00       0x54 ./lwip/src/core/ipv4/ip4.o
                0x00003d00                ip4_output_if
 .text.ip4_output_if_src
                0x00003d54      0x1f0 ./lwip/src/core/ipv4/ip4.o
                0x00003d54                ip4_output_if_src
 .text.ip4_addr_isbroadcast_u32
                0x00003f44       0x82 ./lwip/src/core/ipv4/ip4_addr.o
                0x00003f44                ip4_addr_isbroadcast_u32
 *fill*         0x00003fc6        0x2 ff
 .text.ip_reass_tmr
                0x00003fc8       0x58 ./lwip/src/core/ipv4/ip4_frag.o
                0x00003fc8                ip_reass_tmr
 .text.ip_reass_free_complete_datagram
                0x00004020      0x120 ./lwip/src/core/ipv4/ip4_frag.o
 .text.ip_reass_remove_oldest_datagram
                0x00004140       0xc4 ./lwip/src/core/ipv4/ip4_frag.o
 .text.ip_reass_enqueue_new_datagram
                0x00004204       0x74 ./lwip/src/core/ipv4/ip4_frag.o
 .text.ip_reass_dequeue_datagram
                0x00004278       0x4c ./lwip/src/core/ipv4/ip4_frag.o
 .text.ip_reass_chain_frag_into_datagram_and_validate
                0x000042c4      0x278 ./lwip/src/core/ipv4/ip4_frag.o
 .text.ip4_reass
                0x0000453c      0x26c ./lwip/src/core/ipv4/ip4_frag.o
                0x0000453c                ip4_reass
 .text.ip_frag_alloc_pbuf_custom_ref
                0x000047a8       0x10 ./lwip/src/core/ipv4/ip4_frag.o
 .text.ip_frag_free_pbuf_custom_ref
                0x000047b8       0x28 ./lwip/src/core/ipv4/ip4_frag.o
 .text.ipfrag_free_pbuf_custom
                0x000047e0       0x50 ./lwip/src/core/ipv4/ip4_frag.o
 .text.ip4_frag
                0x00004830      0x22c ./lwip/src/core/ipv4/ip4_frag.o
                0x00004830                ip4_frag
 .text.lwip_htons
                0x00004a5c       0x1c ./lwip/src/core/def.o
                0x00004a5c                lwip_htons
 .text.lwip_htonl
                0x00004a78       0x32 ./lwip/src/core/def.o
                0x00004a78                lwip_htonl
 .text.lwip_standard_chksum
                0x00004aaa       0xba ./lwip/src/core/inet_chksum.o
                0x00004aaa                lwip_standard_chksum
 .text.inet_cksum_pseudo_base
                0x00004b64       0xd8 ./lwip/src/core/inet_chksum.o
 .text.inet_chksum_pseudo
                0x00004c3c       0x70 ./lwip/src/core/inet_chksum.o
                0x00004c3c                inet_chksum_pseudo
 .text.ip_chksum_pseudo
                0x00004cac       0x2c ./lwip/src/core/inet_chksum.o
                0x00004cac                ip_chksum_pseudo
 .text.inet_chksum
                0x00004cd8       0x24 ./lwip/src/core/inet_chksum.o
                0x00004cd8                inet_chksum
 .text.inet_chksum_pbuf
                0x00004cfc       0x94 ./lwip/src/core/inet_chksum.o
                0x00004cfc                inet_chksum_pbuf
 .text.lwip_init
                0x00004d90       0x2e ./lwip/src/core/init.o
                0x00004d90                lwip_init
 *fill*         0x00004dbe        0x2 ff
 .text.plug_holes
                0x00004dc0      0x108 ./lwip/src/core/mem.o
 .text.mem_init
                0x00004ec8       0x90 ./lwip/src/core/mem.o
                0x00004ec8                mem_init
 .text.mem_free
                0x00004f58       0xbc ./lwip/src/core/mem.o
                0x00004f58                mem_free
 .text.mem_trim
                0x00005014      0x1bc ./lwip/src/core/mem.o
                0x00005014                mem_trim
 .text.mem_malloc
                0x000051d0      0x1c0 ./lwip/src/core/mem.o
                0x000051d0                mem_malloc
 .text.memp_init_pool
                0x00005390       0x5e ./lwip/src/core/memp.o
                0x00005390                memp_init_pool
 *fill*         0x000053ee        0x2 ff
 .text.memp_init
                0x000053f0       0x34 ./lwip/src/core/memp.o
                0x000053f0                memp_init
 .text.do_memp_malloc_pool
                0x00005424       0x54 ./lwip/src/core/memp.o
 .text.memp_malloc
                0x00005478       0x3c ./lwip/src/core/memp.o
                0x00005478                memp_malloc
 .text.do_memp_free_pool
                0x000054b4       0x48 ./lwip/src/core/memp.o
 .text.memp_free
                0x000054fc       0x44 ./lwip/src/core/memp.o
                0x000054fc                memp_free
 .text.netif_init
                0x00005540        0xe ./lwip/src/core/netif.o
                0x00005540                netif_init
 *fill*         0x0000554e        0x2 ff
 .text.netif_add
                0x00005550       0xa8 ./lwip/src/core/netif.o
                0x00005550                netif_add
 .text.netif_set_addr
                0x000055f8       0x56 ./lwip/src/core/netif.o
                0x000055f8                netif_set_addr
 *fill*         0x0000564e        0x2 ff
 .text.netif_set_ipaddr
                0x00005650       0x70 ./lwip/src/core/netif.o
                0x00005650                netif_set_ipaddr
 .text.netif_set_gw
                0x000056c0       0x28 ./lwip/src/core/netif.o
                0x000056c0                netif_set_gw
 .text.netif_set_netmask
                0x000056e8       0x28 ./lwip/src/core/netif.o
                0x000056e8                netif_set_netmask
 .text.netif_set_default
                0x00005710       0x20 ./lwip/src/core/netif.o
                0x00005710                netif_set_default
 .text.netif_set_up
                0x00005730       0x46 ./lwip/src/core/netif.o
                0x00005730                netif_set_up
 .text.netif_issue_reports
                0x00005776       0x42 ./lwip/src/core/netif.o
 .text.pbuf_alloc
                0x000057b8      0x2d4 ./lwip/src/core/pbuf.o
                0x000057b8                pbuf_alloc
 .text.pbuf_alloced_custom
                0x00005a8c       0xc4 ./lwip/src/core/pbuf.o
                0x00005a8c                pbuf_alloced_custom
 .text.pbuf_realloc
                0x00005b50      0x12c ./lwip/src/core/pbuf.o
                0x00005b50                pbuf_realloc
 .text.pbuf_header_impl
                0x00005c7c      0x124 ./lwip/src/core/pbuf.o
 .text.pbuf_header
                0x00005da0       0x24 ./lwip/src/core/pbuf.o
                0x00005da0                pbuf_header
 .text.pbuf_header_force
                0x00005dc4       0x24 ./lwip/src/core/pbuf.o
                0x00005dc4                pbuf_header_force
 .text.pbuf_free
                0x00005de8      0x10c ./lwip/src/core/pbuf.o
                0x00005de8                pbuf_free
 .text.pbuf_clen
                0x00005ef4       0x2e ./lwip/src/core/pbuf.o
                0x00005ef4                pbuf_clen
 *fill*         0x00005f22        0x2 ff
 .text.pbuf_ref
                0x00005f24       0x40 ./lwip/src/core/pbuf.o
                0x00005f24                pbuf_ref
 .text.pbuf_cat
                0x00005f64       0x8c ./lwip/src/core/pbuf.o
                0x00005f64                pbuf_cat
 .text.pbuf_chain
                0x00005ff0       0x20 ./lwip/src/core/pbuf.o
                0x00005ff0                pbuf_chain
 .text.pbuf_copy
                0x00006010      0x160 ./lwip/src/core/pbuf.o
                0x00006010                pbuf_copy
 .text.pbuf_copy_partial
                0x00006170       0xdc ./lwip/src/core/pbuf.o
                0x00006170                pbuf_copy_partial
 .text.tcp_init
                0x0000624c        0xe ./lwip/src/core/tcp.o
                0x0000624c                tcp_init
 *fill*         0x0000625a        0x2 ff
 .text.tcp_tmr  0x0000625c       0x2c ./lwip/src/core/tcp.o
                0x0000625c                tcp_tmr
 .text.tcp_remove_listener
                0x00006288       0x38 ./lwip/src/core/tcp.o
 .text.tcp_listen_closed
                0x000062c0       0x5c ./lwip/src/core/tcp.o
 .text.tcp_backlog_delayed
                0x0000631c       0x64 ./lwip/src/core/tcp.o
                0x0000631c                tcp_backlog_delayed
 .text.tcp_backlog_accepted
                0x00006380       0x64 ./lwip/src/core/tcp.o
                0x00006380                tcp_backlog_accepted
 .text.tcp_close_shutdown
                0x000063e4      0x1c0 ./lwip/src/core/tcp.o
 .text.tcp_close_shutdown_fin
                0x000065a4       0xc0 ./lwip/src/core/tcp.o
 .text.tcp_close
                0x00006664       0x30 ./lwip/src/core/tcp.o
                0x00006664                tcp_close
 .text.tcp_shutdown
                0x00006694       0x8e ./lwip/src/core/tcp.o
                0x00006694                tcp_shutdown
 *fill*         0x00006722        0x2 ff
 .text.tcp_abandon
                0x00006724      0x148 ./lwip/src/core/tcp.o
                0x00006724                tcp_abandon
 .text.tcp_abort
                0x0000686c       0x18 ./lwip/src/core/tcp.o
                0x0000686c                tcp_abort
 .text.tcp_bind
                0x00006884      0x114 ./lwip/src/core/tcp.o
                0x00006884                tcp_bind
 .text.tcp_accept_null
                0x00006998       0x20 ./lwip/src/core/tcp.o
 .text.tcp_listen_with_backlog_and_err
                0x000069b8      0x148 ./lwip/src/core/tcp.o
                0x000069b8                tcp_listen_with_backlog_and_err
 .text.tcp_update_rcv_ann_wnd
                0x00006b00       0x90 ./lwip/src/core/tcp.o
                0x00006b00                tcp_update_rcv_ann_wnd
 .text.tcp_recved
                0x00006b90       0xa0 ./lwip/src/core/tcp.o
                0x00006b90                tcp_recved
 .text.tcp_new_port
                0x00006c30       0x88 ./lwip/src/core/tcp.o
 .text.tcp_slowtmr
                0x00006cb8      0x4ec ./lwip/src/core/tcp.o
                0x00006cb8                tcp_slowtmr
 .text.tcp_fasttmr
                0x000071a4       0xc8 ./lwip/src/core/tcp.o
                0x000071a4                tcp_fasttmr
 .text.tcp_process_refused_data
                0x0000726c       0xcc ./lwip/src/core/tcp.o
                0x0000726c                tcp_process_refused_data
 .text.tcp_segs_free
                0x00007338       0x28 ./lwip/src/core/tcp.o
                0x00007338                tcp_segs_free
 .text.tcp_seg_free
                0x00007360       0x30 ./lwip/src/core/tcp.o
                0x00007360                tcp_seg_free
 .text.tcp_recv_null
                0x00007390       0x44 ./lwip/src/core/tcp.o
                0x00007390                tcp_recv_null
 .text.tcp_kill_prio
                0x000073d4       0x84 ./lwip/src/core/tcp.o
 .text.tcp_kill_state
                0x00007458       0x84 ./lwip/src/core/tcp.o
 .text.tcp_kill_timewait
                0x000074dc       0x60 ./lwip/src/core/tcp.o
 .text.tcp_alloc
                0x0000753c      0x100 ./lwip/src/core/tcp.o
                0x0000753c                tcp_alloc
 .text.tcp_new_ip_type
                0x0000763c       0x1c ./lwip/src/core/tcp.o
                0x0000763c                tcp_new_ip_type
 .text.tcp_arg  0x00007658       0x22 ./lwip/src/core/tcp.o
                0x00007658                tcp_arg
 *fill*         0x0000767a        0x2 ff
 .text.tcp_recv
                0x0000767c       0x30 ./lwip/src/core/tcp.o
                0x0000767c                tcp_recv
 .text.tcp_sent
                0x000076ac       0x30 ./lwip/src/core/tcp.o
                0x000076ac                tcp_sent
 .text.tcp_err  0x000076dc       0x34 ./lwip/src/core/tcp.o
                0x000076dc                tcp_err
 .text.tcp_accept
                0x00007710       0x2e ./lwip/src/core/tcp.o
                0x00007710                tcp_accept
 *fill*         0x0000773e        0x2 ff
 .text.tcp_poll
                0x00007740       0x38 ./lwip/src/core/tcp.o
                0x00007740                tcp_poll
 .text.tcp_pcb_purge
                0x00007778       0x78 ./lwip/src/core/tcp.o
                0x00007778                tcp_pcb_purge
 .text.tcp_pcb_remove
                0x000077f0       0xc4 ./lwip/src/core/tcp.o
                0x000077f0                tcp_pcb_remove
 .text.tcp_next_iss
                0x000078b4       0x30 ./lwip/src/core/tcp.o
                0x000078b4                tcp_next_iss
 .text.tcp_eff_send_mss_impl
                0x000078e4       0x48 ./lwip/src/core/tcp.o
                0x000078e4                tcp_eff_send_mss_impl
 .text.tcp_netif_ip_addr_changed_pcblist
                0x0000792c       0x42 ./lwip/src/core/tcp.o
 *fill*         0x0000796e        0x2 ff
 .text.tcp_netif_ip_addr_changed
                0x00007970       0x80 ./lwip/src/core/tcp.o
                0x00007970                tcp_netif_ip_addr_changed
 .text.tcp_input
                0x000079f0      0x774 ./lwip/src/core/tcp_in.o
                0x000079f0                tcp_input
 .text.tcp_listen_input
                0x00008164      0x1f0 ./lwip/src/core/tcp_in.o
 .text.tcp_timewait_input
                0x00008354       0xd0 ./lwip/src/core/tcp_in.o
 .text.tcp_process
                0x00008424      0x74c ./lwip/src/core/tcp_in.o
 .text.tcp_receive
                0x00008b70      0x960 ./lwip/src/core/tcp_in.o
 .text.tcp_getoptbyte
                0x000094d0       0x78 ./lwip/src/core/tcp_in.o
 .text.tcp_parseopt
                0x00009548       0xc8 ./lwip/src/core/tcp_in.o
 .text.tcp_trigger_input_pcb_close
                0x00009610       0x20 ./lwip/src/core/tcp_in.o
                0x00009610                tcp_trigger_input_pcb_close
 .text.tcp_output_alloc_header
                0x00009630       0xe8 ./lwip/src/core/tcp_out.o
 .text.tcp_send_fin
                0x00009718       0x7c ./lwip/src/core/tcp_out.o
                0x00009718                tcp_send_fin
 .text.tcp_create_segment
                0x00009794      0x10c ./lwip/src/core/tcp_out.o
 .text.tcp_pbuf_prealloc
                0x000098a0       0xb4 ./lwip/src/core/tcp_out.o
 .text.tcp_write_checks
                0x00009954       0xd4 ./lwip/src/core/tcp_out.o
 .text.tcp_write
                0x00009a28      0x698 ./lwip/src/core/tcp_out.o
                0x00009a28                tcp_write
 .text.tcp_enqueue_flags
                0x0000a0c0      0x1cc ./lwip/src/core/tcp_out.o
                0x0000a0c0                tcp_enqueue_flags
 .text.tcp_send_empty_ack
                0x0000a28c       0xdc ./lwip/src/core/tcp_out.o
                0x0000a28c                tcp_send_empty_ack
 .text.tcp_output
                0x0000a368      0x3bc ./lwip/src/core/tcp_out.o
                0x0000a368                tcp_output
 .text.tcp_output_segment
                0x0000a724      0x160 ./lwip/src/core/tcp_out.o
 .text.tcp_rst  0x0000a884       0xf8 ./lwip/src/core/tcp_out.o
                0x0000a884                tcp_rst
 .text.tcp_rexmit_rto
                0x0000a97c       0x7e ./lwip/src/core/tcp_out.o
                0x0000a97c                tcp_rexmit_rto
 .text.tcp_rexmit
                0x0000a9fa       0xa0 ./lwip/src/core/tcp_out.o
                0x0000a9fa                tcp_rexmit
 .text.tcp_rexmit_fast
                0x0000aa9a       0xae ./lwip/src/core/tcp_out.o
                0x0000aa9a                tcp_rexmit_fast
 .text.tcp_keepalive
                0x0000ab48       0x9e ./lwip/src/core/tcp_out.o
                0x0000ab48                tcp_keepalive
 .text.tcp_zero_window_probe
                0x0000abe6      0x156 ./lwip/src/core/tcp_out.o
                0x0000abe6                tcp_zero_window_probe
 .text.tcpip_tcp_timer
                0x0000ad3c       0x48 ./lwip/src/core/timeouts.o
 .text.tcp_timer_needed
                0x0000ad84       0x40 ./lwip/src/core/timeouts.o
                0x0000ad84                tcp_timer_needed
 .text.cyclic_timer
                0x0000adc4       0x2c ./lwip/src/core/timeouts.o
 .text.sys_timeouts_init
                0x0000adf0       0x50 ./lwip/src/core/timeouts.o
                0x0000adf0                sys_timeouts_init
 .text.sys_timeout
                0x0000ae40      0x138 ./lwip/src/core/timeouts.o
                0x0000ae40                sys_timeout
 .text.sys_check_timeouts
                0x0000af78       0xa4 ./lwip/src/core/timeouts.o
 .text.sys_timeouts_sleeptime
                0x0000b01c       0x4c ./lwip/src/core/timeouts.o
 .text.sys_timeouts_mbox_fetch
                0x0000b068       0x4c ./lwip/src/core/timeouts.o
                0x0000b068                sys_timeouts_mbox_fetch
 .text.udp_init
                0x0000b0b4        0xe ./lwip/src/core/udp.o
                0x0000b0b4                udp_init
 *fill*         0x0000b0c2        0x2 ff
 .text.udp_new_port
                0x0000b0c4       0x70 ./lwip/src/core/udp.o
 .text.udp_input_local_match
                0x0000b134       0x78 ./lwip/src/core/udp.o
 .text.udp_input
                0x0000b1ac      0x1ec ./lwip/src/core/udp.o
                0x0000b1ac                udp_input
 .text.udp_sendto_if
                0x0000b398       0x7a ./lwip/src/core/udp.o
                0x0000b398                udp_sendto_if
 *fill*         0x0000b412        0x2 ff
 .text.udp_sendto_if_src
                0x0000b414      0x158 ./lwip/src/core/udp.o
                0x0000b414                udp_sendto_if_src
 .text.udp_bind
                0x0000b56c       0xe0 ./lwip/src/core/udp.o
                0x0000b56c                udp_bind
 .text.udp_recv
                0x0000b64c       0x24 ./lwip/src/core/udp.o
                0x0000b64c                udp_recv
 .text.udp_remove
                0x0000b670       0x64 ./lwip/src/core/udp.o
                0x0000b670                udp_remove
 .text.udp_new  0x0000b6d4       0x2e ./lwip/src/core/udp.o
                0x0000b6d4                udp_new
 .text.udp_new_ip_type
                0x0000b702       0x1a ./lwip/src/core/udp.o
                0x0000b702                udp_new_ip_type
 .text.udp_netif_ip_addr_changed
                0x0000b71c       0x60 ./lwip/src/core/udp.o
                0x0000b71c                udp_netif_ip_addr_changed
 .text.netconn_apimsg
                0x0000b77c       0x40 ./lwip/src/api/api_lib.o
 .text.netconn_new_with_proto_and_callback
                0x0000b7bc       0xbc ./lwip/src/api/api_lib.o
                0x0000b7bc                netconn_new_with_proto_and_callback
 .text.netconn_delete
                0x0000b878       0x4c ./lwip/src/api/api_lib.o
                0x0000b878                netconn_delete
 .text.netconn_bind
                0x0000b8c4       0x60 ./lwip/src/api/api_lib.o
                0x0000b8c4                netconn_bind
 .text.netconn_listen_with_backlog
                0x0000b924       0x4c ./lwip/src/api/api_lib.o
                0x0000b924                netconn_listen_with_backlog
 .text.netconn_accept
                0x0000b970      0x100 ./lwip/src/api/api_lib.o
                0x0000b970                netconn_accept
 .text.netconn_recv_data
                0x0000ba70      0x178 ./lwip/src/api/api_lib.o
 .text.netconn_recv
                0x0000bbe8       0xd0 ./lwip/src/api/api_lib.o
                0x0000bbe8                netconn_recv
 .text.netconn_write_partly
                0x0000bcb8       0xd8 ./lwip/src/api/api_lib.o
                0x0000bcb8                netconn_write_partly
 .text.netconn_close_shutdown
                0x0000bd90       0x50 ./lwip/src/api/api_lib.o
 .text.netconn_close
                0x0000bde0       0x1a ./lwip/src/api/api_lib.o
                0x0000bde0                netconn_close
 *fill*         0x0000bdfa        0x2 ff
 .text.recv_udp
                0x0000bdfc       0xd0 ./lwip/src/api/api_msg.o
 .text.recv_tcp
                0x0000becc       0xec ./lwip/src/api/api_msg.o
 .text.poll_tcp
                0x0000bfb8       0xc0 ./lwip/src/api/api_msg.o
 .text.sent_tcp
                0x0000c078       0xa0 ./lwip/src/api/api_msg.o
 .text.err_tcp  0x0000c118      0x1a8 ./lwip/src/api/api_msg.o
 .text.setup_tcp
                0x0000c2c0       0x50 ./lwip/src/api/api_msg.o
 .text.accept_function
                0x0000c310      0x140 ./lwip/src/api/api_msg.o
 .text.pcb_new  0x0000c450       0xc4 ./lwip/src/api/api_msg.o
 .text.lwip_netconn_do_newconn
                0x0000c514       0x58 ./lwip/src/api/api_msg.o
                0x0000c514                lwip_netconn_do_newconn
 .text.netconn_alloc
                0x0000c56c       0xd4 ./lwip/src/api/api_msg.o
                0x0000c56c                netconn_alloc
 .text.netconn_free
                0x0000c640       0x60 ./lwip/src/api/api_msg.o
                0x0000c640                netconn_free
 .text.netconn_drain
                0x0000c6a0       0xe8 ./lwip/src/api/api_msg.o
 .text.lwip_netconn_do_close_internal
                0x0000c788      0x2b0 ./lwip/src/api/api_msg.o
 .text.lwip_netconn_do_delconn
                0x0000ca38      0x1d0 ./lwip/src/api/api_msg.o
                0x0000ca38                lwip_netconn_do_delconn
 .text.lwip_netconn_do_bind
                0x0000cc08       0xbe ./lwip/src/api/api_msg.o
                0x0000cc08                lwip_netconn_do_bind
 *fill*         0x0000ccc6        0x2 ff
 .text.lwip_netconn_do_listen
                0x0000ccc8      0x1a4 ./lwip/src/api/api_msg.o
                0x0000ccc8                lwip_netconn_do_listen
 .text.lwip_netconn_do_recv
                0x0000ce6c       0x98 ./lwip/src/api/api_msg.o
                0x0000ce6c                lwip_netconn_do_recv
 .text.lwip_netconn_do_accepted
                0x0000cf04       0x6c ./lwip/src/api/api_msg.o
                0x0000cf04                lwip_netconn_do_accepted
 .text.lwip_netconn_do_writemore
                0x0000cf70      0x314 ./lwip/src/api/api_msg.o
 .text.lwip_netconn_do_write
                0x0000d284      0x138 ./lwip/src/api/api_msg.o
                0x0000d284                lwip_netconn_do_write
 .text.lwip_netconn_do_close
                0x0000d3bc      0x130 ./lwip/src/api/api_msg.o
                0x0000d3bc                lwip_netconn_do_close
 .text.netbuf_delete
                0x0000d4ec       0x3e ./lwip/src/api/netbuf.o
                0x0000d4ec                netbuf_delete
 *fill*         0x0000d52a        0x2 ff
 .text.netbuf_data
                0x0000d52c       0x7c ./lwip/src/api/netbuf.o
                0x0000d52c                netbuf_data
 .text.netbuf_next
                0x0000d5a8       0x50 ./lwip/src/api/netbuf.o
                0x0000d5a8                netbuf_next
 .text.tcpip_thread
                0x0000d5f8       0xb8 ./lwip/src/api/tcpip.o
 .text.tcpip_inpkt
                0x0000d6b0       0x74 ./lwip/src/api/tcpip.o
                0x0000d6b0                tcpip_inpkt
 .text.tcpip_input
                0x0000d724       0x44 ./lwip/src/api/tcpip.o
                0x0000d724                tcpip_input
 .text.tcpip_send_msg_wait_sem
                0x0000d768       0x2c ./lwip/src/api/tcpip.o
                0x0000d768                tcpip_send_msg_wait_sem
 .text.tcpip_init
                0x0000d794       0x7c ./lwip/src/api/tcpip.o
                0x0000d794                tcpip_init
 .text.__NVIC_SetPriority
                0x0000d810       0x54 ./lwip/port/ethernetif.o
 .text.ENET_ActiveRead
                0x0000d864       0x1c ./lwip/port/ethernetif.o
 .text.ethernet_callback
                0x0000d880       0x94 ./lwip/port/ethernetif.o
 .text.enet_init
                0x0000d914      0x1a0 ./lwip/port/ethernetif.o
 .text.low_level_init
                0x0000dab4       0x5a ./lwip/port/ethernetif.o
 *fill*         0x0000db0e        0x2 ff
 .text.enet_get_tx_buffer
                0x0000db10       0x1c ./lwip/port/ethernetif.o
 .text.enet_send_frame
                0x0000db2c       0x52 ./lwip/port/ethernetif.o
 *fill*         0x0000db7e        0x2 ff
 .text.low_level_output
                0x0000db80       0xac ./lwip/port/ethernetif.o
 .text.enet_get_rx_frame_size
                0x0000dc2c       0x20 ./lwip/port/ethernetif.o
 .text.enet_read_frame
                0x0000dc4c       0x24 ./lwip/port/ethernetif.o
 .text.low_level_input
                0x0000dc70      0x130 ./lwip/port/ethernetif.o
 .text.ethernetif_input
                0x0000dda0       0x4c ./lwip/port/ethernetif.o
                0x0000dda0                ethernetif_input
 .text.get_enet_base
                0x0000ddec       0x68 ./lwip/port/ethernetif.o
 .text.ethernetif_init
                0x0000de54       0x90 ./lwip/port/ethernetif.o
 .text.ethernetif0_init
                0x0000dee4       0x4c ./lwip/port/ethernetif.o
                0x0000dee4                ethernetif0_init
 .text.sys_assert
                0x0000df30       0x20 ./lwip/port/sys_arch.o
                0x0000df30                sys_assert
 .text.sys_mbox_new
                0x0000df50       0x38 ./lwip/port/sys_arch.o
                0x0000df50                sys_mbox_new
 .text.sys_mbox_free
                0x0000df88       0x40 ./lwip/port/sys_arch.o
                0x0000df88                sys_mbox_free
 .text.sys_mbox_trypost
                0x0000dfc8       0x94 ./lwip/port/sys_arch.o
                0x0000dfc8                sys_mbox_trypost
 .text.sys_arch_mbox_fetch
                0x0000e05c       0x98 ./lwip/port/sys_arch.o
                0x0000e05c                sys_arch_mbox_fetch
 .text.sys_arch_mbox_tryfetch
                0x0000e0f4       0x40 ./lwip/port/sys_arch.o
                0x0000e0f4                sys_arch_mbox_tryfetch
 .text.sys_sem_new
                0x0000e134       0x62 ./lwip/port/sys_arch.o
                0x0000e134                sys_sem_new
 .text.sys_arch_sem_wait
                0x0000e196       0x84 ./lwip/port/sys_arch.o
                0x0000e196                sys_arch_sem_wait
 .text.sys_mutex_new
                0x0000e21a       0x30 ./lwip/port/sys_arch.o
                0x0000e21a                sys_mutex_new
 .text.sys_mutex_lock
                0x0000e24a       0x28 ./lwip/port/sys_arch.o
                0x0000e24a                sys_mutex_lock
 .text.sys_mutex_unlock
                0x0000e272       0x1e ./lwip/port/sys_arch.o
                0x0000e272                sys_mutex_unlock
 .text.sys_sem_signal
                0x0000e290       0x1e ./lwip/port/sys_arch.o
                0x0000e290                sys_sem_signal
 .text.sys_sem_free
                0x0000e2ae       0x1a ./lwip/port/sys_arch.o
                0x0000e2ae                sys_sem_free
 .text.sys_init
                0x0000e2c8        0xe ./lwip/port/sys_arch.o
                0x0000e2c8                sys_init
 .text.sys_now  0x0000e2d6        0xe ./lwip/port/sys_arch.o
                0x0000e2d6                sys_now
 .text.sys_thread_new
                0x0000e2e4       0x44 ./lwip/port/sys_arch.o
                0x0000e2e4                sys_thread_new
 .text.sys_arch_protect
                0x0000e328       0x42 ./lwip/port/sys_arch.o
                0x0000e328                sys_arch_protect
 .text.sys_arch_unprotect
                0x0000e36a       0x2c ./lwip/port/sys_arch.o
                0x0000e36a                sys_arch_unprotect
 *fill*         0x0000e396        0x2 ff
 .text.tcpecho_thread
                0x0000e398       0xc4 ./lwip/contrib/apps/tcpecho/tcpecho.o
 .text.tcpecho_init
                0x0000e45c       0x28 ./lwip/contrib/apps/tcpecho/tcpecho.o
                0x0000e45c                tcpecho_init
 .text.xEventGroupCreate
                0x0000e484       0x2e ./freertos/source/event_groups.o
                0x0000e484                xEventGroupCreate
 *fill*         0x0000e4b2        0x2 ff
 .text.xEventGroupWaitBits
                0x0000e4b4      0x190 ./freertos/source/event_groups.o
                0x0000e4b4                xEventGroupWaitBits
 .text.xEventGroupSetBits
                0x0000e644      0x112 ./freertos/source/event_groups.o
                0x0000e644                xEventGroupSetBits
 .text.vEventGroupSetBitsCallback
                0x0000e756       0x1a ./freertos/source/event_groups.o
                0x0000e756                vEventGroupSetBitsCallback
 .text.prvTestWaitCondition
                0x0000e770       0x44 ./freertos/source/event_groups.o
 .text.xEventGroupSetBitsFromISR
                0x0000e7b4       0x28 ./freertos/source/event_groups.o
                0x0000e7b4                xEventGroupSetBitsFromISR
 .text.vListInitialise
                0x0000e7dc       0x40 ./freertos/source/list.o
                0x0000e7dc                vListInitialise
 .text.vListInitialiseItem
                0x0000e81c       0x1a ./freertos/source/list.o
                0x0000e81c                vListInitialiseItem
 .text.vListInsertEnd
                0x0000e836       0x48 ./freertos/source/list.o
                0x0000e836                vListInsertEnd
 .text.vListInsert
                0x0000e87e       0x72 ./freertos/source/list.o
                0x0000e87e                vListInsert
 .text.uxListRemove
                0x0000e8f0       0x54 ./freertos/source/list.o
                0x0000e8f0                uxListRemove
 .text.xQueueGenericReset
                0x0000e944       0xd0 ./freertos/source/queue.o
                0x0000e944                xQueueGenericReset
 .text.xQueueGenericCreate
                0x0000ea14       0x72 ./freertos/source/queue.o
                0x0000ea14                xQueueGenericCreate
 .text.prvInitialiseNewQueue
                0x0000ea86       0x46 ./freertos/source/queue.o
 .text.prvInitialiseMutex
                0x0000eacc       0x34 ./freertos/source/queue.o
 .text.xQueueCreateMutex
                0x0000eb00       0x30 ./freertos/source/queue.o
                0x0000eb00                xQueueCreateMutex
 .text.xQueueGenericSend
                0x0000eb30      0x1f4 ./freertos/source/queue.o
                0x0000eb30                xQueueGenericSend
 .text.xQueueGenericSendFromISR
                0x0000ed24      0x128 ./freertos/source/queue.o
                0x0000ed24                xQueueGenericSendFromISR
 .text.xQueueGenericReceive
                0x0000ee4c      0x224 ./freertos/source/queue.o
                0x0000ee4c                xQueueGenericReceive
 .text.uxQueueMessagesWaiting
                0x0000f070       0x3a ./freertos/source/queue.o
                0x0000f070                uxQueueMessagesWaiting
 .text.vQueueDelete
                0x0000f0aa       0x3a ./freertos/source/queue.o
                0x0000f0aa                vQueueDelete
 .text.prvCopyDataToQueue
                0x0000f0e4       0xd4 ./freertos/source/queue.o
 .text.prvCopyDataFromQueue
                0x0000f1b8       0x4c ./freertos/source/queue.o
 .text.prvUnlockQueue
                0x0000f204       0xa4 ./freertos/source/queue.o
 .text.prvIsQueueEmpty
                0x0000f2a8       0x2c ./freertos/source/queue.o
 .text.prvIsQueueFull
                0x0000f2d4       0x30 ./freertos/source/queue.o
 .text.xQueueIsQueueFullFromISR
                0x0000f304       0x46 ./freertos/source/queue.o
                0x0000f304                xQueueIsQueueFullFromISR
 *fill*         0x0000f34a        0x2 ff
 .text.vQueueAddToRegistry
                0x0000f34c       0x50 ./freertos/source/queue.o
                0x0000f34c                vQueueAddToRegistry
 .text.vQueueUnregisterQueue
                0x0000f39c       0x54 ./freertos/source/queue.o
                0x0000f39c                vQueueUnregisterQueue
 .text.vQueueWaitForMessageRestricted
                0x0000f3f0       0x68 ./freertos/source/queue.o
                0x0000f3f0                vQueueWaitForMessageRestricted
 .text.xTaskCreate
                0x0000f458       0x82 ./freertos/source/tasks.o
                0x0000f458                xTaskCreate
 .text.prvInitialiseNewTask
                0x0000f4da      0x12a ./freertos/source/tasks.o
 .text.prvAddNewTaskToReadyList
                0x0000f604       0xdc ./freertos/source/tasks.o
 .text.vTaskDelete
                0x0000f6e0      0x11c ./freertos/source/tasks.o
                0x0000f6e0                vTaskDelete
 .text.vTaskStartScheduler
                0x0000f7fc       0x98 ./freertos/source/tasks.o
                0x0000f7fc                vTaskStartScheduler
 .text.vTaskSuspendAll
                0x0000f894       0x1c ./freertos/source/tasks.o
                0x0000f894                vTaskSuspendAll
 .text.xTaskResumeAll
                0x0000f8b0      0x138 ./freertos/source/tasks.o
                0x0000f8b0                xTaskResumeAll
 .text.xTaskGetTickCount
                0x0000f9e8       0x20 ./freertos/source/tasks.o
                0x0000f9e8                xTaskGetTickCount
 .text.xTaskIncrementTick
                0x0000fa08      0x158 ./freertos/source/tasks.o
                0x0000fa08                xTaskIncrementTick
 .text.vTaskSwitchContext
                0x0000fb60       0xb4 ./freertos/source/tasks.o
                0x0000fb60                vTaskSwitchContext
 .text.vTaskPlaceOnEventList
                0x0000fc14       0x48 ./freertos/source/tasks.o
                0x0000fc14                vTaskPlaceOnEventList
 .text.vTaskPlaceOnUnorderedEventList
                0x0000fc5c       0x74 ./freertos/source/tasks.o
                0x0000fc5c                vTaskPlaceOnUnorderedEventList
 .text.vTaskPlaceOnEventListRestricted
                0x0000fcd0       0x54 ./freertos/source/tasks.o
                0x0000fcd0                vTaskPlaceOnEventListRestricted
 .text.xTaskRemoveFromEventList
                0x0000fd24       0xc4 ./freertos/source/tasks.o
                0x0000fd24                xTaskRemoveFromEventList
 .text.xTaskRemoveFromUnorderedEventList
                0x0000fde8       0xcc ./freertos/source/tasks.o
                0x0000fde8                xTaskRemoveFromUnorderedEventList
 .text.vTaskSetTimeOutState
                0x0000feb4       0x48 ./freertos/source/tasks.o
                0x0000feb4                vTaskSetTimeOutState
 .text.xTaskCheckForTimeOut
                0x0000fefc       0xbc ./freertos/source/tasks.o
                0x0000fefc                xTaskCheckForTimeOut
 .text.vTaskMissedYield
                0x0000ffb8       0x18 ./freertos/source/tasks.o
                0x0000ffb8                vTaskMissedYield
 .text.prvIdleTask
                0x0000ffd0       0x30 ./freertos/source/tasks.o
 .text.prvInitialiseTaskLists
                0x00010000       0x80 ./freertos/source/tasks.o
 .text.prvCheckTasksWaitingTermination
                0x00010080       0x78 ./freertos/source/tasks.o
 .text.prvDeleteTCB
                0x000100f8       0x20 ./freertos/source/tasks.o
 .text.prvResetNextTaskUnblockTime
                0x00010118       0x4c ./freertos/source/tasks.o
 .text.xTaskGetSchedulerState
                0x00010164       0x3c ./freertos/source/tasks.o
                0x00010164                xTaskGetSchedulerState
 .text.vTaskPriorityInherit
                0x000101a0       0xec ./freertos/source/tasks.o
                0x000101a0                vTaskPriorityInherit
 .text.xTaskPriorityDisinherit
                0x0001028c      0x108 ./freertos/source/tasks.o
                0x0001028c                xTaskPriorityDisinherit
 .text.uxTaskResetEventItemValue
                0x00010394       0x30 ./freertos/source/tasks.o
                0x00010394                uxTaskResetEventItemValue
 .text.pvTaskIncrementMutexHeldCount
                0x000103c4       0x28 ./freertos/source/tasks.o
                0x000103c4                pvTaskIncrementMutexHeldCount
 .text.prvAddCurrentTaskToDelayedList
                0x000103ec       0xcc ./freertos/source/tasks.o
 .text.xTimerCreateTimerTask
                0x000104b8       0x60 ./freertos/source/timers.o
                0x000104b8                xTimerCreateTimerTask
 .text.xTimerGenericCommand
                0x00010518       0x98 ./freertos/source/timers.o
                0x00010518                xTimerGenericCommand
 .text.prvProcessExpiredTimer
                0x000105b0       0x80 ./freertos/source/timers.o
 .text.prvTimerTask
                0x00010630       0x24 ./freertos/source/timers.o
 .text.prvProcessTimerOrBlockTask
                0x00010654       0x9c ./freertos/source/timers.o
 .text.prvGetNextExpireTime
                0x000106f0       0x48 ./freertos/source/timers.o
 .text.prvSampleTimeNow
                0x00010738       0x40 ./freertos/source/timers.o
 .text.prvInsertTimerInActiveList
                0x00010778       0x84 ./freertos/source/timers.o
 .text.prvProcessReceivedCommands
                0x000107fc      0x154 ./freertos/source/timers.o
 .text.prvSwitchTimerLists
                0x00010950       0xc0 ./freertos/source/timers.o
 .text.prvCheckForValidListAndQueue
                0x00010a10       0x6c ./freertos/source/timers.o
 .text.xTimerPendFunctionCallFromISR
                0x00010a7c       0x40 ./freertos/source/timers.o
                0x00010a7c                xTimerPendFunctionCallFromISR
 .text.vPortSetupTimerInterrupt
                0x00010abc       0x40 ./freertos/portable/fsl_tickless_systick.o
                0x00010abc                vPortSetupTimerInterrupt
 .text.pvPortMalloc
                0x00010afc       0x22 ./freertos/portable/heap_3.o
                0x00010afc                pvPortMalloc
 .text.vPortFree
                0x00010b1e       0x24 ./freertos/portable/heap_3.o
                0x00010b1e                vPortFree
 *fill*         0x00010b42        0x2 ff
 .text.pxPortInitialiseStack
                0x00010b44       0x68 ./freertos/portable/port.o
                0x00010b44                pxPortInitialiseStack
 .text.prvTaskExitError
                0x00010bac       0x3c ./freertos/portable/port.o
 *fill*         0x00010be8        0x8 ff
 .text.SVC_Handler
                0x00010bf0       0x28 ./freertos/portable/port.o
                0x00010bf0                SVC_Handler
 .text.prvPortStartFirstTask
                0x00010c18       0x20 ./freertos/portable/port.o
 .text.xPortStartScheduler
                0x00010c38      0x118 ./freertos/portable/port.o
                0x00010c38                xPortStartScheduler
 .text.vPortEnterCritical
                0x00010d50       0x5c ./freertos/portable/port.o
                0x00010d50                vPortEnterCritical
 .text.vPortExitCritical
                0x00010dac       0x50 ./freertos/portable/port.o
                0x00010dac                vPortExitCritical
 *fill*         0x00010dfc        0x4 ff
 .text.PendSV_Handler
                0x00010e00       0x68 ./freertos/portable/port.o
                0x00010e00                PendSV_Handler
 .text.SysTick_Handler
                0x00010e68       0x40 ./freertos/portable/port.o
                0x00010e68                SysTick_Handler
 .text.vPortEnableVFP
                0x00010ea8       0x14 ./freertos/portable/port.o
 .text.vPortValidateInterruptPriority
                0x00010ebc       0x7c ./freertos/portable/port.o
                0x00010ebc                vPortValidateInterruptPriority
 .text.CLOCK_SetEr32kClock
                0x00010f38       0x30 ./drivers/fsl_clock.o
 .text.CLOCK_SetPllFllSelClock
                0x00010f68       0x3c ./drivers/fsl_clock.o
 .text.OSC_SetExtRefClkConfig
                0x00010fa4       0x34 ./drivers/fsl_clock.o
 .text.OSC_SetCapLoad
                0x00010fd8       0x34 ./drivers/fsl_clock.o
 .text.CLOCK_GetMcgExtClkFreq
                0x0001100c       0x78 ./drivers/fsl_clock.o
 .text.CLOCK_GetFllExtRefClkFreq
                0x00011084       0xcc ./drivers/fsl_clock.o
 .text.CLOCK_GetInternalRefClkSelectFreq
                0x00011150       0x44 ./drivers/fsl_clock.o
 .text.CLOCK_GetFllRefClkFreq
                0x00011194       0x2c ./drivers/fsl_clock.o
 .text.CLOCK_GetPll0RefFreq
                0x000111c0        0xe ./drivers/fsl_clock.o
 *fill*         0x000111ce        0x2 ff
 .text.CLOCK_GetOscRangeFromFreq
                0x000111d0       0x3c ./drivers/fsl_clock.o
 .text.CLOCK_GetOsc0ErClkFreq
                0x0001120c       0x38 ./drivers/fsl_clock.o
                0x0001120c                CLOCK_GetOsc0ErClkFreq
 .text.CLOCK_GetEr32kClkFreq
                0x00011244       0x70 ./drivers/fsl_clock.o
                0x00011244                CLOCK_GetEr32kClkFreq
 .text.CLOCK_GetPllFllSelClkFreq
                0x000112b4       0x54 ./drivers/fsl_clock.o
                0x000112b4                CLOCK_GetPllFllSelClkFreq
 .text.CLOCK_GetCoreSysClkFreq
                0x00011308       0x28 ./drivers/fsl_clock.o
                0x00011308                CLOCK_GetCoreSysClkFreq
 .text.CLOCK_GetFreq
                0x00011330      0x148 ./drivers/fsl_clock.o
                0x00011330                CLOCK_GetFreq
 .text.CLOCK_SetSimConfig
                0x00011478       0x38 ./drivers/fsl_clock.o
                0x00011478                CLOCK_SetSimConfig
 .text.CLOCK_GetOutClkFreq
                0x000114b0       0x64 ./drivers/fsl_clock.o
                0x000114b0                CLOCK_GetOutClkFreq
 .text.CLOCK_GetFllFreq
                0x00011514       0x7c ./drivers/fsl_clock.o
                0x00011514                CLOCK_GetFllFreq
 .text.CLOCK_GetInternalRefClkFreq
                0x00011590       0x24 ./drivers/fsl_clock.o
                0x00011590                CLOCK_GetInternalRefClkFreq
 .text.CLOCK_GetFixedFreqClkFreq
                0x000115b4       0x2e ./drivers/fsl_clock.o
                0x000115b4                CLOCK_GetFixedFreqClkFreq
 *fill*         0x000115e2        0x2 ff
 .text.CLOCK_GetPll0Freq
                0x000115e4       0x68 ./drivers/fsl_clock.o
                0x000115e4                CLOCK_GetPll0Freq
 .text.CLOCK_SetExternalRefClkConfig
                0x0001164c       0x6c ./drivers/fsl_clock.o
                0x0001164c                CLOCK_SetExternalRefClkConfig
 .text.CLOCK_SetInternalRefClkConfig
                0x000116b8      0x104 ./drivers/fsl_clock.o
                0x000116b8                CLOCK_SetInternalRefClkConfig
 .text.CLOCK_EnablePll0
                0x000117bc       0x84 ./drivers/fsl_clock.o
                0x000117bc                CLOCK_EnablePll0
 .text.CLOCK_InitOsc0
                0x00011840       0x8c ./drivers/fsl_clock.o
                0x00011840                CLOCK_InitOsc0
 .text.CLOCK_SetPbeMode
                0x000118cc       0xa8 ./drivers/fsl_clock.o
                0x000118cc                CLOCK_SetPbeMode
 .text.CLOCK_BootToPeeMode
                0x00011974       0x64 ./drivers/fsl_clock.o
                0x00011974                CLOCK_BootToPeeMode
 .text.__NVIC_EnableIRQ
                0x000119d8       0x3c ./drivers/fsl_enet.o
 .text.CLOCK_EnableClock
                0x00011a14       0x36 ./drivers/fsl_enet.o
 .text.EnableIRQ
                0x00011a4a       0x2c ./drivers/fsl_enet.o
 .text.ENET_Reset
                0x00011a76       0x20 ./drivers/fsl_enet.o
 .text.ENET_GetSMI
                0x00011a96       0x26 ./drivers/fsl_enet.o
 .text.ENET_EnableSleepMode
                0x00011abc       0x38 ./drivers/fsl_enet.o
 .text.ENET_EnableInterrupts
                0x00011af4       0x22 ./drivers/fsl_enet.o
 *fill*         0x00011b16        0x2 ff
 .text.ENET_GetInstance
                0x00011b18       0x44 ./drivers/fsl_enet.o
                0x00011b18                ENET_GetInstance
 .text.ENET_GetDefaultConfig
                0x00011b5c       0x4c ./drivers/fsl_enet.o
                0x00011b5c                ENET_GetDefaultConfig
 .text.ENET_Init
                0x00011ba8      0x104 ./drivers/fsl_enet.o
                0x00011ba8                ENET_Init
 .text.ENET_SetCallback
                0x00011cac       0x30 ./drivers/fsl_enet.o
                0x00011cac                ENET_SetCallback
 .text.ENET_SetHandler
                0x00011cdc      0x128 ./drivers/fsl_enet.o
 .text.ENET_SetMacController
                0x00011e04      0x290 ./drivers/fsl_enet.o
 .text.ENET_SetTxBufferDescriptors
                0x00012094       0xd8 ./drivers/fsl_enet.o
 .text.ENET_SetRxBufferDescriptors
                0x0001216c       0xec ./drivers/fsl_enet.o
 .text.ENET_ActiveSend
                0x00012258       0x3c ./drivers/fsl_enet.o
 .text.ENET_SetMacAddr
                0x00012294       0x5e ./drivers/fsl_enet.o
                0x00012294                ENET_SetMacAddr
 *fill*         0x000122f2        0x2 ff
 .text.ENET_SetSMI
                0x000122f4       0x8c ./drivers/fsl_enet.o
                0x000122f4                ENET_SetSMI
 .text.ENET_StartSMIWrite
                0x00012380       0x50 ./drivers/fsl_enet.o
                0x00012380                ENET_StartSMIWrite
 .text.ENET_StartSMIRead
                0x000123d0       0x4a ./drivers/fsl_enet.o
                0x000123d0                ENET_StartSMIRead
 *fill*         0x0001241a        0x2 ff
 .text.ENET_GetRxFrameSize
                0x0001241c       0xe4 ./drivers/fsl_enet.o
                0x0001241c                ENET_GetRxFrameSize
 .text.ENET_ReadFrame
                0x00012500      0x13c ./drivers/fsl_enet.o
                0x00012500                ENET_ReadFrame
 .text.ENET_UpdateReadBuffers
                0x0001263c       0xd4 ./drivers/fsl_enet.o
 .text.ENET_SendFrame
                0x00012710      0x1b0 ./drivers/fsl_enet.o
                0x00012710                ENET_SendFrame
 .text.ENET_TransmitIRQHandler
                0x000128c0       0x54 ./drivers/fsl_enet.o
                0x000128c0                ENET_TransmitIRQHandler
 .text.ENET_ReceiveIRQHandler
                0x00012914       0x54 ./drivers/fsl_enet.o
                0x00012914                ENET_ReceiveIRQHandler
 .text.ENET_ErrorIRQHandler
                0x00012968       0x8c ./drivers/fsl_enet.o
                0x00012968                ENET_ErrorIRQHandler
 .text.ENET_Transmit_IRQHandler
                0x000129f4       0x28 ./drivers/fsl_enet.o
                0x000129f4                ENET_Transmit_IRQHandler
 .text.ENET_Receive_IRQHandler
                0x00012a1c       0x28 ./drivers/fsl_enet.o
                0x00012a1c                ENET_Receive_IRQHandler
 .text.ENET_Error_IRQHandler
                0x00012a44       0x28 ./drivers/fsl_enet.o
                0x00012a44                ENET_Error_IRQHandler
 .text.ENET_1588_Timer_IRQHandler
                0x00012a6c       0x28 ./drivers/fsl_enet.o
                0x00012a6c                ENET_1588_Timer_IRQHandler
 .text.CLOCK_EnableClock
                0x00012a94       0x36 ./drivers/fsl_uart.o
 *fill*         0x00012aca        0x2 ff
 .text.UART_GetInstance
                0x00012acc       0x54 ./drivers/fsl_uart.o
                0x00012acc                UART_GetInstance
 .text.UART_Init
                0x00012b20      0x2d8 ./drivers/fsl_uart.o
                0x00012b20                UART_Init
 .text.UART_GetDefaultConfig
                0x00012df8       0x60 ./drivers/fsl_uart.o
                0x00012df8                UART_GetDefaultConfig
 .text.UART_GetStatusFlags
                0x00012e58       0x46 ./drivers/fsl_uart.o
                0x00012e58                UART_GetStatusFlags
 .text.UART_WriteBlocking
                0x00012e9e       0x3e ./drivers/fsl_uart.o
                0x00012e9e                UART_WriteBlocking
 .text.UART_ReadBlocking
                0x00012edc       0x90 ./drivers/fsl_uart.o
                0x00012edc                UART_ReadBlocking
 .text.UART0_DriverIRQHandler
                0x00012f6c       0x28 ./drivers/fsl_uart.o
                0x00012f6c                UART0_DriverIRQHandler
 .text.UART0_RX_TX_DriverIRQHandler
                0x00012f94       0x10 ./drivers/fsl_uart.o
                0x00012f94                UART0_RX_TX_DriverIRQHandler
 .text.UART1_DriverIRQHandler
                0x00012fa4       0x28 ./drivers/fsl_uart.o
                0x00012fa4                UART1_DriverIRQHandler
 .text.UART1_RX_TX_DriverIRQHandler
                0x00012fcc       0x10 ./drivers/fsl_uart.o
                0x00012fcc                UART1_RX_TX_DriverIRQHandler
 .text.UART2_DriverIRQHandler
                0x00012fdc       0x28 ./drivers/fsl_uart.o
                0x00012fdc                UART2_DriverIRQHandler
 .text.UART2_RX_TX_DriverIRQHandler
                0x00013004       0x10 ./drivers/fsl_uart.o
                0x00013004                UART2_RX_TX_DriverIRQHandler
 .text.UART3_DriverIRQHandler
                0x00013014       0x28 ./drivers/fsl_uart.o
                0x00013014                UART3_DriverIRQHandler
 .text.UART3_RX_TX_DriverIRQHandler
                0x0001303c       0x10 ./drivers/fsl_uart.o
                0x0001303c                UART3_RX_TX_DriverIRQHandler
 .text.UART4_DriverIRQHandler
                0x0001304c       0x28 ./drivers/fsl_uart.o
                0x0001304c                UART4_DriverIRQHandler
 .text.UART4_RX_TX_DriverIRQHandler
                0x00013074       0x10 ./drivers/fsl_uart.o
                0x00013074                UART4_RX_TX_DriverIRQHandler
 .text.UART5_DriverIRQHandler
                0x00013084       0x28 ./drivers/fsl_uart.o
                0x00013084                UART5_DriverIRQHandler
 .text.UART5_RX_TX_DriverIRQHandler
                0x000130ac       0x10 ./drivers/fsl_uart.o
                0x000130ac                UART5_RX_TX_DriverIRQHandler
 .text.BOARD_InitDebugConsole
                0x000130bc       0x28 ./board/board.o
                0x000130bc                BOARD_InitDebugConsole
 .text.CLOCK_SetSimSafeDivs
                0x000130e4       0x20 ./board/clock_config.o
 .text.CLOCK_SetXtal0Freq
                0x00013104       0x20 ./board/clock_config.o
 .text.CLOCK_CONFIG_SetFllExtRefDiv
                0x00013124       0x3c ./board/clock_config.o
 .text.BOARD_BootClockRUN
                0x00013160       0x60 ./board/clock_config.o
                0x00013160                BOARD_BootClockRUN
 .text.CLOCK_EnableClock
                0x000131c0       0x36 ./board/fsl_phy.o
 .text.ENET_ReadSMIData
                0x000131f6       0x1a ./board/fsl_phy.o
 .text.ENET_GetInterruptStatus
                0x00013210       0x18 ./board/fsl_phy.o
 .text.ENET_ClearInterruptStatus
                0x00013228       0x1c ./board/fsl_phy.o
 .text.PHY_Init
                0x00013244      0x12c ./board/fsl_phy.o
                0x00013244                PHY_Init
 .text.PHY_Write
                0x00013370       0x70 ./board/fsl_phy.o
                0x00013370                PHY_Write
 .text.PHY_Read
                0x000133e0       0x88 ./board/fsl_phy.o
                0x000133e0                PHY_Read
 .text.PHY_GetLinkStatus
                0x00013468       0x58 ./board/fsl_phy.o
                0x00013468                PHY_GetLinkStatus
 .text.PHY_GetLinkSpeedDuplex
                0x000134c0       0x88 ./board/fsl_phy.o
                0x000134c0                PHY_GetLinkSpeedDuplex
 .text.CLOCK_EnableClock
                0x00013548       0x36 ./board/pin_mux.o
 *fill*         0x0001357e        0x2 ff
 .text.PORT_SetPinConfig
                0x00013580       0x38 ./board/pin_mux.o
 .text.PORT_SetPinMux
                0x000135b8       0x3a ./board/pin_mux.o
 *fill*         0x000135f2        0x2 ff
 .text.BOARD_InitPins
                0x000135f4      0x100 ./board/pin_mux.o
                0x000135f4                BOARD_InitPins
 .text.SystemInit
                0x000136f4       0x40 ./CMSIS/system_MK64F12.o
                0x000136f4                SystemInit
 .text.__main   0x00013734        0xe c:/nxp/mcuxpressoide_10.1.1_606/ide/tools/bin/../lib/gcc/arm-none-eabi/6.3.1/../../../../arm-none-eabi/lib/thumb/v7e-m/fpv4-sp/hard\libcr_nohost_nf.a(_cr__main.o)
                0x00013734                __main
 *fill*         0x00013742        0x2 ff
 .text.__assertion_failed
                0x00013744       0x4c c:/nxp/mcuxpressoide_10.1.1_606/ide/tools/bin/../lib/gcc/arm-none-eabi/6.3.1/../../../../arm-none-eabi/lib/thumb/v7e-m/fpv4-sp/hard\libcr_nohost_nf.a(_cr_assert.o)
                0x00013744                __assertion_failed
 .text.__sys_appexit
                0x00013790        0x2 c:/nxp/mcuxpressoide_10.1.1_606/ide/tools/bin/../lib/gcc/arm-none-eabi/6.3.1/../../../../arm-none-eabi/lib/thumb/v7e-m/fpv4-sp/hard\libcr_nohost_nf.a(__sys_appexit.o)
                0x00013790                __sys_appexit
                0x00013790                __exit
 .text.memcpy   0x00013792        0x4 c:/nxp/mcuxpressoide_10.1.1_606/ide/tools/bin/../lib/gcc/arm-none-eabi/6.3.1/../../../../arm-none-eabi/lib/thumb/v7e-m/fpv4-sp/hard\libcr_c.a(memcpy.o)
                0x00013792                memcpy
 .text.memset   0x00013796        0x4 c:/nxp/mcuxpressoide_10.1.1_606/ide/tools/bin/../lib/gcc/arm-none-eabi/6.3.1/../../../../arm-none-eabi/lib/thumb/v7e-m/fpv4-sp/hard\libcr_c.a(memset.o)
                0x00013796                memset
 .text._deferredlazyseek
                0x0001379a       0x40 c:/nxp/mcuxpressoide_10.1.1_606/ide/tools/bin/../lib/gcc/arm-none-eabi/6.3.1/../../../../arm-none-eabi/lib/thumb/v7e-m/fpv4-sp/hard\libcr_c.a(_deferredlazyseek.o)
                0x0001379a                _deferredlazyseek
 .text.__flsbuf
                0x000137da      0x148 c:/nxp/mcuxpressoide_10.1.1_606/ide/tools/bin/../lib/gcc/arm-none-eabi/6.3.1/../../../../arm-none-eabi/lib/thumb/v7e-m/fpv4-sp/hard\libcr_c.a(_deferredlazyseek.o)
                0x000137da                __flsbuf
 .text._fflush  0x00013922       0x54 c:/nxp/mcuxpressoide_10.1.1_606/ide/tools/bin/../lib/gcc/arm-none-eabi/6.3.1/../../../../arm-none-eabi/lib/thumb/v7e-m/fpv4-sp/hard\libcr_c.a(_fflush.o)
                0x00013922                _fflush
 *fill*         0x00013976        0x2 ff
 .text._Cwritebuf
                0x00013978       0x6c c:/nxp/mcuxpressoide_10.1.1_606/ide/tools/bin/../lib/gcc/arm-none-eabi/6.3.1/../../../../arm-none-eabi/lib/thumb/v7e-m/fpv4-sp/hard\libcr_c.a(_writebuf.o)
                0x00013978                _Cwritebuf
 .text.malloc   0x000139e4       0xc4 c:/nxp/mcuxpressoide_10.1.1_606/ide/tools/bin/../lib/gcc/arm-none-eabi/6.3.1/../../../../arm-none-eabi/lib/thumb/v7e-m/fpv4-sp/hard\libcr_c.a(alloc.o)
                0x000139e4                malloc
 .text.free     0x00013aa8       0x30 c:/nxp/mcuxpressoide_10.1.1_606/ide/tools/bin/../lib/gcc/arm-none-eabi/6.3.1/../../../../arm-none-eabi/lib/thumb/v7e-m/fpv4-sp/hard\libcr_c.a(alloc.o)
                0x00013aa8                free
 .text._Csys_alloc
                0x00013ad8       0x20 c:/nxp/mcuxpressoide_10.1.1_606/ide/tools/bin/../lib/gcc/arm-none-eabi/6.3.1/../../../../arm-none-eabi/lib/thumb/v7e-m/fpv4-sp/hard\libcr_c.a(alloc.o)
                0x00013ad8                _Csys_alloc
 .text.fputs    0x00013af8       0x2c c:/nxp/mcuxpressoide_10.1.1_606/ide/tools/bin/../lib/gcc/arm-none-eabi/6.3.1/../../../../arm-none-eabi/lib/thumb/v7e-m/fpv4-sp/hard\libcr_c.a(fputs.o)
                0x00013af8                fputs
 .text.fseek    0x00013b24      0x100 c:/nxp/mcuxpressoide_10.1.1_606/ide/tools/bin/../lib/gcc/arm-none-eabi/6.3.1/../../../../arm-none-eabi/lib/thumb/v7e-m/fpv4-sp/hard\libcr_c.a(fseek.o)
                0x00013b24                fseek
 .text.ftell    0x00013c24       0x48 c:/nxp/mcuxpressoide_10.1.1_606/ide/tools/bin/../lib/gcc/arm-none-eabi/6.3.1/../../../../arm-none-eabi/lib/thumb/v7e-m/fpv4-sp/hard\libcr_c.a(ftell.o)
                0x00013c24                ftell
 .text._initio  0x00013c6c       0x78 c:/nxp/mcuxpressoide_10.1.1_606/ide/tools/bin/../lib/gcc/arm-none-eabi/6.3.1/../../../../arm-none-eabi/lib/thumb/v7e-m/fpv4-sp/hard\libcr_c.a(initio.o)
                0x00013c6c                _initio
 .text.memcmp   0x00013ce4       0x44 c:/nxp/mcuxpressoide_10.1.1_606/ide/tools/bin/../lib/gcc/arm-none-eabi/6.3.1/../../../../arm-none-eabi/lib/thumb/v7e-m/fpv4-sp/hard\libcr_c.a(memcmp.o)
                0x00013ce4                memcmp
 .text.setvbuf  0x00013d28       0x40 c:/nxp/mcuxpressoide_10.1.1_606/ide/tools/bin/../lib/gcc/arm-none-eabi/6.3.1/../../../../arm-none-eabi/lib/thumb/v7e-m/fpv4-sp/hard\libcr_c.a(setvbuf.o)
                0x00013d28                setvbuf
 .text.strlen   0x00013d68       0x4a c:/nxp/mcuxpressoide_10.1.1_606/ide/tools/bin/../lib/gcc/arm-none-eabi/6.3.1/../../../../arm-none-eabi/lib/thumb/v7e-m/fpv4-sp/hard\libcr_c.a(strlen.o)
                0x00013d68                strlen
 *fill*         0x00013db2        0x2 ff
 .text._sbrk    0x00013db4       0x3c c:/nxp/mcuxpressoide_10.1.1_606/ide/tools/bin/../lib/gcc/arm-none-eabi/6.3.1/../../../../arm-none-eabi/lib/thumb/v7e-m/fpv4-sp/hard\libcr_c.a(_cr_sbrk.o)
                0x00013db4                _sbrk
 .text._fdopen  0x00013df0       0x68 c:/nxp/mcuxpressoide_10.1.1_606/ide/tools/bin/../lib/gcc/arm-none-eabi/6.3.1/../../../../arm-none-eabi/lib/thumb/v7e-m/fpv4-sp/hard\libcr_c.a(_fdopen.o)
                0x00013df0                _fdopen
 .text.fclose   0x00013e58       0x58 c:/nxp/mcuxpressoide_10.1.1_606/ide/tools/bin/../lib/gcc/arm-none-eabi/6.3.1/../../../../arm-none-eabi/lib/thumb/v7e-m/fpv4-sp/hard\libcr_c.a(fclose.o)
                0x00013e58                fclose
 .text.fflush   0x00013eb0       0x44 c:/nxp/mcuxpressoide_10.1.1_606/ide/tools/bin/../lib/gcc/arm-none-eabi/6.3.1/../../../../arm-none-eabi/lib/thumb/v7e-m/fpv4-sp/hard\libcr_c.a(fflush.o)
                0x00013eb0                fflush
 .text.remove   0x00013ef4       0x14 c:/nxp/mcuxpressoide_10.1.1_606/ide/tools/bin/../lib/gcc/arm-none-eabi/6.3.1/../../../../arm-none-eabi/lib/thumb/v7e-m/fpv4-sp/hard\libcr_c.a(remove.o)
                0x00013ef4                remove
 .text.__check_heap_overflow
                0x00013f08       0x18 c:/nxp/mcuxpressoide_10.1.1_606/ide/tools/bin/../lib/gcc/arm-none-eabi/6.3.1/../../../../arm-none-eabi/lib/thumb/v7e-m/fpv4-sp/hard\libcr_c.a(_cr_check_heap.o)
                0x00013f08                __check_heap_overflow
 .text._do_fflush
                0x00013f20       0x40 c:/nxp/mcuxpressoide_10.1.1_606/ide/tools/bin/../lib/gcc/arm-none-eabi/6.3.1/../../../../arm-none-eabi/lib/thumb/v7e-m/fpv4-sp/hard\libcr_c.a(_do_fflush.o)
                0x00013f20                _do_fflush
 .text.__aeabi_division_ldivmod
                0x00013f60       0x26 c:/nxp/mcuxpressoide_10.1.1_606/ide/tools/bin/../lib/gcc/arm-none-eabi/6.3.1/thumb/v7e-m/fpv4-sp/hard\libcr_eabihelpers.a(division_64.o)
                0x00013f60                __aeabi_ldivmod
 .text.__aeabi_division_uldivmod
                0x00013f86      0x174 c:/nxp/mcuxpressoide_10.1.1_606/ide/tools/bin/../lib/gcc/arm-none-eabi/6.3.1/thumb/v7e-m/fpv4-sp/hard\libcr_eabihelpers.a(division_64.o)
                0x00013f86                __aeabi_uldivmod
                0x00013f8a                __bhs_ldivmod1
 .text.__aeabi_division_idiv0
                0x000140fa        0x2 c:/nxp/mcuxpressoide_10.1.1_606/ide/tools/bin/../lib/gcc/arm-none-eabi/6.3.1/thumb/v7e-m/fpv4-sp/hard\libcr_eabihelpers.a(division_idiv0.o)
                0x000140fa                __aeabi_idiv0
 .text.__aeabi_memcpy
                0x000140fc       0x34 c:/nxp/mcuxpressoide_10.1.1_606/ide/tools/bin/../lib/gcc/arm-none-eabi/6.3.1/thumb/v7e-m/fpv4-sp/hard\libcr_eabihelpers.a(memcpy.o)
                0x000140fc                __aeabi_memcpy
                0x00014106                __aeabi_memcpy8
                0x00014106                __aeabi_memcpy4
 .text.__aeabi_memset_lowlevel
                0x00014130       0x32 c:/nxp/mcuxpressoide_10.1.1_606/ide/tools/bin/../lib/gcc/arm-none-eabi/6.3.1/thumb/v7e-m/fpv4-sp/hard\libcr_eabihelpers.a(memcpy.o)
                0x00014130                __aeabi_lowlevel_memset
 .text.__sys_close
                0x00014162        0x6 c:/nxp/mcuxpressoide_10.1.1_606/ide/tools/bin/../lib/gcc/arm-none-eabi/6.3.1/../../../../arm-none-eabi/lib/thumb/v7e-m/fpv4-sp/hard\libcr_nohost_nf.a(__sys_close.o)
                0x00014162                __sys_close
 .text.__sys_flen
                0x00014168        0x6 c:/nxp/mcuxpressoide_10.1.1_606/ide/tools/bin/../lib/gcc/arm-none-eabi/6.3.1/../../../../arm-none-eabi/lib/thumb/v7e-m/fpv4-sp/hard\libcr_nohost_nf.a(__sys_flen.o)
                0x00014168                __sys_flen
 .text.__sys_istty
                0x0001416e        0x6 c:/nxp/mcuxpressoide_10.1.1_606/ide/tools/bin/../lib/gcc/arm-none-eabi/6.3.1/../../../../arm-none-eabi/lib/thumb/v7e-m/fpv4-sp/hard\libcr_nohost_nf.a(__sys_istty.o)
                0x0001416e                __sys_istty
 .text.__sys_remove
                0x00014174        0x6 c:/nxp/mcuxpressoide_10.1.1_606/ide/tools/bin/../lib/gcc/arm-none-eabi/6.3.1/../../../../arm-none-eabi/lib/thumb/v7e-m/fpv4-sp/hard\libcr_nohost_nf.a(__sys_remove.o)
                0x00014174                __sys_remove
 .text.__sys_seek
                0x0001417a        0x6 c:/nxp/mcuxpressoide_10.1.1_606/ide/tools/bin/../lib/gcc/arm-none-eabi/6.3.1/../../../../arm-none-eabi/lib/thumb/v7e-m/fpv4-sp/hard\libcr_nohost_nf.a(__sys_seek.o)
                0x0001417a                __sys_seek
 .text.__sys_tmpnam
                0x00014180        0x6 c:/nxp/mcuxpressoide_10.1.1_606/ide/tools/bin/../lib/gcc/arm-none-eabi/6.3.1/../../../../arm-none-eabi/lib/thumb/v7e-m/fpv4-sp/hard\libcr_nohost_nf.a(__sys_tmpnam.o)
                0x00014180                __sys_tmpnam
 .text.__sys_write
                0x00014186        0x4 c:/nxp/mcuxpressoide_10.1.1_606/ide/tools/bin/../lib/gcc/arm-none-eabi/6.3.1/../../../../arm-none-eabi/lib/thumb/v7e-m/fpv4-sp/hard\libcr_nohost_nf.a(__sys_write.o)
                0x00014186                __sys_write
 *(.rodata .rodata.* .constdata .constdata.*)
 *fill*         0x0001418a        0x2 ff
 .rodata        0x0001418c       0x50 ./utilities/fsl_debug_console.o
 .rodata        0x000141dc       0x27 ./utilities/fsl_io.o
 *fill*         0x00014203        0x1 ff
 .rodata        0x00014204       0x80 ./utilities/fsl_log.o
 .rodata        0x00014284      0x11e ./source/lwip_tcpecho_freertos.o
 *fill*         0x000143a2        0x2 ff
 .rodata.ethbroadcast
                0x000143a4        0x6 ./lwip/src/netif/ethernet.o
                0x000143a4                ethbroadcast
 *fill*         0x000143aa        0x2 ff
 .rodata.ethzero
                0x000143ac        0x6 ./lwip/src/netif/ethernet.o
                0x000143ac                ethzero