Archive member included to satisfy reference by file (symbol)

c:/nxp/mcuxpressoide_10.1.1_606/ide/tools/bin/../lib/gcc/arm-none-eabi/6.3.1/../../../../arm-none-eabi/lib/thumb/v7e-m/fpv4-sp/hard\libcr_nohost_nf.a(_cr__main.o)
                              ./startup/startup_mk64f12.o (__main)
c:/nxp/mcuxpressoide_10.1.1_606/ide/tools/bin/../lib/gcc/arm-none-eabi/6.3.1/../../../../arm-none-eabi/lib/thumb/v7e-m/fpv4-sp/hard\libcr_nohost_nf.a(_cr_assert.o)
                              ./utilities/fsl_debug_console.o (__assertion_failed)
c:/nxp/mcuxpressoide_10.1.1_606/ide/tools/bin/../lib/gcc/arm-none-eabi/6.3.1/../../../../arm-none-eabi/lib/thumb/v7e-m/fpv4-sp/hard\libcr_nohost_nf.a(__ciob.o)
                              c:/nxp/mcuxpressoide_10.1.1_606/ide/tools/bin/../lib/gcc/arm-none-eabi/6.3.1/../../../../arm-none-eabi/lib/thumb/v7e-m/fpv4-sp/hard\libcr_nohost_nf.a(_cr_assert.o) (__Ciob)
c:/nxp/mcuxpressoide_10.1.1_606/ide/tools/bin/../lib/gcc/arm-none-eabi/6.3.1/../../../../arm-none-eabi/lib/thumb/v7e-m/fpv4-sp/hard\libcr_nohost_nf.a(__sys_appexit.o)
                              c:/nxp/mcuxpressoide_10.1.1_606/ide/tools/bin/../lib/gcc/arm-none-eabi/6.3.1/../../../../arm-none-eabi/lib/thumb/v7e-m/fpv4-sp/hard\libcr_nohost_nf.a(_cr_assert.o) (__sys_appexit)
c:/nxp/mcuxpressoide_10.1.1_606/ide/tools/bin/../lib/gcc/arm-none-eabi/6.3.1/../../../../arm-none-eabi/lib/thumb/v7e-m/fpv4-sp/hard\libcr_c.a(memcpy.o)
                              ./lwip/src/netif/ethernet.o (memcpy)
c:/nxp/mcuxpressoide_10.1.1_606/ide/tools/bin/../lib/gcc/arm-none-eabi/6.3.1/../../../../arm-none-eabi/lib/thumb/v7e-m/fpv4-sp/hard\libcr_c.a(memset.o)
                              ./utilities/fsl_debug_console.o (memset)
c:/nxp/mcuxpressoide_10.1.1_606/ide/tools/bin/../lib/gcc/arm-none-eabi/6.3.1/../../../../arm-none-eabi/lib/thumb/v7e-m/fpv4-sp/hard\libcr_c.a(_deferredlazyseek.o)
                              c:/nxp/mcuxpressoide_10.1.1_606/ide/tools/bin/../lib/gcc/arm-none-eabi/6.3.1/../../../../arm-none-eabi/lib/thumb/v7e-m/fpv4-sp/hard\libcr_nohost_nf.a(_cr_assert.o) (__flsbuf)
c:/nxp/mcuxpressoide_10.1.1_606/ide/tools/bin/../lib/gcc/arm-none-eabi/6.3.1/../../../../arm-none-eabi/lib/thumb/v7e-m/fpv4-sp/hard\libcr_c.a(_fflush.o)
                              c:/nxp/mcuxpressoide_10.1.1_606/ide/tools/bin/../lib/gcc/arm-none-eabi/6.3.1/../../../../arm-none-eabi/lib/thumb/v7e-m/fpv4-sp/hard\libcr_c.a(_deferredlazyseek.o) (_fflush)
c:/nxp/mcuxpressoide_10.1.1_606/ide/tools/bin/../lib/gcc/arm-none-eabi/6.3.1/../../../../arm-none-eabi/lib/thumb/v7e-m/fpv4-sp/hard\libcr_c.a(_writebuf.o)
                              c:/nxp/mcuxpressoide_10.1.1_606/ide/tools/bin/../lib/gcc/arm-none-eabi/6.3.1/../../../../arm-none-eabi/lib/thumb/v7e-m/fpv4-sp/hard\libcr_c.a(_deferredlazyseek.o) (_Cwritebuf)
c:/nxp/mcuxpressoide_10.1.1_606/ide/tools/bin/../lib/gcc/arm-none-eabi/6.3.1/../../../../arm-none-eabi/lib/thumb/v7e-m/fpv4-sp/hard\libcr_c.a(alloc.o)
                              ./freertos/portable/heap_3.o (malloc)
c:/nxp/mcuxpressoide_10.1.1_606/ide/tools/bin/../lib/gcc/arm-none-eabi/6.3.1/../../../../arm-none-eabi/lib/thumb/v7e-m/fpv4-sp/hard\libcr_c.a(fputs.o)
                              c:/nxp/mcuxpressoide_10.1.1_606/ide/tools/bin/../lib/gcc/arm-none-eabi/6.3.1/../../../../arm-none-eabi/lib/thumb/v7e-m/fpv4-sp/hard\libcr_nohost_nf.a(_cr_assert.o) (fputs)
c:/nxp/mcuxpressoide_10.1.1_606/ide/tools/bin/../lib/gcc/arm-none-eabi/6.3.1/../../../../arm-none-eabi/lib/thumb/v7e-m/fpv4-sp/hard\libcr_c.a(fseek.o)
                              c:/nxp/mcuxpressoide_10.1.1_606/ide/tools/bin/../lib/gcc/arm-none-eabi/6.3.1/../../../../arm-none-eabi/lib/thumb/v7e-m/fpv4-sp/hard\libcr_c.a(_deferredlazyseek.o) (fseek)
c:/nxp/mcuxpressoide_10.1.1_606/ide/tools/bin/../lib/gcc/arm-none-eabi/6.3.1/../../../../arm-none-eabi/lib/thumb/v7e-m/fpv4-sp/hard\libcr_c.a(ftell.o)
                              c:/nxp/mcuxpressoide_10.1.1_606/ide/tools/bin/../lib/gcc/arm-none-eabi/6.3.1/../../../../arm-none-eabi/lib/thumb/v7e-m/fpv4-sp/hard\libcr_c.a(fseek.o) (ftell)
c:/nxp/mcuxpressoide_10.1.1_606/ide/tools/bin/../lib/gcc/arm-none-eabi/6.3.1/../../../../arm-none-eabi/lib/thumb/v7e-m/fpv4-sp/hard\libcr_c.a(initio.o)
                              c:/nxp/mcuxpressoide_10.1.1_606/ide/tools/bin/../lib/gcc/arm-none-eabi/6.3.1/../../../../arm-none-eabi/lib/thumb/v7e-m/fpv4-sp/hard\libcr_nohost_nf.a(_cr__main.o) (_initio)
c:/nxp/mcuxpressoide_10.1.1_606/ide/tools/bin/../lib/gcc/arm-none-eabi/6.3.1/../../../../arm-none-eabi/lib/thumb/v7e-m/fpv4-sp/hard\libcr_c.a(memcmp.o)
                              ./lwip/src/netif/ethernet.o (memcmp)
c:/nxp/mcuxpressoide_10.1.1_606/ide/tools/bin/../lib/gcc/arm-none-eabi/6.3.1/../../../../arm-none-eabi/lib/thumb/v7e-m/fpv4-sp/hard\libcr_c.a(printf.o)
                              ./freertos/source/tasks.o (_sprintf)
[...]
Memory Configuration

Name             Origin             Length             Attributes
PROGRAM_FLASH    0x00000000         0x00100000         xr
SRAM_UPPER       0x20000000         0x00030000         xrw
SRAM_LOWER       0x1fff0000         0x00010000         xrw
FLEX_RAM         0x14000000         0x00001000         xrw
*default*        0x00000000         0xffffffff

Linker script and memory map

LOAD ./utilities/fsl_assert.o
LOAD ./utilities/fsl_debug_console.o
LOAD ./utilities/fsl_io.o
LOAD ./utilities/fsl_log.o
LOAD ./utilities/fsl_str.o
LOAD ./startup/startup_mk64f12.o
LOAD ./source/Wireless_Speaker.o
LOAD ./source/genericFunctions.o
LOAD ./source/semihost_hardfault.o
LOAD ./lwip/src/netif/ppp/auth.o
LOAD ./lwip/src/netif/ppp/ccp.o
LOAD ./lwip/src/netif/ppp/chap-md5.o
LOAD ./lwip/src/netif/ppp/chap-new.o
LOAD ./lwip/src/netif/ppp/chap_ms.o
LOAD ./lwip/src/netif/ppp/demand.o
LOAD ./lwip/src/netif/ppp/eap.o
LOAD ./lwip/src/netif/ppp/eui64.o
LOAD ./lwip/src/netif/ppp/fsm.o
LOAD ./lwip/src/netif/ppp/ipcp.o
LOAD ./lwip/src/netif/ppp/ipv6cp.o
LOAD ./lwip/src/netif/ppp/lcp.o
LOAD ./lwip/src/netif/ppp/lwip_ecp.o
LOAD ./lwip/src/netif/ppp/magic.o
LOAD ./lwip/src/netif/ppp/mppe.o
LOAD ./lwip/src/netif/ppp/multilink.o
LOAD ./lwip/src/netif/ppp/ppp.o
LOAD ./lwip/src/netif/ppp/pppapi.o
LOAD ./lwip/src/netif/ppp/pppcrypt.o
LOAD ./lwip/src/netif/ppp/pppoe.o
LOAD ./lwip/src/netif/ppp/pppol2tp.o
LOAD ./lwip/src/netif/ppp/pppos.o
LOAD ./lwip/src/netif/ppp/upap.o
LOAD ./lwip/src/netif/ppp/utils.o
LOAD ./lwip/src/netif/ppp/vj.o
LOAD ./lwip/src/netif/ethernet.o
LOAD ./lwip/src/netif/lowpan6.o
LOAD ./lwip/src/netif/slipif.o
LOAD ./lwip/src/core/ipv6/dhcp6.o
LOAD ./lwip/src/core/ipv6/ethip6.o
LOAD ./lwip/src/core/ipv6/icmp6.o
LOAD ./lwip/src/core/ipv6/inet6.o
LOAD ./lwip/src/core/ipv6/ip6.o
LOAD ./lwip/src/core/ipv6/ip6_addr.o
LOAD ./lwip/src/core/ipv6/ip6_frag.o
LOAD ./lwip/src/core/ipv6/mld6.o
LOAD ./lwip/src/core/ipv6/nd6.o
LOAD ./lwip/src/core/ipv4/autoip.o
LOAD ./lwip/src/core/ipv4/dhcp.o
LOAD ./lwip/src/core/ipv4/etharp.o
LOAD ./lwip/src/core/ipv4/icmp.o
LOAD ./lwip/src/core/ipv4/igmp.o
LOAD ./lwip/src/core/ipv4/ip4.o
LOAD ./lwip/src/core/ipv4/ip4_addr.o
LOAD ./lwip/src/core/ipv4/ip4_frag.o
LOAD ./lwip/src/core/def.o
LOAD ./lwip/src/core/dns.o
LOAD ./lwip/src/core/inet_chksum.o
LOAD ./lwip/src/core/init.o
LOAD ./lwip/src/core/ip.o
LOAD ./lwip/src/core/mem.o
LOAD ./lwip/src/core/memp.o
LOAD ./lwip/src/core/netif.o
LOAD ./lwip/src/core/pbuf.o
LOAD ./lwip/src/core/raw.o
LOAD ./lwip/src/core/stats.o
LOAD ./lwip/src/core/sys.o
LOAD ./lwip/src/core/tcp.o
LOAD ./lwip/src/core/tcp_in.o
LOAD ./lwip/src/core/tcp_out.o
LOAD ./lwip/src/core/timeouts.o
LOAD ./lwip/src/core/udp.o
LOAD ./lwip/src/api/api_lib.o
LOAD ./lwip/src/api/api_msg.o
LOAD ./lwip/src/api/err.o
LOAD ./lwip/src/api/netbuf.o
LOAD ./lwip/src/api/netdb.o
LOAD ./lwip/src/api/netifapi.o
LOAD ./lwip/src/api/sockets.o
LOAD ./lwip/src/api/tcpip.o
LOAD ./lwip/port/ethernetif.o
LOAD ./lwip/port/sys_arch.o
LOAD ./lwip/contrib/apps/udpecho/udpecho.o
LOAD ./lwip/contrib/apps/tcpecho/tcpecho.o
LOAD ./freertos/source/croutine.o
LOAD ./freertos/source/event_groups.o
LOAD ./freertos/source/list.o
LOAD ./freertos/source/queue.o
LOAD ./freertos/source/tasks.o
LOAD ./freertos/source/timers.o
LOAD ./freertos/portable/fsl_tickless_systick.o
LOAD ./freertos/portable/heap_3.o
LOAD ./freertos/portable/port.o
LOAD ./drivers/fsl_clock.o
LOAD ./drivers/fsl_common.o
LOAD ./drivers/fsl_dac.o
LOAD ./drivers/fsl_enet.o
LOAD ./drivers/fsl_flash.o
LOAD ./drivers/fsl_gpio.o
LOAD ./drivers/fsl_pit.o
LOAD ./drivers/fsl_sim.o
LOAD ./drivers/fsl_smc.o
LOAD ./drivers/fsl_uart.o
LOAD ./board/board.o
LOAD ./board/clock_config.o
LOAD ./board/fsl_phy.o
LOAD ./board/peripherals.o
LOAD ./board/pin_mux.o
LOAD ./CMSIS/system_MK64F12.o
START GROUP
LOAD c:/nxp/mcuxpressoide_10.1.1_606/ide/tools/bin/../lib/gcc/arm-none-eabi/6.3.1/../../../../arm-none-eabi/lib/thumb/v7e-m/fpv4-sp/hard\libcr_nohost_nf.a
LOAD c:/nxp/mcuxpressoide_10.1.1_606/ide/tools/bin/../lib/gcc/arm-none-eabi/6.3.1/../../../../arm-none-eabi/lib/thumb/v7e-m/fpv4-sp/hard\libcr_c.a
LOAD c:/nxp/mcuxpressoide_10.1.1_606/ide/tools/bin/../lib/gcc/arm-none-eabi/6.3.1/thumb/v7e-m/fpv4-sp/hard\libcr_eabihelpers.a
END GROUP
                0x00000000                __base_PROGRAM_FLASH = 0x0
                0x00000000                __base_Flash = 0x0
                0x00100000                __top_PROGRAM_FLASH = 0x100000
                0x00100000                __top_Flash = 0x100000
                0x20000000                __base_SRAM_UPPER = 0x20000000
                0x20000000                __base_RAM = 0x20000000
                0x20030000                __top_SRAM_UPPER = 0x20030000
                0x20030000                __top_RAM = 0x20030000
                0x1fff0000                __base_SRAM_LOWER = 0x1fff0000
                0x1fff0000                __base_RAM2 = 0x1fff0000
                0x20000000                __top_SRAM_LOWER = 0x20000000
                0x20000000                __top_RAM2 = 0x20000000
                0x14000000                __base_FLEX_RAM = 0x14000000
                0x14000000                __base_RAM3 = 0x14000000
                0x14001000                __top_FLEX_RAM = 0x14001000
                0x14001000                __top_RAM3 = 0x14001000

.text           0x00000000    0x17ef0
 FILL mask 0xff
                0x00000000                __vectors_start__ = ABSOLUTE (.)
 *(.isr_vector)
 .isr_vector    0x00000000      0x198 ./startup/startup_mk64f12.o
                0x00000000                g_pfnVectors
                0x00000000                __Vectors
                0x00000198                . = ALIGN (0x4)
                0x00000198                __section_table_start = .
                0x00000198                __data_section_table = .
                0x00000198        0x4 LONG 0x17ef0 LOADADDR (.data)
                0x0000019c        0x4 LONG 0x20000000 ADDR (.data)
                0x000001a0        0x4 LONG 0x24 SIZEOF (.data)
                0x000001a4        0x4 LONG 0x17ef0 LOADADDR (.data_RAM2)
                0x000001a8        0x4 LONG 0x1fff0000 ADDR (.data_RAM2)
                0x000001ac        0x4 LONG 0x0 SIZEOF (.data_RAM2)
                0x000001b0        0x4 LONG 0x17ef0 LOADADDR (.data_RAM3)
                0x000001b4        0x4 LONG 0x14000000 ADDR (.data_RAM3)
                0x000001b8        0x4 LONG 0x0 SIZEOF (.data_RAM3)
                0x000001bc                __data_section_table_end = .
                0x000001bc                __bss_section_table = .
                0x000001bc        0x4 LONG 0x20000030 ADDR (.bss)
                0x000001c0        0x4 LONG 0xd858 SIZEOF (.bss)
                0x000001c4        0x4 LONG 0x1fff0000 ADDR (.bss_RAM2)
                0x000001c8        0x4 LONG 0x0 SIZEOF (.bss_RAM2)
                0x000001cc        0x4 LONG 0x14000000 ADDR (.bss_RAM3)
                0x000001d0        0x4 LONG 0x0 SIZEOF (.bss_RAM3)
                0x000001d4                __bss_section_table_end = .
                0x000001d4                __section_table_end = .
 *(.after_vectors*)
 .after_vectors.init_data
                0x000001d4       0x1e ./startup/startup_mk64f12.o
                0x000001d4                data_init
 .after_vectors.init_bss
                0x000001f2       0x12 ./startup/startup_mk64f12.o
                0x000001f2                bss_init
 .after_vectors.reset
                0x00000204       0x4c ./startup/startup_mk64f12.o
                0x00000204                ResetISR
 .after_vectors
                0x00000250       0x14 ./startup/startup_mk64f12.o
                0x00000250                NMI_Handler
                0x00000254                MemManage_Handler
                0x00000256                BusFault_Handler
                0x00000258                UsageFault_Handler
                0x0000025c                DebugMon_Handler
                0x00000262                LPTMR0_DriverIRQHandler
                0x00000262                DMA_Error_DriverIRQHandler
                0x00000262                SPI1_DriverIRQHandler
                0x00000262                FTM1_DriverIRQHandler
                0x00000262                FTM2_DriverIRQHandler
                0x00000262                PIT2_DriverIRQHandler
                0x00000262                SDHC_DriverIRQHandler
                0x00000262                I2S0_Tx_DriverIRQHandler
                0x00000262                RTC_Seconds_DriverIRQHandler
                0x00000262                DMA6_DriverIRQHandler
                0x00000262                LLWU_DriverIRQHandler
                0x00000262                MCM_DriverIRQHandler
                0x00000262                MCG_DriverIRQHandler
                0x00000262                ENET_1588_Timer_DriverIRQHandler
                0x00000262                I2C2_DriverIRQHandler
                0x00000262                DAC1_DriverIRQHandler
                0x00000262                DMA12_DriverIRQHandler
                0x00000262                CMP1_DriverIRQHandler
                0x00000262                FTM0_DriverIRQHandler
                0x00000262                IntDefaultHandler
                0x00000262                USB0_DriverIRQHandler
                0x00000262                UART5_ERR_DriverIRQHandler
                0x00000262                PORTC_DriverIRQHandler
                0x00000262                DMA11_DriverIRQHandler
                0x00000262                DAC0_DriverIRQHandler
                0x00000262                DMA10_DriverIRQHandler
                0x00000262                CMP2_DriverIRQHandler
                0x00000262                UART2_ERR_DriverIRQHandler
                0x00000262                SPI2_DriverIRQHandler
                0x00000262                LVD_LVW_DriverIRQHandler
                0x00000262                PIT0_DriverIRQHandler
                0x00000262                PORTB_DriverIRQHandler
                0x00000262                DMA5_DriverIRQHandler
                0x00000262                DMA4_DriverIRQHandler
                0x00000262                USBDCD_DriverIRQHandler
                0x00000262                UART3_ERR_DriverIRQHandler
                0x00000262                DMA3_DriverIRQHandler
                0x00000262                DMA8_DriverIRQHandler
                0x00000262                DMA9_DriverIRQHandler
                0x00000262                UART0_ERR_DriverIRQHandler
                0x00000262                CMT_DriverIRQHandler
                0x00000262                Reserved71_DriverIRQHandler
                0x00000262                ADC1_DriverIRQHandler
                0x00000262                PORTA_DriverIRQHandler
                0x00000262                DMA14_DriverIRQHandler
                0x00000262                PIT3_DriverIRQHandler
                0x00000262                PIT1_DriverIRQHandler
                0x00000262                WDOG_EWM_DriverIRQHandler
                0x00000262                PDB0_DriverIRQHandler
                0x00000262                RTC_DriverIRQHandler
                0x00000262                I2S0_Rx_DriverIRQHandler
                0x00000262                Read_Collision_DriverIRQHandler
                0x00000262                SWI_DriverIRQHandler
                0x00000262                UART4_ERR_DriverIRQHandler
                0x00000262                DMA0_DriverIRQHandler
                0x00000262                UART0_LON_DriverIRQHandler
                0x00000262                DMA1_DriverIRQHandler
                0x00000262                I2C1_DriverIRQHandler
                0x00000262                ENET_Receive_DriverIRQHandler
                0x00000262                DMA13_DriverIRQHandler
                0x00000262                ENET_Error_DriverIRQHandler
                0x00000262                DMA15_DriverIRQHandler
                0x00000262                SPI0_DriverIRQHandler
                0x00000262                ADC0_DriverIRQHandler
                0x00000262                CMP0_DriverIRQHandler
                0x00000262                CAN0_DriverIRQHandler
                0x00000262                FTM3_DriverIRQHandler
                0x00000262                RNG_DriverIRQHandler
                0x00000262                UART1_ERR_DriverIRQHandler
                0x00000262                DMA2_DriverIRQHandler
                0x00000262                ENET_Transmit_DriverIRQHandler
                0x00000262                PORTD_DriverIRQHandler
                0x00000262                PORTE_DriverIRQHandler
                0x00000262                FTFE_DriverIRQHandler
                0x00000262                I2C0_DriverIRQHandler
                0x00000262                DMA7_DriverIRQHandler
                0x00000400                . = 0x400
 *fill*         0x00000264      0x19c ff
                0x00000400                PROVIDE (__FLASH_CONFIG_START__, .)
 *(.FlashConfig)
 .FlashConfig   0x00000400       0x10 ./startup/startup_mk64f12.o
                0x00000400                Flash_Config
                0x00000410                PROVIDE (__FLASH_CONFIG_END__, .)
                0x00000001                ASSERT (! ((__FLASH_CONFIG_START__ == __FLASH_CONFIG_END__)), Linker Flash Config Support Enabled, but no .FlashConfig section provided within application)
 *(.text*)
 .text.DbgConsole_Init
                0x00000410       0x38 ./utilities/fsl_debug_console.o
                0x00000410                DbgConsole_Init
 .text.DbgConsole_Printf
                0x00000448       0x64 ./utilities/fsl_debug_console.o
                0x00000448                DbgConsole_Printf
 .text.DbgConsole_RelocateLog
                0x000004ac       0x64 ./utilities/fsl_debug_console.o
 .text.UART_EnableTx
                0x00000510       0x40 ./utilities/fsl_io.o
 .text.UART_EnableRx
                0x00000550       0x40 ./utilities/fsl_io.o
 .text.IO_Init  0x00000590       0x80 ./utilities/fsl_io.o
                0x00000590                IO_Init
 .text.IO_Transfer
                0x00000610       0x5c ./utilities/fsl_io.o
                0x00000610                IO_Transfer
 .text.LOG_Init
                0x0000066c       0x30 ./utilities/fsl_log.o
                0x0000066c                LOG_Init
 .text.LOG_Push
                0x0000069c       0x2c ./utilities/fsl_log.o
                0x0000069c                LOG_Push
 .text.LOG_Pop  0x000006c8       0x42 ./utilities/fsl_log.o
                0x000006c8                LOG_Pop
 .text.ConvertRadixNumToString
                0x0000070a      0x1ca ./utilities/fsl_str.o
 .text.StrFormatPrintf
                0x000008d4      0x7bc ./utilities/fsl_str.o
                0x000008d4                StrFormatPrintf
 .text.DMA0_IRQHandler
                0x00001090        0x8 ./startup/startup_mk64f12.o
                0x00001090                DMA0_IRQHandler
 .text.DMA1_IRQHandler
                0x00001098        0x8 ./startup/startup_mk64f12.o
                0x00001098                DMA1_IRQHandler
 .text.DMA2_IRQHandler
                0x000010a0        0x8 ./startup/startup_mk64f12.o
                0x000010a0                DMA2_IRQHandler
 .text.DMA3_IRQHandler
                0x000010a8        0x8 ./startup/startup_mk64f12.o
                0x000010a8                DMA3_IRQHandler
 .text.DMA4_IRQHandler
                0x000010b0        0x8 ./startup/startup_mk64f12.o
                0x000010b0                DMA4_IRQHandler
 .text.DMA5_IRQHandler
                0x000010b8        0x8 ./startup/startup_mk64f12.o
                0x000010b8                DMA5_IRQHandler
 .text.DMA6_IRQHandler
                0x000010c0        0x8 ./startup/startup_mk64f12.o
                0x000010c0                DMA6_IRQHandler
 .text.DMA7_IRQHandler
                0x000010c8        0x8 ./startup/startup_mk64f12.o
                0x000010c8                DMA7_IRQHandler
 .text.DMA8_IRQHandler
                0x000010d0        0x8 ./startup/startup_mk64f12.o
                0x000010d0                DMA8_IRQHandler
 .text.DMA9_IRQHandler
                0x000010d8        0x8 ./startup/startup_mk64f12.o
                0x000010d8                DMA9_IRQHandler
 .text.DMA10_IRQHandler
                0x000010e0        0x8 ./startup/startup_mk64f12.o
                0x000010e0                DMA10_IRQHandler
 .text.DMA11_IRQHandler
                0x000010e8        0x8 ./startup/startup_mk64f12.o
                0x000010e8                DMA11_IRQHandler
 .text.DMA12_IRQHandler
                0x000010f0        0x8 ./startup/startup_mk64f12.o
                0x000010f0                DMA12_IRQHandler
 .text.DMA13_IRQHandler
                0x000010f8        0x8 ./startup/startup_mk64f12.o
                0x000010f8                DMA13_IRQHandler
 .text.DMA14_IRQHandler
                0x00001100        0x8 ./startup/startup_mk64f12.o
                0x00001100                DMA14_IRQHandler
 .text.DMA15_IRQHandler
                0x00001108        0x8 ./startup/startup_mk64f12.o
                0x00001108                DMA15_IRQHandler
 .text.DMA_Error_IRQHandler
                0x00001110        0x8 ./startup/startup_mk64f12.o
                0x00001110                DMA_Error_IRQHandler
 .text.MCM_IRQHandler
                0x00001118        0x8 ./startup/startup_mk64f12.o
                0x00001118                MCM_IRQHandler
 .text.FTFE_IRQHandler
                0x00001120        0x8 ./startup/startup_mk64f12.o
                0x00001120                FTFE_IRQHandler
 .text.Read_Collision_IRQHandler
                0x00001128        0x8 ./startup/startup_mk64f12.o
                0x00001128                Read_Collision_IRQHandler
 .text.LVD_LVW_IRQHandler
                0x00001130        0x8 ./startup/startup_mk64f12.o
                0x00001130                LVD_LVW_IRQHandler
 .text.LLWU_IRQHandler
                0x00001138        0x8 ./startup/startup_mk64f12.o
                0x00001138                LLWU_IRQHandler
 .text.WDOG_EWM_IRQHandler
                0x00001140        0x8 ./startup/startup_mk64f12.o
                0x00001140                WDOG_EWM_IRQHandler
 .text.RNG_IRQHandler
                0x00001148        0x8 ./startup/startup_mk64f12.o
                0x00001148                RNG_IRQHandler
 .text.I2C0_IRQHandler
                0x00001150        0x8 ./startup/startup_mk64f12.o
                0x00001150                I2C0_IRQHandler
 .text.I2C1_IRQHandler
                0x00001158        0x8 ./startup/startup_mk64f12.o
                0x00001158                I2C1_IRQHandler
 .text.SPI0_IRQHandler
                0x00001160        0x8 ./startup/startup_mk64f12.o
                0x00001160                SPI0_IRQHandler
 .text.SPI1_IRQHandler
                0x00001168        0x8 ./startup/startup_mk64f12.o
                0x00001168                SPI1_IRQHandler
 .text.I2S0_Tx_IRQHandler
                0x00001170        0x8 ./startup/startup_mk64f12.o
                0x00001170                I2S0_Tx_IRQHandler
 .text.I2S0_Rx_IRQHandler
                0x00001178        0x8 ./startup/startup_mk64f12.o
                0x00001178                I2S0_Rx_IRQHandler
 .text.UART0_LON_IRQHandler
                0x00001180        0x8 ./startup/startup_mk64f12.o
                0x00001180                UART0_LON_IRQHandler
 .text.UART0_RX_TX_IRQHandler
                0x00001188        0x8 ./startup/startup_mk64f12.o
                0x00001188                UART0_RX_TX_IRQHandler
 .text.UART0_ERR_IRQHandler
                0x00001190        0x8 ./startup/startup_mk64f12.o
                0x00001190                UART0_ERR_IRQHandler
 .text.UART1_RX_TX_IRQHandler
                0x00001198        0x8 ./startup/startup_mk64f12.o
                0x00001198                UART1_RX_TX_IRQHandler
 .text.UART1_ERR_IRQHandler
                0x000011a0        0x8 ./startup/startup_mk64f12.o
                0x000011a0                UART1_ERR_IRQHandler
 .text.UART2_RX_TX_IRQHandler
                0x000011a8        0x8 ./startup/startup_mk64f12.o
                0x000011a8                UART2_RX_TX_IRQHandler
 .text.UART2_ERR_IRQHandler
                0x000011b0        0x8 ./startup/startup_mk64f12.o
                0x000011b0                UART2_ERR_IRQHandler
 .text.UART3_RX_TX_IRQHandler
                0x000011b8        0x8 ./startup/startup_mk64f12.o
                0x000011b8                UART3_RX_TX_IRQHandler
 .text.UART3_ERR_IRQHandler
                0x000011c0        0x8 ./startup/startup_mk64f12.o
                0x000011c0                UART3_ERR_IRQHandler
 .text.ADC0_IRQHandler
                0x000011c8        0x8 ./startup/startup_mk64f12.o
                0x000011c8                ADC0_IRQHandler
 .text.CMP0_IRQHandler
                0x000011d0        0x8 ./startup/startup_mk64f12.o
                0x000011d0                CMP0_IRQHandler
 .text.CMP1_IRQHandler
                0x000011d8        0x8 ./startup/startup_mk64f12.o
                0x000011d8                CMP1_IRQHandler
 .text.FTM0_IRQHandler
                0x000011e0        0x8 ./startup/startup_mk64f12.o
                0x000011e0                FTM0_IRQHandler
 .text.FTM1_IRQHandler
                0x000011e8        0x8 ./startup/startup_mk64f12.o
                0x000011e8                FTM1_IRQHandler
 .text.FTM2_IRQHandler
                0x000011f0        0x8 ./startup/startup_mk64f12.o
                0x000011f0                FTM2_IRQHandler
 .text.CMT_IRQHandler
                0x000011f8        0x8 ./startup/startup_mk64f12.o
                0x000011f8                CMT_IRQHandler
 .text.RTC_IRQHandler
                0x00001200        0x8 ./startup/startup_mk64f12.o
                0x00001200                RTC_IRQHandler
 .text.RTC_Seconds_IRQHandler
                0x00001208        0x8 ./startup/startup_mk64f12.o
                0x00001208                RTC_Seconds_IRQHandler
 .text.PIT0_IRQHandler
                0x00001210        0x8 ./startup/startup_mk64f12.o
                0x00001210                PIT0_IRQHandler
 .text.PIT1_IRQHandler
                0x00001218        0x8 ./startup/startup_mk64f12.o
                0x00001218                PIT1_IRQHandler
 .text.PIT2_IRQHandler
                0x00001220        0x8 ./startup/startup_mk64f12.o
                0x00001220                PIT2_IRQHandler
 .text.PIT3_IRQHandler
                0x00001228        0x8 ./startup/startup_mk64f12.o
                0x00001228                PIT3_IRQHandler
 .text.PDB0_IRQHandler
                0x00001230        0x8 ./startup/startup_mk64f12.o
                0x00001230                PDB0_IRQHandler
 .text.USB0_IRQHandler
                0x00001238        0x8 ./startup/startup_mk64f12.o
                0x00001238                USB0_IRQHandler
 .text.USBDCD_IRQHandler
                0x00001240        0x8 ./startup/startup_mk64f12.o
                0x00001240                USBDCD_IRQHandler
 .text.Reserved71_IRQHandler
                0x00001248        0x8 ./startup/startup_mk64f12.o
                0x00001248                Reserved71_IRQHandler
 .text.DAC0_IRQHandler
                0x00001250        0x8 ./startup/startup_mk64f12.o
                0x00001250                DAC0_IRQHandler
 .text.MCG_IRQHandler
                0x00001258        0x8 ./startup/startup_mk64f12.o
                0x00001258                MCG_IRQHandler
 .text.LPTMR0_IRQHandler
                0x00001260        0x8 ./startup/startup_mk64f12.o
                0x00001260                LPTMR0_IRQHandler
 .text.PORTA_IRQHandler
                0x00001268        0x8 ./startup/startup_mk64f12.o
                0x00001268                PORTA_IRQHandler
 .text.PORTB_IRQHandler
                0x00001270        0x8 ./startup/startup_mk64f12.o
                0x00001270                PORTB_IRQHandler
 .text.PORTC_IRQHandler
                0x00001278        0x8 ./startup/startup_mk64f12.o
                0x00001278                PORTC_IRQHandler
 .text.PORTD_IRQHandler
                0x00001280        0x8 ./startup/startup_mk64f12.o
                0x00001280                PORTD_IRQHandler
 .text.PORTE_IRQHandler
                0x00001288        0x8 ./startup/startup_mk64f12.o
                0x00001288                PORTE_IRQHandler
 .text.SWI_IRQHandler
                0x00001290        0x8 ./startup/startup_mk64f12.o
                0x00001290                SWI_IRQHandler
 .text.SPI2_IRQHandler
                0x00001298        0x8 ./startup/startup_mk64f12.o
                0x00001298                SPI2_IRQHandler
 .text.UART4_RX_TX_IRQHandler
                0x000012a0        0x8 ./startup/startup_mk64f12.o
                0x000012a0                UART4_RX_TX_IRQHandler
 .text.UART4_ERR_IRQHandler
                0x000012a8        0x8 ./startup/startup_mk64f12.o
                0x000012a8                UART4_ERR_IRQHandler
 .text.UART5_RX_TX_IRQHandler
                0x000012b0        0x8 ./startup/startup_mk64f12.o
                0x000012b0                UART5_RX_TX_IRQHandler
 .text.UART5_ERR_IRQHandler
                0x000012b8        0x8 ./startup/startup_mk64f12.o
                0x000012b8                UART5_ERR_IRQHandler
 .text.CMP2_IRQHandler
                0x000012c0        0x8 ./startup/startup_mk64f12.o
                0x000012c0                CMP2_IRQHandler
 .text.FTM3_IRQHandler
                0x000012c8        0x8 ./startup/startup_mk64f12.o
                0x000012c8                FTM3_IRQHandler
 .text.DAC1_IRQHandler
                0x000012d0        0x8 ./startup/startup_mk64f12.o
                0x000012d0                DAC1_IRQHandler
 .text.ADC1_IRQHandler
                0x000012d8        0x8 ./startup/startup_mk64f12.o
                0x000012d8                ADC1_IRQHandler
 .text.I2C2_IRQHandler
                0x000012e0        0x8 ./startup/startup_mk64f12.o
                0x000012e0                I2C2_IRQHandler
 .text.CAN0_ORed_Message_buffer_IRQHandler
                0x000012e8        0x8 ./startup/startup_mk64f12.o
                0x000012e8                CAN0_ORed_Message_buffer_IRQHandler
 .text.CAN0_Bus_Off_IRQHandler
                0x000012f0        0x8 ./startup/startup_mk64f12.o
                0x000012f0                CAN0_Bus_Off_IRQHandler
 .text.CAN0_Error_IRQHandler
                0x000012f8        0x8 ./startup/startup_mk64f12.o
                0x000012f8                CAN0_Error_IRQHandler
 .text.CAN0_Tx_Warning_IRQHandler
                0x00001300        0x8 ./startup/startup_mk64f12.o
                0x00001300                CAN0_Tx_Warning_IRQHandler
 .text.CAN0_Rx_Warning_IRQHandler
                0x00001308        0x8 ./startup/startup_mk64f12.o
                0x00001308                CAN0_Rx_Warning_IRQHandler
 .text.CAN0_Wake_Up_IRQHandler
                0x00001310        0x8 ./startup/startup_mk64f12.o
                0x00001310                CAN0_Wake_Up_IRQHandler
 .text.SDHC_IRQHandler
                0x00001318        0x8 ./startup/startup_mk64f12.o
                0x00001318                SDHC_IRQHandler
 .text.stack_init
                0x00001320       0x80 ./source/Wireless_Speaker.o
 .text.main     0x000013a0       0x3c ./source/Wireless_Speaker.o
                0x000013a0                main
 .text.HardFault_Handler
                0x000013dc       0x2a ./source/semihost_hardfault.o
                0x000013dc                HardFault_Handler
 *fill*         0x00001406        0x2 ff
 .text.ethernet_input
                0x00001408      0x12c ./lwip/src/netif/ethernet.o
                0x00001408                ethernet_input
 .text.ethernet_output
                0x00001534       0x80 ./lwip/src/netif/ethernet.o
                0x00001534                ethernet_output
 .text.dhcp_check
                0x000015b4       0x68 ./lwip/src/core/ipv4/dhcp.o
 .text.dhcp_select
                0x0000161c      0x14c ./lwip/src/core/ipv4/dhcp.o
 .text.dhcp_coarse_tmr
                0x00001768       0xa8 ./lwip/src/core/ipv4/dhcp.o
                0x00001768                dhcp_coarse_tmr
 .text.dhcp_fine_tmr
                0x00001810       0x64 ./lwip/src/core/ipv4/dhcp.o
                0x00001810                dhcp_fine_tmr
 .text.dhcp_timeout
                0x00001874       0x92 ./lwip/src/core/ipv4/dhcp.o
 .text.dhcp_t1_timeout
                0x00001906       0x5c ./lwip/src/core/ipv4/dhcp.o
 .text.dhcp_t2_timeout
                0x00001962       0x64 ./lwip/src/core/ipv4/dhcp.o
 *fill*         0x000019c6        0x2 ff
 .text.dhcp_arp_reply
                0x000019c8       0x48 ./lwip/src/core/ipv4/dhcp.o
                0x000019c8                dhcp_arp_reply
 .text.dhcp_decline
                0x00001a10       0xd4 ./lwip/src/core/ipv4/dhcp.o
 .text.dhcp_discover
                0x00001ae4      0x118 ./lwip/src/core/ipv4/dhcp.o
 .text.dhcp_bind
                0x00001bfc      0x19c ./lwip/src/core/ipv4/dhcp.o
 .text.dhcp_renew
                0x00001d98      0x10c ./lwip/src/core/ipv4/dhcp.o
                0x00001d98                dhcp_renew
 .text.dhcp_rebind
                0x00001ea4      0x10c ./lwip/src/core/ipv4/dhcp.o
 .text.dhcp_reboot
                0x00001fb0      0x128 ./lwip/src/core/ipv4/dhcp.o
 .text.dhcp_release
                0x000020d8      0x110 ./lwip/src/core/ipv4/dhcp.o
                0x000020d8                dhcp_release
 .text.dhcp_set_state
                0x000021e8       0x34 ./lwip/src/core/ipv4/dhcp.o
 .text.dhcp_option
                0x0000221c       0x64 ./lwip/src/core/ipv4/dhcp.o
 .text.dhcp_option_byte
                0x00002280       0x40 ./lwip/src/core/ipv4/dhcp.o
 .text.dhcp_option_short
                0x000022c0       0x68 ./lwip/src/core/ipv4/dhcp.o
 .text.dhcp_option_long
                0x00002328       0xa4 ./lwip/src/core/ipv4/dhcp.o
 .text.dhcp_create_msg
                0x000023cc      0x288 ./lwip/src/core/ipv4/dhcp.o
 .text.dhcp_delete_msg
                0x00002654       0x64 ./lwip/src/core/ipv4/dhcp.o
 .text.dhcp_option_trailer
                0x000026b8       0x94 ./lwip/src/core/ipv4/dhcp.o
 .text.dhcp_supplied_address
                0x0000274c       0x44 ./lwip/src/core/ipv4/dhcp.o
                0x0000274c                dhcp_supplied_address
 .text.etharp_free_entry
                0x00002790       0xc0 ./lwip/src/core/ipv4/etharp.o
 .text.etharp_tmr
                0x00002850      0x150 ./lwip/src/core/ipv4/etharp.o
                0x00002850                etharp_tmr
 .text.etharp_find_entry
                0x000029a0      0x264 ./lwip/src/core/ipv4/etharp.o
 .text.etharp_update_arp_entry
                0x00002c04      0x13c ./lwip/src/core/ipv4/etharp.o
 .text.etharp_input
                0x00002d40      0x120 ./lwip/src/core/ipv4/etharp.o
                0x00002d40                etharp_input
 .text.etharp_output_to_arp_index
                0x00002e60      0x124 ./lwip/src/core/ipv4/etharp.o
 .text.etharp_output
                0x00002f84      0x1bc ./lwip/src/core/ipv4/etharp.o
                0x00002f84                etharp_output
 .text.etharp_query
                0x00003140      0x274 ./lwip/src/core/ipv4/etharp.o
                0x00003140                etharp_query
 .text.etharp_raw
                0x000033b4      0x100 ./lwip/src/core/ipv4/etharp.o
 .text.etharp_request_dst
                0x000034b4       0x44 ./lwip/src/core/ipv4/etharp.o
 .text.etharp_request
                0x000034f8       0x24 ./lwip/src/core/ipv4/etharp.o
                0x000034f8                etharp_request
 .text.icmp_input
                0x0000351c      0x24c ./lwip/src/core/ipv4/icmp.o
                0x0000351c                icmp_input
 .text.icmp_dest_unreach
                0x00003768       0x20 ./lwip/src/core/ipv4/icmp.o
                0x00003768                icmp_dest_unreach
 .text.icmp_time_exceeded
                0x00003788       0x20 ./lwip/src/core/ipv4/icmp.o
                0x00003788                icmp_time_exceeded
 .text.icmp_send_response
                0x000037a8       0xd4 ./lwip/src/core/ipv4/icmp.o
 .text.ip4_route
                0x0000387c       0xd0 ./lwip/src/core/ipv4/ip4.o
                0x0000387c                ip4_route
 .text.ip4_input
                0x0000394c      0x2d4 ./lwip/src/core/ipv4/ip4.o
                0x0000394c                ip4_input
 .text.ip4_output_if
                0x00003c20       0x54 ./lwip/src/core/ipv4/ip4.o
                0x00003c20                ip4_output_if
 .text.ip4_output_if_src
                0x00003c74      0x1f0 ./lwip/src/core/ipv4/ip4.o
                0x00003c74                ip4_output_if_src
 .text.ip4_addr_isbroadcast_u32
                0x00003e64       0x82 ./lwip/src/core/ipv4/ip4_addr.o
                0x00003e64                ip4_addr_isbroadcast_u32
 *fill*         0x00003ee6        0x2 ff
 .text.ip_reass_tmr
                0x00003ee8       0x58 ./lwip/src/core/ipv4/ip4_frag.o
                0x00003ee8                ip_reass_tmr
 .text.ip_reass_free_complete_datagram
                0x00003f40      0x120 ./lwip/src/core/ipv4/ip4_frag.o
 .text.ip_reass_remove_oldest_datagram
                0x00004060       0xc4 ./lwip/src/core/ipv4/ip4_frag.o
 .text.ip_reass_enqueue_new_datagram
                0x00004124       0x74 ./lwip/src/core/ipv4/ip4_frag.o
 .text.ip_reass_dequeue_datagram
                0x00004198       0x4c ./lwip/src/core/ipv4/ip4_frag.o
 .text.ip_reass_chain_frag_into_datagram_and_validate
                0x000041e4      0x278 ./lwip/src/core/ipv4/ip4_frag.o
 .text.ip4_reass
                0x0000445c      0x26c ./lwip/src/core/ipv4/ip4_frag.o
                0x0000445c                ip4_reass
 .text.ip_frag_alloc_pbuf_custom_ref
                0x000046c8       0x10 ./lwip/src/core/ipv4/ip4_frag.o
 .text.ip_frag_free_pbuf_custom_ref
                0x000046d8       0x28 ./lwip/src/core/ipv4/ip4_frag.o
 .text.ipfrag_free_pbuf_custom
                0x00004700       0x50 ./lwip/src/core/ipv4/ip4_frag.o
 .text.ip4_frag
                0x00004750      0x22c ./lwip/src/core/ipv4/ip4_frag.o
                0x00004750                ip4_frag
 .text.lwip_htons
                0x0000497c       0x1c ./lwip/src/core/def.o
                0x0000497c                lwip_htons
 .text.lwip_htonl
                0x00004998       0x32 ./lwip/src/core/def.o
                0x00004998                lwip_htonl
 .text.lwip_standard_chksum
                0x000049ca       0xba ./lwip/src/core/inet_chksum.o
                0x000049ca                lwip_standard_chksum
 .text.inet_cksum_pseudo_base
                0x00004a84       0xd8 ./lwip/src/core/inet_chksum.o
 .text.inet_chksum_pseudo
                0x00004b5c       0x70 ./lwip/src/core/inet_chksum.o
                0x00004b5c                inet_chksum_pseudo
 .text.ip_chksum_pseudo
                0x00004bcc       0x2c ./lwip/src/core/inet_chksum.o
                0x00004bcc                ip_chksum_pseudo
 .text.inet_chksum
                0x00004bf8       0x24 ./lwip/src/core/inet_chksum.o
                0x00004bf8                inet_chksum
 .text.inet_chksum_pbuf
                0x00004c1c       0x94 ./lwip/src/core/inet_chksum.o
                0x00004c1c                inet_chksum_pbuf
 .text.lwip_init
                0x00004cb0       0x2e ./lwip/src/core/init.o
                0x00004cb0                lwip_init
 *fill*         0x00004cde        0x2 ff
 .text.plug_holes
                0x00004ce0      0x108 ./lwip/src/core/mem.o
 .text.mem_init
                0x00004de8       0x90 ./lwip/src/core/mem.o
                0x00004de8                mem_init
 .text.mem_free
                0x00004e78       0xbc ./lwip/src/core/mem.o
                0x00004e78                mem_free
 .text.mem_trim
                0x00004f34      0x1bc ./lwip/src/core/mem.o
                0x00004f34                mem_trim
 .text.mem_malloc
                0x000050f0      0x1c0 ./lwip/src/core/mem.o
                0x000050f0                mem_malloc
 .text.memp_init_pool
                0x000052b0       0x5e ./lwip/src/core/memp.o
                0x000052b0                memp_init_pool
 *fill*         0x0000530e        0x2 ff
 .text.memp_init
                0x00005310       0x34 ./lwip/src/core/memp.o
                0x00005310                memp_init
 .text.do_memp_malloc_pool
                0x00005344       0x54 ./lwip/src/core/memp.o
 .text.memp_malloc
                0x00005398       0x3c ./lwip/src/core/memp.o
                0x00005398                memp_malloc
 .text.do_memp_free_pool
                0x000053d4       0x48 ./lwip/src/core/memp.o
 .text.memp_free
                0x0000541c       0x44 ./lwip/src/core/memp.o
                0x0000541c                memp_free
 .text.netif_init
                0x00005460        0xe ./lwip/src/core/netif.o
                0x00005460                netif_init
 *fill*         0x0000546e        0x2 ff
 .text.netif_add
                0x00005470       0xa8 ./lwip/src/core/netif.o
                0x00005470                netif_add
 .text.netif_set_addr
                0x00005518       0x56 ./lwip/src/core/netif.o
                0x00005518                netif_set_addr
 *fill*         0x0000556e        0x2 ff
 .text.netif_set_ipaddr
                0x00005570       0x70 ./lwip/src/core/netif.o
                0x00005570                netif_set_ipaddr
 .text.netif_set_gw
                0x000055e0       0x28 ./lwip/src/core/netif.o
                0x000055e0                netif_set_gw
 .text.netif_set_netmask
                0x00005608       0x28 ./lwip/src/core/netif.o
                0x00005608                netif_set_netmask
 .text.netif_set_default
                0x00005630       0x20 ./lwip/src/core/netif.o
                0x00005630                netif_set_default
 .text.netif_set_up
                0x00005650       0x46 ./lwip/src/core/netif.o
                0x00005650                netif_set_up
 .text.netif_issue_reports
                0x00005696       0x42 ./lwip/src/core/netif.o
 .text.pbuf_alloc
                0x000056d8      0x2d4 ./lwip/src/core/pbuf.o
                0x000056d8                pbuf_alloc
 .text.pbuf_alloced_custom
                0x000059ac       0xc4 ./lwip/src/core/pbuf.o
                0x000059ac                pbuf_alloced_custom
 .text.pbuf_realloc
                0x00005a70      0x12c ./lwip/src/core/pbuf.o
                0x00005a70                pbuf_realloc
 .text.pbuf_header_impl
                0x00005b9c      0x124 ./lwip/src/core/pbuf.o
 .text.pbuf_header
                0x00005cc0       0x24 ./lwip/src/core/pbuf.o
                0x00005cc0                pbuf_header
 .text.pbuf_header_force
                0x00005ce4       0x24 ./lwip/src/core/pbuf.o
                0x00005ce4                pbuf_header_force
 .text.pbuf_free
                0x00005d08      0x10c ./lwip/src/core/pbuf.o
                0x00005d08                pbuf_free
 .text.pbuf_clen
                0x00005e14       0x2e ./lwip/src/core/pbuf.o
                0x00005e14                pbuf_clen
 *fill*         0x00005e42        0x2 ff
 .text.pbuf_ref
                0x00005e44       0x40 ./lwip/src/core/pbuf.o
                0x00005e44                pbuf_ref
 .text.pbuf_cat
                0x00005e84       0x8c ./lwip/src/core/pbuf.o
                0x00005e84                pbuf_cat
 .text.pbuf_chain
                0x00005f10       0x20 ./lwip/src/core/pbuf.o
                0x00005f10                pbuf_chain
 .text.pbuf_copy
                0x00005f30      0x160 ./lwip/src/core/pbuf.o
                0x00005f30                pbuf_copy
 .text.pbuf_copy_partial
                0x00006090       0xdc ./lwip/src/core/pbuf.o
                0x00006090                pbuf_copy_partial
 .text.tcp_init
                0x0000616c        0xe ./lwip/src/core/tcp.o
                0x0000616c                tcp_init
 *fill*         0x0000617a        0x2 ff
 .text.tcp_tmr  0x0000617c       0x2c ./lwip/src/core/tcp.o
                0x0000617c                tcp_tmr
 .text.tcp_remove_listener
                0x000061a8       0x38 ./lwip/src/core/tcp.o
 .text.tcp_listen_closed
                0x000061e0       0x5c ./lwip/src/core/tcp.o
 .text.tcp_backlog_delayed
                0x0000623c       0x64 ./lwip/src/core/tcp.o
                0x0000623c                tcp_backlog_delayed
 .text.tcp_backlog_accepted
                0x000062a0       0x64 ./lwip/src/core/tcp.o
                0x000062a0                tcp_backlog_accepted
 .text.tcp_close_shutdown
                0x00006304      0x1c0 ./lwip/src/core/tcp.o
 .text.tcp_close_shutdown_fin
                0x000064c4       0xc0 ./lwip/src/core/tcp.o
 .text.tcp_close
                0x00006584       0x30 ./lwip/src/core/tcp.o
                0x00006584                tcp_close
 .text.tcp_shutdown
                0x000065b4       0x8e ./lwip/src/core/tcp.o
                0x000065b4                tcp_shutdown
 *fill*         0x00006642        0x2 ff
 .text.tcp_abandon
                0x00006644      0x148 ./lwip/src/core/tcp.o
                0x00006644                tcp_abandon
 .text.tcp_abort
                0x0000678c       0x18 ./lwip/src/core/tcp.o
                0x0000678c                tcp_abort
 .text.tcp_bind
                0x000067a4      0x114 ./lwip/src/core/tcp.o
                0x000067a4                tcp_bind
 .text.tcp_accept_null
                0x000068b8       0x20 ./lwip/src/core/tcp.o
 .text.tcp_listen_with_backlog_and_err
                0x000068d8      0x148 ./lwip/src/core/tcp.o
                0x000068d8                tcp_listen_with_backlog_and_err
 .text.tcp_update_rcv_ann_wnd
                0x00006a20       0x90 ./lwip/src/core/tcp.o
                0x00006a20                tcp_update_rcv_ann_wnd
 .text.tcp_recved
                0x00006ab0       0xa0 ./lwip/src/core/tcp.o
                0x00006ab0                tcp_recved
 .text.tcp_new_port
                0x00006b50       0x88 ./lwip/src/core/tcp.o
 .text.tcp_connect
                0x00006bd8      0x1d8 ./lwip/src/core/tcp.o
                0x00006bd8                tcp_connect
 .text.tcp_slowtmr
                0x00006db0      0x4ec ./lwip/src/core/tcp.o
                0x00006db0                tcp_slowtmr
 .text.tcp_fasttmr
                0x0000729c       0xc8 ./lwip/src/core/tcp.o
                0x0000729c                tcp_fasttmr
 .text.tcp_process_refused_data
                0x00007364       0xcc ./lwip/src/core/tcp.o
                0x00007364                tcp_process_refused_data
 .text.tcp_segs_free
                0x00007430       0x28 ./lwip/src/core/tcp.o
                0x00007430                tcp_segs_free
 .text.tcp_seg_free
                0x00007458       0x30 ./lwip/src/core/tcp.o
                0x00007458                tcp_seg_free
 .text.tcp_recv_null
                0x00007488       0x44 ./lwip/src/core/tcp.o
                0x00007488                tcp_recv_null
 .text.tcp_kill_prio
                0x000074cc       0x84 ./lwip/src/core/tcp.o
 .text.tcp_kill_state
                0x00007550       0x84 ./lwip/src/core/tcp.o
 .text.tcp_kill_timewait
                0x000075d4       0x60 ./lwip/src/core/tcp.o
 .text.tcp_alloc
                0x00007634      0x100 ./lwip/src/core/tcp.o
                0x00007634                tcp_alloc
 .text.tcp_new_ip_type
                0x00007734       0x1c ./lwip/src/core/tcp.o
                0x00007734                tcp_new_ip_type
 .text.tcp_arg  0x00007750       0x22 ./lwip/src/core/tcp.o
                0x00007750                tcp_arg
 *fill*         0x00007772        0x2 ff
 .text.tcp_recv
                0x00007774       0x30 ./lwip/src/core/tcp.o
                0x00007774                tcp_recv
 .text.tcp_sent
                0x000077a4       0x30 ./lwip/src/core/tcp.o
                0x000077a4                tcp_sent
 .text.tcp_err  0x000077d4       0x34 ./lwip/src/core/tcp.o
                0x000077d4                tcp_err
 .text.tcp_accept
                0x00007808       0x2e ./lwip/src/core/tcp.o
                0x00007808                tcp_accept
 *fill*         0x00007836        0x2 ff
 .text.tcp_poll
                0x00007838       0x38 ./lwip/src/core/tcp.o
                0x00007838                tcp_poll
 .text.tcp_pcb_purge
                0x00007870       0x78 ./lwip/src/core/tcp.o
                0x00007870                tcp_pcb_purge
 .text.tcp_pcb_remove
                0x000078e8       0xc4 ./lwip/src/core/tcp.o
                0x000078e8                tcp_pcb_remove
 .text.tcp_next_iss
                0x000079ac       0x30 ./lwip/src/core/tcp.o
                0x000079ac                tcp_next_iss
 .text.tcp_eff_send_mss_impl
                0x000079dc       0x48 ./lwip/src/core/tcp.o
                0x000079dc                tcp_eff_send_mss_impl
 .text.tcp_netif_ip_addr_changed_pcblist
                0x00007a24       0x42 ./lwip/src/core/tcp.o
 *fill*         0x00007a66        0x2 ff
 .text.tcp_netif_ip_addr_changed
                0x00007a68       0x80 ./lwip/src/core/tcp.o
                0x00007a68                tcp_netif_ip_addr_changed
 .text.tcp_input
                0x00007ae8      0x774 ./lwip/src/core/tcp_in.o
                0x00007ae8                tcp_input
 .text.tcp_listen_input
                0x0000825c      0x1f0 ./lwip/src/core/tcp_in.o
 .text.tcp_timewait_input
                0x0000844c       0xd0 ./lwip/src/core/tcp_in.o
 .text.tcp_process
                0x0000851c      0x74c ./lwip/src/core/tcp_in.o
 .text.tcp_receive
                0x00008c68      0x960 ./lwip/src/core/tcp_in.o
 .text.tcp_getoptbyte
                0x000095c8       0x78 ./lwip/src/core/tcp_in.o
 .text.tcp_parseopt
                0x00009640       0xc8 ./lwip/src/core/tcp_in.o
 .text.tcp_trigger_input_pcb_close
                0x00009708       0x20 ./lwip/src/core/tcp_in.o
                0x00009708                tcp_trigger_input_pcb_close
 .text.tcp_output_alloc_header
                0x00009728       0xe8 ./lwip/src/core/tcp_out.o
 .text.tcp_send_fin
                0x00009810       0x7c ./lwip/src/core/tcp_out.o
                0x00009810                tcp_send_fin
 .text.tcp_create_segment
                0x0000988c      0x10c ./lwip/src/core/tcp_out.o
 .text.tcp_pbuf_prealloc
                0x00009998       0xb4 ./lwip/src/core/tcp_out.o
 .text.tcp_write_checks
                0x00009a4c       0xd4 ./lwip/src/core/tcp_out.o
 .text.tcp_write
                0x00009b20      0x698 ./lwip/src/core/tcp_out.o
                0x00009b20                tcp_write
 .text.tcp_enqueue_flags
                0x0000a1b8      0x1cc ./lwip/src/core/tcp_out.o
                0x0000a1b8                tcp_enqueue_flags
 .text.tcp_send_empty_ack
                0x0000a384       0xdc ./lwip/src/core/tcp_out.o
                0x0000a384                tcp_send_empty_ack
 .text.tcp_output
                0x0000a460      0x3bc ./lwip/src/core/tcp_out.o
                0x0000a460                tcp_output
 .text.tcp_output_segment
                0x0000a81c      0x160 ./lwip/src/core/tcp_out.o
 .text.tcp_rst  0x0000a97c       0xf8 ./lwip/src/core/tcp_out.o
                0x0000a97c                tcp_rst
 .text.tcp_rexmit_rto
                0x0000aa74       0x7e ./lwip/src/core/tcp_out.o
                0x0000aa74                tcp_rexmit_rto
 .text.tcp_rexmit
                0x0000aaf2       0xa0 ./lwip/src/core/tcp_out.o
                0x0000aaf2                tcp_rexmit
 .text.tcp_rexmit_fast
                0x0000ab92       0xae ./lwip/src/core/tcp_out.o
                0x0000ab92                tcp_rexmit_fast
 .text.tcp_keepalive
                0x0000ac40       0x9e ./lwip/src/core/tcp_out.o
                0x0000ac40                tcp_keepalive
 .text.tcp_zero_window_probe
                0x0000acde      0x156 ./lwip/src/core/tcp_out.o
                0x0000acde                tcp_zero_window_probe
 .text.tcpip_tcp_timer
                0x0000ae34       0x48 ./lwip/src/core/timeouts.o
 .text.tcp_timer_needed
                0x0000ae7c       0x40 ./lwip/src/core/timeouts.o
                0x0000ae7c                tcp_timer_needed
 .text.cyclic_timer
                0x0000aebc       0x2c ./lwip/src/core/timeouts.o
 .text.sys_timeouts_init
                0x0000aee8       0x50 ./lwip/src/core/timeouts.o
                0x0000aee8                sys_timeouts_init
 .text.sys_timeout
                0x0000af38      0x138 ./lwip/src/core/timeouts.o
                0x0000af38                sys_timeout
 .text.sys_check_timeouts
                0x0000b070       0xa4 ./lwip/src/core/timeouts.o
 .text.sys_timeouts_sleeptime
                0x0000b114       0x4c ./lwip/src/core/timeouts.o
 .text.sys_timeouts_mbox_fetch
                0x0000b160       0x4c ./lwip/src/core/timeouts.o
                0x0000b160                sys_timeouts_mbox_fetch
 .text.udp_init
                0x0000b1ac        0xe ./lwip/src/core/udp.o
                0x0000b1ac                udp_init
 *fill*         0x0000b1ba        0x2 ff
 .text.udp_new_port
                0x0000b1bc       0x70 ./lwip/src/core/udp.o
 .text.udp_input_local_match
                0x0000b22c       0x78 ./lwip/src/core/udp.o
 .text.udp_input
                0x0000b2a4      0x1ec ./lwip/src/core/udp.o
                0x0000b2a4                udp_input
 .text.udp_sendto_if
                0x0000b490       0x7a ./lwip/src/core/udp.o
                0x0000b490                udp_sendto_if
 *fill*         0x0000b50a        0x2 ff
 .text.udp_sendto_if_src
                0x0000b50c      0x158 ./lwip/src/core/udp.o
                0x0000b50c                udp_sendto_if_src
 .text.udp_bind
                0x0000b664       0xe0 ./lwip/src/core/udp.o
                0x0000b664                udp_bind
 .text.udp_connect
                0x0000b744       0xac ./lwip/src/core/udp.o
                0x0000b744                udp_connect
 .text.udp_recv
                0x0000b7f0       0x24 ./lwip/src/core/udp.o
                0x0000b7f0                udp_recv
 .text.udp_remove
                0x0000b814       0x64 ./lwip/src/core/udp.o
                0x0000b814                udp_remove
 .text.udp_new  0x0000b878       0x2e ./lwip/src/core/udp.o
                0x0000b878                udp_new
 .text.udp_new_ip_type
                0x0000b8a6       0x1a ./lwip/src/core/udp.o
                0x0000b8a6                udp_new_ip_type
 .text.udp_netif_ip_addr_changed
                0x0000b8c0       0x60 ./lwip/src/core/udp.o
                0x0000b8c0                udp_netif_ip_addr_changed
 .text.netconn_apimsg
                0x0000b920       0x40 ./lwip/src/api/api_lib.o
 .text.netconn_new_with_proto_and_callback
                0x0000b960       0xbc ./lwip/src/api/api_lib.o
                0x0000b960                netconn_new_with_proto_and_callback
 .text.netconn_delete
                0x0000ba1c       0x4c ./lwip/src/api/api_lib.o
                0x0000ba1c                netconn_delete
 .text.netconn_bind
                0x0000ba68       0x60 ./lwip/src/api/api_lib.o
                0x0000ba68                netconn_bind
 .text.netconn_connect
                0x0000bac8       0x60 ./lwip/src/api/api_lib.o
                0x0000bac8                netconn_connect
 .text.netconn_listen_with_backlog
                0x0000bb28       0x4c ./lwip/src/api/api_lib.o
                0x0000bb28                netconn_listen_with_backlog
 .text.netconn_accept
                0x0000bb74      0x100 ./lwip/src/api/api_lib.o
                0x0000bb74                netconn_accept
 .text.netconn_recv_data
                0x0000bc74      0x178 ./lwip/src/api/api_lib.o
 .text.netconn_recv
                0x0000bdec       0xd0 ./lwip/src/api/api_lib.o
                0x0000bdec                netconn_recv
 .text.netconn_write_partly
                0x0000bebc       0xd8 ./lwip/src/api/api_lib.o
                0x0000bebc                netconn_write_partly
 .text.netconn_close_shutdown
                0x0000bf94       0x50 ./lwip/src/api/api_lib.o
 .text.netconn_close
                0x0000bfe4       0x1a ./lwip/src/api/api_lib.o
                0x0000bfe4                netconn_close
 *fill*         0x0000bffe        0x2 ff
 .text.recv_udp
                0x0000c000       0xd0 ./lwip/src/api/api_msg.o
 .text.recv_tcp
                0x0000c0d0       0xec ./lwip/src/api/api_msg.o
 .text.poll_tcp
                0x0000c1bc       0xc0 ./lwip/src/api/api_msg.o
 .text.sent_tcp
                0x0000c27c       0xa0 ./lwip/src/api/api_msg.o
 .text.err_tcp  0x0000c31c      0x1a8 ./lwip/src/api/api_msg.o
 .text.setup_tcp
                0x0000c4c4       0x50 ./lwip/src/api/api_msg.o
 .text.accept_function
                0x0000c514      0x140 ./lwip/src/api/api_msg.o
 .text.pcb_new  0x0000c654       0xc4 ./lwip/src/api/api_msg.o
 .text.lwip_netconn_do_newconn
                0x0000c718       0x58 ./lwip/src/api/api_msg.o
                0x0000c718                lwip_netconn_do_newconn
 .text.netconn_alloc
                0x0000c770       0xd4 ./lwip/src/api/api_msg.o
                0x0000c770                netconn_alloc
 .text.netconn_free
                0x0000c844       0x60 ./lwip/src/api/api_msg.o
                0x0000c844                netconn_free
 .text.netconn_drain
                0x0000c8a4       0xe8 ./lwip/src/api/api_msg.o
 .text.lwip_netconn_do_close_internal
                0x0000c98c      0x2b0 ./lwip/src/api/api_msg.o
 .text.lwip_netconn_do_delconn
                0x0000cc3c      0x1d0 ./lwip/src/api/api_msg.o
                0x0000cc3c                lwip_netconn_do_delconn
 .text.lwip_netconn_do_bind
                0x0000ce0c       0xbe ./lwip/src/api/api_msg.o
                0x0000ce0c                lwip_netconn_do_bind
 *fill*         0x0000ceca        0x2 ff
 .text.lwip_netconn_do_connected
                0x0000cecc      0x12c ./lwip/src/api/api_msg.o
 .text.lwip_netconn_do_connect
                0x0000cff8      0x1a4 ./lwip/src/api/api_msg.o
                0x0000cff8                lwip_netconn_do_connect
 .text.lwip_netconn_do_listen
                0x0000d19c      0x1a4 ./lwip/src/api/api_msg.o
                0x0000d19c                lwip_netconn_do_listen
 .text.lwip_netconn_do_recv
                0x0000d340       0x98 ./lwip/src/api/api_msg.o
                0x0000d340                lwip_netconn_do_recv
 .text.lwip_netconn_do_accepted
                0x0000d3d8       0x6c ./lwip/src/api/api_msg.o
                0x0000d3d8                lwip_netconn_do_accepted
 .text.lwip_netconn_do_writemore
                0x0000d444      0x314 ./lwip/src/api/api_msg.o
 .text.lwip_netconn_do_write
                0x0000d758      0x138 ./lwip/src/api/api_msg.o
                0x0000d758                lwip_netconn_do_write
 .text.lwip_netconn_do_close
                0x0000d890      0x130 ./lwip/src/api/api_msg.o
                0x0000d890                lwip_netconn_do_close
 .text.netbuf_new
                0x0000d9c0       0x28 ./lwip/src/api/netbuf.o
                0x0000d9c0                netbuf_new
 .text.netbuf_delete
                0x0000d9e8       0x3e ./lwip/src/api/netbuf.o
                0x0000d9e8                netbuf_delete
 *fill*         0x0000da26        0x2 ff
 .text.netbuf_ref
                0x0000da28       0x84 ./lwip/src/api/netbuf.o
                0x0000da28                netbuf_ref
 .text.netbuf_data
                0x0000daac       0x7c ./lwip/src/api/netbuf.o
                0x0000daac                netbuf_data
 .text.netbuf_next
                0x0000db28       0x50 ./lwip/src/api/netbuf.o
                0x0000db28                netbuf_next
 .text.tcpip_thread
                0x0000db78       0xb8 ./lwip/src/api/tcpip.o
 .text.tcpip_inpkt
                0x0000dc30       0x74 ./lwip/src/api/tcpip.o
                0x0000dc30                tcpip_inpkt
 .text.tcpip_input
                0x0000dca4       0x44 ./lwip/src/api/tcpip.o
                0x0000dca4                tcpip_input
 .text.tcpip_send_msg_wait_sem
                0x0000dce8       0x2c ./lwip/src/api/tcpip.o
                0x0000dce8                tcpip_send_msg_wait_sem
 .text.tcpip_init
                0x0000dd14       0x7c ./lwip/src/api/tcpip.o
                0x0000dd14                tcpip_init
 .text.__NVIC_SetPriority
                0x0000dd90       0x54 ./lwip/port/ethernetif.o
 .text.ENET_ActiveRead
                0x0000dde4       0x1c ./lwip/port/ethernetif.o
 .text.ethernet_callback
                0x0000de00       0x94 ./lwip/port/ethernetif.o
 .text.enet_init
                0x0000de94      0x1a0 ./lwip/port/ethernetif.o
 .text.low_level_init
                0x0000e034       0x5a ./lwip/port/ethernetif.o
 *fill*         0x0000e08e        0x2 ff
 .text.enet_get_tx_buffer
                0x0000e090       0x1c ./lwip/port/ethernetif.o
 .text.enet_send_frame
                0x0000e0ac       0x52 ./lwip/port/ethernetif.o
 *fill*         0x0000e0fe        0x2 ff
 .text.low_level_output
                0x0000e100       0xac ./lwip/port/ethernetif.o
 .text.enet_get_rx_frame_size
                0x0000e1ac       0x20 ./lwip/port/ethernetif.o
 .text.enet_read_frame
                0x0000e1cc       0x24 ./lwip/port/ethernetif.o
 .text.low_level_input
                0x0000e1f0      0x130 ./lwip/port/ethernetif.o
 .text.ethernetif_input
                0x0000e320       0x4c ./lwip/port/ethernetif.o
                0x0000e320                ethernetif_input
 .text.get_enet_base
                0x0000e36c       0x68 ./lwip/port/ethernetif.o
 .text.ethernetif_init
                0x0000e3d4       0x90 ./lwip/port/ethernetif.o
 .text.ethernetif0_init
                0x0000e464       0x4c ./lwip/port/ethernetif.o
                0x0000e464                ethernetif0_init
 .text.sys_assert
                0x0000e4b0       0x20 ./lwip/port/sys_arch.o
                0x0000e4b0                sys_assert
 .text.sys_mbox_new
                0x0000e4d0       0x38 ./lwip/port/sys_arch.o
                0x0000e4d0                sys_mbox_new
 .text.sys_mbox_free
                0x0000e508       0x40 ./lwip/port/sys_arch.o
                0x0000e508                sys_mbox_free
 .text.sys_mbox_trypost
                0x0000e548       0x94 ./lwip/port/sys_arch.o
                0x0000e548                sys_mbox_trypost
 .text.sys_arch_mbox_fetch
                0x0000e5dc       0x98 ./lwip/port/sys_arch.o
                0x0000e5dc                sys_arch_mbox_fetch
 .text.sys_arch_mbox_tryfetch
                0x0000e674       0x40 ./lwip/port/sys_arch.o
                0x0000e674                sys_arch_mbox_tryfetch
 .text.sys_sem_new
                0x0000e6b4       0x62 ./lwip/port/sys_arch.o
                0x0000e6b4                sys_sem_new
 .text.sys_arch_sem_wait
                0x0000e716       0x84 ./lwip/port/sys_arch.o
                0x0000e716                sys_arch_sem_wait
 .text.sys_mutex_new
                0x0000e79a       0x30 ./lwip/port/sys_arch.o
                0x0000e79a                sys_mutex_new
 .text.sys_mutex_lock
                0x0000e7ca       0x28 ./lwip/port/sys_arch.o
                0x0000e7ca                sys_mutex_lock
 .text.sys_mutex_unlock
                0x0000e7f2       0x1e ./lwip/port/sys_arch.o
                0x0000e7f2                sys_mutex_unlock
 .text.sys_sem_signal
                0x0000e810       0x1e ./lwip/port/sys_arch.o
                0x0000e810                sys_sem_signal
 .text.sys_sem_free
                0x0000e82e       0x1a ./lwip/port/sys_arch.o
                0x0000e82e                sys_sem_free
 .text.sys_init
                0x0000e848        0xe ./lwip/port/sys_arch.o
                0x0000e848                sys_init
 .text.sys_now  0x0000e856        0xe ./lwip/port/sys_arch.o
                0x0000e856                sys_now
 .text.sys_thread_new
                0x0000e864       0x44 ./lwip/port/sys_arch.o
                0x0000e864                sys_thread_new
 .text.sys_arch_protect
                0x0000e8a8       0x42 ./lwip/port/sys_arch.o
                0x0000e8a8                sys_arch_protect
 .text.sys_arch_unprotect
                0x0000e8ea       0x2c ./lwip/port/sys_arch.o
                0x0000e8ea                sys_arch_unprotect
 *fill*         0x0000e916        0x2 ff
 .text.udpecho_init
                0x0000e918       0x80 ./lwip/contrib/apps/udpecho/udpecho.o
                0x0000e918                udpecho_init
 .text.tcp_server
                0x0000e998       0xd0 ./lwip/contrib/apps/tcpecho/tcpecho.o
 .text.tcp_client
                0x0000ea68       0x94 ./lwip/contrib/apps/tcpecho/tcpecho.o
 .text.tcpecho_init
                0x0000eafc       0x48 ./lwip/contrib/apps/tcpecho/tcpecho.o
                0x0000eafc                tcpecho_init
 .text.xEventGroupCreate
                0x0000eb44       0x2e ./freertos/source/event_groups.o
                0x0000eb44                xEventGroupCreate
 *fill*         0x0000eb72        0x2 ff
 .text.xEventGroupWaitBits
                0x0000eb74      0x190 ./freertos/source/event_groups.o
                0x0000eb74                xEventGroupWaitBits
 .text.xEventGroupSetBits
                0x0000ed04      0x112 ./freertos/source/event_groups.o
                0x0000ed04                xEventGroupSetBits
 .text.vEventGroupSetBitsCallback
                0x0000ee16       0x1a ./freertos/source/event_groups.o
                0x0000ee16                vEventGroupSetBitsCallback
 .text.prvTestWaitCondition
                0x0000ee30       0x44 ./freertos/source/event_groups.o
 .text.xEventGroupSetBitsFromISR
                0x0000ee74       0x28 ./freertos/source/event_groups.o
                0x0000ee74                xEventGroupSetBitsFromISR
 .text.vListInitialise
                0x0000ee9c       0x40 ./freertos/source/list.o
                0x0000ee9c                vListInitialise
 .text.vListInitialiseItem
                0x0000eedc       0x1a ./freertos/source/list.o
                0x0000eedc                vListInitialiseItem
 .text.vListInsertEnd
                0x0000eef6       0x48 ./freertos/source/list.o
                0x0000eef6                vListInsertEnd
 .text.vListInsert
                0x0000ef3e       0x72 ./freertos/source/list.o
                0x0000ef3e                vListInsert
 .text.uxListRemove
                0x0000efb0       0x54 ./freertos/source/list.o
                0x0000efb0                uxListRemove
 .text.xQueueGenericReset
                0x0000f004       0xd0 ./freertos/source/queue.o
                0x0000f004                xQueueGenericReset
 .text.xQueueGenericCreate
                0x0000f0d4       0x72 ./freertos/source/queue.o
                0x0000f0d4                xQueueGenericCreate
 .text.prvInitialiseNewQueue
                0x0000f146       0x46 ./freertos/source/queue.o
 .text.prvInitialiseMutex
                0x0000f18c       0x34 ./freertos/source/queue.o
 .text.xQueueCreateMutex
                0x0000f1c0       0x30 ./freertos/source/queue.o
                0x0000f1c0                xQueueCreateMutex
 .text.xQueueGenericSend
                0x0000f1f0      0x1f4 ./freertos/source/queue.o
                0x0000f1f0                xQueueGenericSend
 .text.xQueueGenericSendFromISR
                0x0000f3e4      0x128 ./freertos/source/queue.o
                0x0000f3e4                xQueueGenericSendFromISR
 .text.xQueueGenericReceive
                0x0000f50c      0x224 ./freertos/source/queue.o
                0x0000f50c                xQueueGenericReceive
 .text.uxQueueMessagesWaiting
                0x0000f730       0x3a ./freertos/source/queue.o
                0x0000f730                uxQueueMessagesWaiting
 .text.vQueueDelete
                0x0000f76a       0x3a ./freertos/source/queue.o
                0x0000f76a                vQueueDelete
 .text.prvCopyDataToQueue
                0x0000f7a4       0xd4 ./freertos/source/queue.o
 .text.prvCopyDataFromQueue
                0x0000f878       0x4c ./freertos/source/queue.o
 .text.prvUnlockQueue
                0x0000f8c4       0xa4 ./freertos/source/queue.o
 .text.prvIsQueueEmpty
                0x0000f968       0x2c ./freertos/source/queue.o
 .text.prvIsQueueFull
                0x0000f994       0x30 ./freertos/source/queue.o
 .text.xQueueIsQueueFullFromISR
                0x0000f9c4       0x46 ./freertos/source/queue.o
                0x0000f9c4                xQueueIsQueueFullFromISR
 *fill*         0x0000fa0a        0x2 ff
 .text.vQueueAddToRegistry
                0x0000fa0c       0x50 ./freertos/source/queue.o
                0x0000fa0c                vQueueAddToRegistry
 .text.vQueueUnregisterQueue
                0x0000fa5c       0x54 ./freertos/source/queue.o
                0x0000fa5c                vQueueUnregisterQueue
 .text.vQueueWaitForMessageRestricted
                0x0000fab0       0x68 ./freertos/source/queue.o
                0x0000fab0                vQueueWaitForMessageRestricted
 .text.xTaskCreate
                0x0000fb18       0x82 ./freertos/source/tasks.o
                0x0000fb18                xTaskCreate
 .text.prvInitialiseNewTask
                0x0000fb9a      0x12a ./freertos/source/tasks.o
 .text.prvAddNewTaskToReadyList
                0x0000fcc4       0xdc ./freertos/source/tasks.o
 .text.vTaskDelay
                0x0000fda0       0x68 ./freertos/source/tasks.o
                0x0000fda0                vTaskDelay
 .text.vTaskStartScheduler
                0x0000fe08       0x98 ./freertos/source/tasks.o
                0x0000fe08                vTaskStartScheduler
 .text.vTaskSuspendAll
                0x0000fea0       0x1c ./freertos/source/tasks.o
                0x0000fea0                vTaskSuspendAll
 .text.xTaskResumeAll
                0x0000febc      0x138 ./freertos/source/tasks.o
                0x0000febc                xTaskResumeAll
 .text.xTaskGetTickCount
                0x0000fff4       0x20 ./freertos/source/tasks.o
                0x0000fff4                xTaskGetTickCount
 .text.xTaskIncrementTick
                0x00010014      0x158 ./freertos/source/tasks.o
                0x00010014                xTaskIncrementTick
 .text.vTaskSwitchContext
                0x0001016c       0xb4 ./freertos/source/tasks.o
                0x0001016c                vTaskSwitchContext
 .text.vTaskPlaceOnEventList
                0x00010220       0x48 ./freertos/source/tasks.o
                0x00010220                vTaskPlaceOnEventList
 .text.vTaskPlaceOnUnorderedEventList
                0x00010268       0x74 ./freertos/source/tasks.o
                0x00010268                vTaskPlaceOnUnorderedEventList
 .text.vTaskPlaceOnEventListRestricted
                0x000102dc       0x54 ./freertos/source/tasks.o
                0x000102dc                vTaskPlaceOnEventListRestricted
 .text.xTaskRemoveFromEventList
                0x00010330       0xc4 ./freertos/source/tasks.o
                0x00010330                xTaskRemoveFromEventList
 .text.xTaskRemoveFromUnorderedEventList
                0x000103f4       0xcc ./freertos/source/tasks.o
                0x000103f4                xTaskRemoveFromUnorderedEventList
 .text.vTaskSetTimeOutState
                0x000104c0       0x48 ./freertos/source/tasks.o
                0x000104c0                vTaskSetTimeOutState
 .text.xTaskCheckForTimeOut
                0x00010508       0xbc ./freertos/source/tasks.o
                0x00010508                xTaskCheckForTimeOut
 .text.vTaskMissedYield
                0x000105c4       0x18 ./freertos/source/tasks.o
                0x000105c4                vTaskMissedYield
 .text.prvIdleTask
                0x000105dc       0x30 ./freertos/source/tasks.o
 .text.prvInitialiseTaskLists
                0x0001060c       0x80 ./freertos/source/tasks.o
 .text.prvCheckTasksWaitingTermination
                0x0001068c       0x78 ./freertos/source/tasks.o
 .text.prvDeleteTCB
                0x00010704       0x20 ./freertos/source/tasks.o
 .text.prvResetNextTaskUnblockTime
                0x00010724       0x4c ./freertos/source/tasks.o
 .text.xTaskGetSchedulerState
                0x00010770       0x3c ./freertos/source/tasks.o
                0x00010770                xTaskGetSchedulerState
 .text.vTaskPriorityInherit
                0x000107ac       0xec ./freertos/source/tasks.o
                0x000107ac                vTaskPriorityInherit
 .text.xTaskPriorityDisinherit
                0x00010898      0x108 ./freertos/source/tasks.o
                0x00010898                xTaskPriorityDisinherit
 .text.uxTaskResetEventItemValue
                0x000109a0       0x30 ./freertos/source/tasks.o
                0x000109a0                uxTaskResetEventItemValue
 .text.pvTaskIncrementMutexHeldCount
                0x000109d0       0x28 ./freertos/source/tasks.o
                0x000109d0                pvTaskIncrementMutexHeldCount
 .text.prvAddCurrentTaskToDelayedList
                0x000109f8       0xcc ./freertos/source/tasks.o
 .text.xTimerCreateTimerTask
                0x00010ac4       0x60 ./freertos/source/timers.o
                0x00010ac4                xTimerCreateTimerTask
 .text.xTimerGenericCommand
                0x00010b24       0x98 ./freertos/source/timers.o
                0x00010b24                xTimerGenericCommand
 .text.prvProcessExpiredTimer
                0x00010bbc       0x80 ./freertos/source/timers.o
 .text.prvTimerTask
                0x00010c3c       0x24 ./freertos/source/timers.o
 .text.prvProcessTimerOrBlockTask
                0x00010c60       0x9c ./freertos/source/timers.o
 .text.prvGetNextExpireTime
                0x00010cfc       0x48 ./freertos/source/timers.o
 .text.prvSampleTimeNow
                0x00010d44       0x40 ./freertos/source/timers.o
 .text.prvInsertTimerInActiveList
                0x00010d84       0x84 ./freertos/source/timers.o
 .text.prvProcessReceivedCommands
                0x00010e08      0x154 ./freertos/source/timers.o
 .text.prvSwitchTimerLists
                0x00010f5c       0xc0 ./freertos/source/timers.o
 .text.prvCheckForValidListAndQueue
                0x0001101c       0x6c ./freertos/source/timers.o
 .text.xTimerPendFunctionCallFromISR
                0x00011088       0x40 ./freertos/source/timers.o
                0x00011088                xTimerPendFunctionCallFromISR
 .text.vPortSetupTimerInterrupt
                0x000110c8       0x40 ./freertos/portable/fsl_tickless_systick.o
                0x000110c8                vPortSetupTimerInterrupt
 .text.pvPortMalloc
                0x00011108       0x22 ./freertos/portable/heap_3.o
                0x00011108                pvPortMalloc
 .text.vPortFree
                0x0001112a       0x24 ./freertos/portable/heap_3.o
                0x0001112a                vPortFree
 *fill*         0x0001114e        0x2 ff
 .text.pxPortInitialiseStack
                0x00011150       0x68 ./freertos/portable/port.o
                0x00011150                pxPortInitialiseStack
 .text.prvTaskExitError
                0x000111b8       0x3c ./freertos/portable/port.o
 *fill*         0x000111f4        0xc ff
 .text.SVC_Handler
                0x00011200       0x28 ./freertos/portable/port.o
                0x00011200                SVC_Handler
 .text.prvPortStartFirstTask
                0x00011228       0x20 ./freertos/portable/port.o
 .text.xPortStartScheduler
                0x00011248      0x118 ./freertos/portable/port.o
                0x00011248                xPortStartScheduler
 .text.vPortEnterCritical
                0x00011360       0x5c ./freertos/portable/port.o
                0x00011360                vPortEnterCritical
 .text.vPortExitCritical
                0x000113bc       0x50 ./freertos/portable/port.o
                0x000113bc                vPortExitCritical
 *fill*         0x0001140c        0x4 ff
 .text.PendSV_Handler
                0x00011410       0x68 ./freertos/portable/port.o
                0x00011410                PendSV_Handler
 .text.SysTick_Handler
                0x00011478       0x40 ./freertos/portable/port.o
                0x00011478                SysTick_Handler
 .text.vPortEnableVFP
                0x000114b8       0x14 ./freertos/portable/port.o
 .text.vPortValidateInterruptPriority
                0x000114cc       0x7c ./freertos/portable/port.o
                0x000114cc                vPortValidateInterruptPriority
 .text.CLOCK_SetEr32kClock
                0x00011548       0x30 ./drivers/fsl_clock.o
 .text.CLOCK_SetPllFllSelClock
                0x00011578       0x3c ./drivers/fsl_clock.o
 .text.OSC_SetExtRefClkConfig
                0x000115b4       0x34 ./drivers/fsl_clock.o
 .text.OSC_SetCapLoad
                0x000115e8       0x34 ./drivers/fsl_clock.o
 .text.CLOCK_GetMcgExtClkFreq
                0x0001161c       0x78 ./drivers/fsl_clock.o
 .text.CLOCK_GetFllExtRefClkFreq
                0x00011694       0xcc ./drivers/fsl_clock.o
 .text.CLOCK_GetInternalRefClkSelectFreq
                0x00011760       0x44 ./drivers/fsl_clock.o
 .text.CLOCK_GetFllRefClkFreq
                0x000117a4       0x2c ./drivers/fsl_clock.o
 .text.CLOCK_GetPll0RefFreq
                0x000117d0        0xe ./drivers/fsl_clock.o
 *fill*         0x000117de        0x2 ff
 .text.CLOCK_GetOscRangeFromFreq
                0x000117e0       0x3c ./drivers/fsl_clock.o
 .text.CLOCK_GetOsc0ErClkFreq
                0x0001181c       0x38 ./drivers/fsl_clock.o
                0x0001181c                CLOCK_GetOsc0ErClkFreq
 .text.CLOCK_GetEr32kClkFreq
                0x00011854       0x70 ./drivers/fsl_clock.o
                0x00011854                CLOCK_GetEr32kClkFreq
 .text.CLOCK_GetPllFllSelClkFreq
                0x000118c4       0x54 ./drivers/fsl_clock.o
                0x000118c4                CLOCK_GetPllFllSelClkFreq
 .text.CLOCK_GetCoreSysClkFreq
                0x00011918       0x28 ./drivers/fsl_clock.o
                0x00011918                CLOCK_GetCoreSysClkFreq
 .text.CLOCK_GetFreq
                0x00011940      0x148 ./drivers/fsl_clock.o
                0x00011940                CLOCK_GetFreq
 .text.CLOCK_SetSimConfig
                0x00011a88       0x38 ./drivers/fsl_clock.o
                0x00011a88                CLOCK_SetSimConfig
 .text.CLOCK_GetOutClkFreq
                0x00011ac0       0x64 ./drivers/fsl_clock.o
                0x00011ac0                CLOCK_GetOutClkFreq
 .text.CLOCK_GetFllFreq
                0x00011b24       0x7c ./drivers/fsl_clock.o
                0x00011b24                CLOCK_GetFllFreq
 .text.CLOCK_GetInternalRefClkFreq
                0x00011ba0       0x24 ./drivers/fsl_clock.o
                0x00011ba0                CLOCK_GetInternalRefClkFreq
 .text.CLOCK_GetFixedFreqClkFreq
                0x00011bc4       0x2e ./drivers/fsl_clock.o
                0x00011bc4                CLOCK_GetFixedFreqClkFreq
 *fill*         0x00011bf2        0x2 ff
 .text.CLOCK_GetPll0Freq
                0x00011bf4       0x68 ./drivers/fsl_clock.o
                0x00011bf4                CLOCK_GetPll0Freq
 .text.CLOCK_SetExternalRefClkConfig
                0x00011c5c       0x6c ./drivers/fsl_clock.o
                0x00011c5c                CLOCK_SetExternalRefClkConfig
 .text.CLOCK_SetInternalRefClkConfig
                0x00011cc8      0x104 ./drivers/fsl_clock.o
                0x00011cc8                CLOCK_SetInternalRefClkConfig
 .text.CLOCK_EnablePll0
                0x00011dcc       0x84 ./drivers/fsl_clock.o
                0x00011dcc                CLOCK_EnablePll0
 .text.CLOCK_InitOsc0
                0x00011e50       0x8c ./drivers/fsl_clock.o
                0x00011e50                CLOCK_InitOsc0
 .text.CLOCK_SetPbeMode
                0x00011edc       0xa8 ./drivers/fsl_clock.o
                0x00011edc                CLOCK_SetPbeMode
 .text.CLOCK_BootToPeeMode
                0x00011f84       0x64 ./drivers/fsl_clock.o
                0x00011f84                CLOCK_BootToPeeMode
 .text.__NVIC_EnableIRQ
                0x00011fe8       0x3c ./drivers/fsl_enet.o
 .text.CLOCK_EnableClock
                0x00012024       0x36 ./drivers/fsl_enet.o
 .text.EnableIRQ
                0x0001205a       0x2c ./drivers/fsl_enet.o
 .text.ENET_Reset
                0x00012086       0x20 ./drivers/fsl_enet.o
 .text.ENET_GetSMI
                0x000120a6       0x26 ./drivers/fsl_enet.o
 .text.ENET_EnableSleepMode
                0x000120cc       0x38 ./drivers/fsl_enet.o
 .text.ENET_EnableInterrupts
                0x00012104       0x22 ./drivers/fsl_enet.o
 *fill*         0x00012126        0x2 ff
 .text.ENET_GetInstance
                0x00012128       0x44 ./drivers/fsl_enet.o
                0x00012128                ENET_GetInstance
 .text.ENET_GetDefaultConfig
                0x0001216c       0x4c ./drivers/fsl_enet.o
                0x0001216c                ENET_GetDefaultConfig
 .text.ENET_Init
                0x000121b8      0x104 ./drivers/fsl_enet.o
                0x000121b8                ENET_Init
 .text.ENET_SetCallback
                0x000122bc       0x30 ./drivers/fsl_enet.o
                0x000122bc                ENET_SetCallback
 .text.ENET_SetHandler
                0x000122ec      0x128 ./drivers/fsl_enet.o
 .text.ENET_SetMacController
                0x00012414      0x290 ./drivers/fsl_enet.o
 .text.ENET_SetTxBufferDescriptors
                0x000126a4       0xd8 ./drivers/fsl_enet.o
 .text.ENET_SetRxBufferDescriptors
                0x0001277c       0xec ./drivers/fsl_enet.o
 .text.ENET_ActiveSend
                0x00012868       0x3c ./drivers/fsl_enet.o
 .text.ENET_SetMacAddr
                0x000128a4       0x5e ./drivers/fsl_enet.o
                0x000128a4                ENET_SetMacAddr
 *fill*         0x00012902        0x2 ff
 .text.ENET_SetSMI
                0x00012904       0x8c ./drivers/fsl_enet.o
                0x00012904                ENET_SetSMI
 .text.ENET_StartSMIWrite
                0x00012990       0x50 ./drivers/fsl_enet.o
                0x00012990                ENET_StartSMIWrite
 .text.ENET_StartSMIRead
                0x000129e0       0x4a ./drivers/fsl_enet.o
                0x000129e0                ENET_StartSMIRead
 *fill*         0x00012a2a        0x2 ff
 .text.ENET_GetRxFrameSize
                0x00012a2c       0xe4 ./drivers/fsl_enet.o
                0x00012a2c                ENET_GetRxFrameSize
 .text.ENET_ReadFrame
                0x00012b10      0x13c ./drivers/fsl_enet.o
                0x00012b10                ENET_ReadFrame
 .text.ENET_UpdateReadBuffers
                0x00012c4c       0xd4 ./drivers/fsl_enet.o
 .text.ENET_SendFrame
                0x00012d20      0x1b0 ./drivers/fsl_enet.o
                0x00012d20                ENET_SendFrame
 .text.ENET_TransmitIRQHandler
                0x00012ed0       0x54 ./drivers/fsl_enet.o
                0x00012ed0                ENET_TransmitIRQHandler
 .text.ENET_ReceiveIRQHandler
                0x00012f24       0x54 ./drivers/fsl_enet.o
                0x00012f24                ENET_ReceiveIRQHandler
 .text.ENET_ErrorIRQHandler
                0x00012f78       0x8c ./drivers/fsl_enet.o
                0x00012f78                ENET_ErrorIRQHandler
 .text.ENET_Transmit_IRQHandler
                0x00013004       0x28 ./drivers/fsl_enet.o
                0x00013004                ENET_Transmit_IRQHandler
 .text.ENET_Receive_IRQHandler
                0x0001302c       0x28 ./drivers/fsl_enet.o
                0x0001302c                ENET_Receive_IRQHandler
 .text.ENET_Error_IRQHandler
                0x00013054       0x28 ./drivers/fsl_enet.o
                0x00013054                ENET_Error_IRQHandler
 .text.ENET_1588_Timer_IRQHandler
                0x0001307c       0x28 ./drivers/fsl_enet.o
                0x0001307c                ENET_1588_Timer_IRQHandler
 .text.CLOCK_EnableClock
                0x000130a4       0x36 ./drivers/fsl_uart.o
 *fill*         0x000130da        0x2 ff
 .text.UART_GetInstance
                0x000130dc       0x54 ./drivers/fsl_uart.o
                0x000130dc                UART_GetInstance
 .text.UART_Init
                0x00013130      0x2d8 ./drivers/fsl_uart.o
                0x00013130                UART_Init
 .text.UART_GetDefaultConfig
                0x00013408       0x60 ./drivers/fsl_uart.o
                0x00013408                UART_GetDefaultConfig
 .text.UART_GetStatusFlags
                0x00013468       0x46 ./drivers/fsl_uart.o
                0x00013468                UART_GetStatusFlags
 .text.UART_WriteBlocking
                0x000134ae       0x3e ./drivers/fsl_uart.o
                0x000134ae                UART_WriteBlocking
 .text.UART_ReadBlocking
                0x000134ec       0x90 ./drivers/fsl_uart.o
                0x000134ec                UART_ReadBlocking
 .text.UART0_DriverIRQHandler
                0x0001357c       0x28 ./drivers/fsl_uart.o
                0x0001357c                UART0_DriverIRQHandler
 .text.UART0_RX_TX_DriverIRQHandler
                0x000135a4       0x10 ./drivers/fsl_uart.o
                0x000135a4                UART0_RX_TX_DriverIRQHandler
 .text.UART1_DriverIRQHandler
                0x000135b4       0x28 ./drivers/fsl_uart.o
                0x000135b4                UART1_DriverIRQHandler
 .text.UART1_RX_TX_DriverIRQHandler
                0x000135dc       0x10 ./drivers/fsl_uart.o
                0x000135dc                UART1_RX_TX_DriverIRQHandler
 .text.UART2_DriverIRQHandler
                0x000135ec       0x28 ./drivers/fsl_uart.o
                0x000135ec                UART2_DriverIRQHandler
 .text.UART2_RX_TX_DriverIRQHandler
                0x00013614       0x10 ./drivers/fsl_uart.o
                0x00013614                UART2_RX_TX_DriverIRQHandler
 .text.UART3_DriverIRQHandler
                0x00013624       0x28 ./drivers/fsl_uart.o
                0x00013624                UART3_DriverIRQHandler
 .text.UART3_RX_TX_DriverIRQHandler
                0x0001364c       0x10 ./drivers/fsl_uart.o
                0x0001364c                UART3_RX_TX_DriverIRQHandler
 .text.UART4_DriverIRQHandler
                0x0001365c       0x28 ./drivers/fsl_uart.o
                0x0001365c                UART4_DriverIRQHandler
 .text.UART4_RX_TX_DriverIRQHandler
                0x00013684       0x10 ./drivers/fsl_uart.o
                0x00013684                UART4_RX_TX_DriverIRQHandler
 .text.UART5_DriverIRQHandler
                0x00013694       0x28 ./drivers/fsl_uart.o
                0x00013694                UART5_DriverIRQHandler
 .text.UART5_RX_TX_DriverIRQHandler
                0x000136bc       0x10 ./drivers/fsl_uart.o
                0x000136bc                UART5_RX_TX_DriverIRQHandler
 .text.BOARD_InitDebugConsole
                0x000136cc       0x28 ./board/board.o
                0x000136cc                BOARD_InitDebugConsole
 .text.CLOCK_SetSimSafeDivs
                0x000136f4       0x20 ./board/clock_config.o
 .text.CLOCK_SetXtal0Freq
                0x00013714       0x20 ./board/clock_config.o
 .text.CLOCK_CONFIG_SetFllExtRefDiv
                0x00013734       0x3c ./board/clock_config.o
 .text.BOARD_BootClockRUN
                0x00013770       0x60 ./board/clock_config.o
                0x00013770                BOARD_BootClockRUN
 .text.CLOCK_EnableClock
                0x000137d0       0x36 ./board/fsl_phy.o
 .text.ENET_ReadSMIData
                0x00013806       0x1a ./board/fsl_phy.o
 .text.ENET_GetInterruptStatus
                0x00013820       0x18 ./board/fsl_phy.o
 .text.ENET_ClearInterruptStatus
                0x00013838       0x1c ./board/fsl_phy.o
 .text.PHY_Init
                0x00013854      0x12c ./board/fsl_phy.o
                0x00013854                PHY_Init
 .text.PHY_Write
                0x00013980       0x70 ./board/fsl_phy.o
                0x00013980                PHY_Write
 .text.PHY_Read
                0x000139f0       0x88 ./board/fsl_phy.o
                0x000139f0                PHY_Read
 .text.PHY_GetLinkStatus
                0x00013a78       0x58 ./board/fsl_phy.o
                0x00013a78                PHY_GetLinkStatus
 .text.PHY_GetLinkSpeedDuplex
                0x00013ad0       0x88 ./board/fsl_phy.o
                0x00013ad0                PHY_GetLinkSpeedDuplex
 .text.BOARD_InitBootPeripherals
                0x00013b58        0xe ./board/peripherals.o
                0x00013b58                BOARD_InitBootPeripherals
 .text.CLOCK_EnableClock
                0x00013b66       0x36 ./board/pin_mux.o
 .text.PORT_SetPinConfig
                0x00013b9c       0x38 ./board/pin_mux.o
 .text.PORT_SetPinMux
                0x00013bd4       0x3a ./board/pin_mux.o
 *fill*         0x00013c0e        0x2 ff
 .text.BOARD_InitPins
                0x00013c10      0x100 ./board/pin_mux.o
                0x00013c10                BOARD_InitPins
 .text.SystemInit
                0x00013d10       0x40 ./CMSIS/system_MK64F12.o
                0x00013d10                SystemInit
 .text.__main   0x00013d50        0xe c:/nxp/mcuxpressoide_10.1.1_606/ide/tools/bin/../lib/gcc/arm-none-eabi/6.3.1/../../../../arm-none-eabi/lib/thumb/v7e-m/fpv4-sp/hard\libcr_nohost_nf.a(_cr__main.o)
                0x00013d50                __main
 *fill*         0x00013d5e        0x2 ff
 .text.__assertion_failed
                0x00013d60       0x4c c:/nxp/mcuxpressoide_10.1.1_606/ide/tools/bin/../lib/gcc/arm-none-eabi/6.3.1/../../../../arm-none-eabi/lib/thumb/v7e-m/fpv4-sp/hard\libcr_nohost_nf.a(_cr_assert.o)
                0x00013d60                __assertion_failed
 .text.__sys_appexit
                0x00013dac        0x2 c:/nxp/mcuxpressoide_10.1.1_606/ide/tools/bin/../lib/gcc/arm-none-eabi/6.3.1/../../../../arm-none-eabi/lib/thumb/v7e-m/fpv4-sp/hard\libcr_nohost_nf.a(__sys_appexit.o)
                0x00013dac                __sys_appexit
                0x00013dac                __exit
 .text.memcpy   0x00013dae        0x4 c:/nxp/mcuxpressoide_10.1.1_606/ide/tools/bin/../lib/gcc/arm-none-eabi/6.3.1/../../../../arm-none-eabi/lib/thumb/v7e-m/fpv4-sp/hard\libcr_c.a(memcpy.o)
                0x00013dae                memcpy
 .text.memset   0x00013db2        0x4 c:/nxp/mcuxpressoide_10.1.1_606/ide/tools/bin/../lib/gcc/arm-none-eabi/6.3.1/../../../../arm-none-eabi/lib/thumb/v7e-m/fpv4-sp/hard\libcr_c.a(memset.o)
                0x00013db2                memset
 .text._deferredlazyseek
                0x00013db6       0x40 c:/nxp/mcuxpressoide_10.1.1_606/ide/tools/bin/../lib/gcc/arm-none-eabi/6.3.1/../../../../arm-none-eabi/lib/thumb/v7e-m/fpv4-sp/hard\libcr_c.a(_deferredlazyseek.o)
                0x00013db6                _deferredlazyseek
 .text.__flsbuf
                0x00013df6      0x148 c:/nxp/mcuxpressoide_10.1.1_606/ide/tools/bin/../lib/gcc/arm-none-eabi/6.3.1/../../../../arm-none-eabi/lib/thumb/v7e-m/fpv4-sp/hard\libcr_c.a(_deferredlazyseek.o)
                0x00013df6                __flsbuf
 .text._fflush  0x00013f3e       0x54 c:/nxp/mcuxpressoide_10.1.1_606/ide/tools/bin/../lib/gcc/arm-none-eabi/6.3.1/../../../../arm-none-eabi/lib/thumb/v7e-m/fpv4-sp/hard\libcr_c.a(_fflush.o)
                0x00013f3e                _fflush
 *fill*         0x00013f92        0x2 ff
 .text._Cwritebuf
                0x00013f94       0x6c c:/nxp/mcuxpressoide_10.1.1_606/ide/tools/bin/../lib/gcc/arm-none-eabi/6.3.1/../../../../arm-none-eabi/lib/thumb/v7e-m/fpv4-sp/hard\libcr_c.a(_writebuf.o)
                0x00013f94                _Cwritebuf
 .text.malloc   0x00014000       0xc4 c:/nxp/mcuxpressoide_10.1.1_606/ide/tools/bin/../lib/gcc/arm-none-eabi/6.3.1/../../../../arm-none-eabi/lib/thumb/v7e-m/fpv4-sp/hard\libcr_c.a(alloc.o)
                0x00014000                malloc
 .text.free     0x000140c4       0x30 c:/nxp/mcuxpressoide_10.1.1_606/ide/tools/bin/../lib/gcc/arm-none-eabi/6.3.1/../../../../arm-none-eabi/lib/thumb/v7e-m/fpv4-sp/hard\libcr_c.a(alloc.o)
                0x000140c4                free
 .text._Csys_alloc
                0x000140f4       0x20 c:/nxp/mcuxpressoide_10.1.1_606/ide/tools/bin/../lib/gcc/arm-none-eabi/6.3.1/../../../../arm-none-eabi/lib/thumb/v7e-m/fpv4-sp/hard\libcr_c.a(alloc.o)
                0x000140f4                _Csys_alloc
 .text.fputs    0x00014114       0x2c c:/nxp/mcuxpressoide_10.1.1_606/ide/tools/bin/../lib/gcc/arm-none-eabi/6.3.1/../../../../arm-none-eabi/lib/thumb/v7e-m/fpv4-sp/hard\libcr_c.a(fputs.o)
                0x00014114                fputs
 .text.fseek    0x00014140      0x100 c:/nxp/mcuxpressoide_10.1.1_606/ide/tools/bin/../lib/gcc/arm-none-eabi/6.3.1/../../../../arm-none-eabi/lib/thumb/v7e-m/fpv4-sp/hard\libcr_c.a(fseek.o)
                0x00014140                fseek
 .text.ftell    0x00014240       0x48 c:/nxp/mcuxpressoide_10.1.1_606/ide/tools/bin/../lib/gcc/arm-none-eabi/6.3.1/../../../../arm-none-eabi/lib/thumb/v7e-m/fpv4-sp/hard\libcr_c.a(ftell.o)
                0x00014240                ftell
 .text._initio  0x00014288       0x78 c:/nxp/mcuxpressoide_10.1.1_606/ide/tools/bin/../lib/gcc/arm-none-eabi/6.3.1/../../../../arm-none-eabi/lib/thumb/v7e-m/fpv4-sp/hard\libcr_c.a(initio.o)
                0x00014288                _initio
 .text.memcmp   0x00014300       0x44 c:/nxp/mcuxpressoide_10.1.1_606/ide/tools/bin/../lib/gcc/arm-none-eabi/6.3.1/../../../../arm-none-eabi/lib/thumb/v7e-m/fpv4-sp/hard\libcr_c.a(memcmp.o)
                0x00014300                memcmp
 .text.setvbuf  0x00014344       0x40 c:/nxp/mcuxpressoide_10.1.1_606/ide/tools/bin/../lib/gcc/arm-none-eabi/6.3.1/../../../../arm-none-eabi/lib/thumb/v7e-m/fpv4-sp/hard\libcr_c.a(setvbuf.o)
                0x00014344                setvbuf
 .text.strlen   0x00014384       0x4a c:/nxp/mcuxpressoide_10.1.1_606/ide/tools/bin/../lib/gcc/arm-none-eabi/6.3.1/../../../../arm-none-eabi/lib/thumb/v7e-m/fpv4-sp/hard\libcr_c.a(strlen.o)
                0x00014384                strlen
 *fill*         0x000143ce        0x2 ff
 .text._sbrk    0x000143d0       0x3c c:/nxp/mcuxpressoide_10.1.1_606/ide/tools/bin/../lib/gcc/arm-none-eabi/6.3.1/../../../../arm-none-eabi/lib/thumb/v7e-m/fpv4-sp/hard\libcr_c.a(_cr_sbrk.o)
                0x000143d0                _sbrk
 .text._fdopen  0x0001440c       0x68 c:/nxp/mcuxpressoide_10.1.1_606/ide/tools/bin/../lib/gcc/arm-none-eabi/6.3.1/../../../../arm-none-eabi/lib/thumb/v7e-m/fpv4-sp/hard\libcr_c.a(_fdopen.o)
                0x0001440c                _fdopen
 .text.fclose   0x00014474       0x58 c:/nxp/mcuxpressoide_10.1.1_606/ide/tools/bin/../lib/gcc/arm-none-eabi/6.3.1/../../../../arm-none-eabi/lib/thumb/v7e-m/fpv4-sp/hard\libcr_c.a(fclose.o)
                0x00014474                fclose
 .text.fflush   0x000144cc       0x44 c:/nxp/mcuxpressoide_10.1.1_606/ide/tools/bin/../lib/gcc/arm-none-eabi/6.3.1/../../../../arm-none-eabi/lib/thumb/v7e-m/fpv4-sp/hard\libcr_c.a(fflush.o)
                0x000144cc                fflush
 .text.remove   0x00014510       0x14 c:/nxp/mcuxpressoide_10.1.1_606/ide/tools/bin/../lib/gcc/arm-none-eabi/6.3.1/../../../../arm-none-eabi/lib/thumb/v7e-m/fpv4-sp/hard\libcr_c.a(remove.o)
                0x00014510                remove
 .text.__check_heap_overflow
                0x00014524       0x18 c:/nxp/mcuxpressoide_10.1.1_606/ide/tools/bin/../lib/gcc/arm-none-eabi/6.3.1/../../../../arm-none-eabi/lib/thumb/v7e-m/fpv4-sp/hard\libcr_c.a(_cr_check_heap.o)
                0x00014524                __check_heap_overflow
 .text._do_fflush
                0x0001453c       0x40 c:/nxp/mcuxpressoide_10.1.1_606/ide/tools/bin/../lib/gcc/arm-none-eabi/6.3.1/../../../../arm-none-eabi/lib/thumb/v7e-m/fpv4-sp/hard\libcr_c.a(_do_fflush.o)
                0x0001453c                _do_fflush
 .text.__aeabi_division_ldivmod
                0x0001457c       0x26 c:/nxp/mcuxpressoide_10.1.1_606/ide/tools/bin/../lib/gcc/arm-none-eabi/6.3.1/thumb/v7e-m/fpv4-sp/hard\libcr_eabihelpers.a(division_64.o)
                0x0001457c                __aeabi_ldivmod
 .text.__aeabi_division_uldivmod
                0x000145a2      0x174 c:/nxp/mcuxpressoide_10.1.1_606/ide/tools/bin/../lib/gcc/arm-none-eabi/6.3.1/thumb/v7e-m/fpv4-sp/hard\libcr_eabihelpers.a(division_64.o)
                0x000145a2                __aeabi_uldivmod
                0x000145a6                __bhs_ldivmod1
 .text.__aeabi_division_idiv0
                0x00014716        0x2 c:/nxp/mcuxpressoide_10.1.1_606/ide/tools/bin/../lib/gcc/arm-none-eabi/6.3.1/thumb/v7e-m/fpv4-sp/hard\libcr_eabihelpers.a(division_idiv0.o)
                0x00014716                __aeabi_idiv0
 .text.__aeabi_memcpy
                0x00014718       0x34 c:/nxp/mcuxpressoide_10.1.1_606/ide/tools/bin/../lib/gcc/arm-none-eabi/6.3.1/thumb/v7e-m/fpv4-sp/hard\libcr_eabihelpers.a(memcpy.o)
                0x00014718                __aeabi_memcpy
                0x00014722                __aeabi_memcpy8
                0x00014722                __aeabi_memcpy4
 .text.__aeabi_memset_lowlevel
                0x0001474c       0x32 c:/nxp/mcuxpressoide_10.1.1_606/ide/tools/bin/../lib/gcc/arm-none-eabi/6.3.1/thumb/v7e-m/fpv4-sp/hard\libcr_eabihelpers.a(memcpy.o)
                0x0001474c                __aeabi_lowlevel_memset
 .text.__sys_close
                0x0001477e        0x6 c:/nxp/mcuxpressoide_10.1.1_606/ide/tools/bin/../lib/gcc/arm-none-eabi/6.3.1/../../../../arm-none-eabi/lib/thumb/v7e-m/fpv4-sp/hard\libcr_nohost_nf.a(__sys_close.o)
                0x0001477e                __sys_close
 .text.__sys_flen
                0x00014784        0x6 c:/nxp/mcuxpressoide_10.1.1_606/ide/tools/bin/../lib/gcc/arm-none-eabi/6.3.1/../../../../arm-none-eabi/lib/thumb/v7e-m/fpv4-sp/hard\libcr_nohost_nf.a(__sys_flen.o)
                0x00014784                __sys_flen
 .text.__sys_istty
                0x0001478a        0x6 c:/nxp/mcuxpressoide_10.1.1_606/ide/tools/bin/../lib/gcc/arm-none-eabi/6.3.1/../../../../arm-none-eabi/lib/thumb/v7e-m/fpv4-sp/hard\libcr_nohost_nf.a(__sys_istty.o)
                0x0001478a                __sys_istty
 .text.__sys_remove
                0x00014790        0x6 c:/nxp/mcuxpressoide_10.1.1_606/ide/tools/bin/../lib/gcc/arm-none-eabi/6.3.1/../../../../arm-none-eabi/lib/thumb/v7e-m/fpv4-sp/hard\libcr_nohost_nf.a(__sys_remove.o)
                0x00014790                __sys_remove
 .text.__sys_seek